Component: ARM Compiler 5.06 update 7 (build 960) Tool: armlink [4d3601]

==============================================================================

Section Cross References

    stm32f10x_it.o(i.EXTI15_10_IRQHandler) refers to stm32f10x_exti.o(i.EXTI_ClearITPendingBit) for EXTI_ClearITPendingBit
    stm32f10x_it.o(i.EXTI15_10_IRQHandler) refers to stm32f10x_it.o(.data) for button_int_flag
    stm32f10x_it.o(i.EXTI2_IRQHandler) refers to stm32f10x_exti.o(i.EXTI_ClearITPendingBit) for EXTI_ClearITPendingBit
    stm32f10x_it.o(i.EXTI2_IRQHandler) refers to stm32f10x_it.o(.data) for button_int_flag
    stm32f10x_it.o(i.SysTick_Handler) refers to timer.o(i.timer_isr) for timer_isr
    stm32f10x_it.o(i.USART1_IRQHandler) refers to stm32f10x_usart.o(i.USART_GetITStatus) for USART_GetITStatus
    stm32f10x_it.o(i.USART1_IRQHandler) refers to stm32f10x_usart.o(i.USART_ReceiveData) for USART_ReceiveData
    stm32f10x_it.o(i.USART1_IRQHandler) refers to stm32f10x_usart.o(i.USART_ITConfig) for USART_ITConfig
    stm32f10x_it.o(i.USART1_IRQHandler) refers to stm32f10x_it.o(.data) for check_rcv_flag
    stm32f10x_it.o(i.USART1_IRQHandler) refers to stm32f10x_it.o(.bss) for rcv_buffer
    stm32f10x_it.o(i.USART2_IRQHandler) refers to stm32f10x_usart.o(i.USART_GetITStatus) for USART_GetITStatus
    stm32f10x_it.o(i.USART2_IRQHandler) refers to stm32f10x_usart.o(i.USART_ReceiveData) for USART_ReceiveData
    stm32f10x_it.o(i.USART2_IRQHandler) refers to stm32f10x_usart.o(i.USART_ITConfig) for USART_ITConfig
    stm32f10x_it.o(i.USART2_IRQHandler) refers to stm32f10x_it.o(.data) for check_rcv_flag2
    stm32f10x_it.o(i.USART2_IRQHandler) refers to stm32f10x_it.o(.bss) for rcv_buffer2
    main.o(i.bluetooth_machine) refers to eerom.o(i.isEEROMHaveData) for isEEROMHaveData
    main.o(i.bluetooth_machine) refers to bluetooth.o(i.Bluetooth_SendString) for Bluetooth_SendString
    main.o(i.bluetooth_machine) refers to bluetooth.o(i.Bluetooth_SendNum) for Bluetooth_SendNum
    main.o(i.bluetooth_machine) refers to main.o(i.id_parse) for id_parse
    main.o(i.bluetooth_machine) refers to main.o(.data) for pkg_id
    main.o(i.bluetooth_machine) refers to stm32f10x_it.o(.data) for check_rcv_flag2
    main.o(i.bluetooth_machine) refers to stm32f10x_it.o(.bss) for rcv_buffer2
    main.o(i.change_state) refers to ssd1306.o(i.oledClearScreen) for oledClearScreen
    main.o(i.change_state) refers to main.o(.data) for state
    main.o(i.init_system) refers to timer.o(i.init_timer) for init_timer
    main.o(i.init_system) refers to timer.o(i.SetTimer_ms) for SetTimer_ms
    main.o(i.init_system) refers to i2c_std.o(i.init_i2c1) for init_i2c1
    main.o(i.init_system) refers to i2c_std.o(i.init_i2c2) for init_i2c2
    main.o(i.init_system) refers to ssd1306.o(i.init_oled) for init_oled
    main.o(i.init_system) refers to button.o(i.init_button) for init_button
    main.o(i.init_system) refers to led.o(i.init_led) for init_led
    main.o(i.init_system) refers to buzzer.o(i.init_buzzer) for init_buzzer
    main.o(i.init_system) refers to adc.o(i.init_adc) for init_adc
    main.o(i.init_system) refers to ssd1306.o(i.oledClearScreen) for oledClearScreen
    main.o(i.init_system) refers to button_int.o(i.init_button_int) for init_button_int
    main.o(i.init_system) refers to bluetooth.o(i.Bluetooth_Init) for Bluetooth_Init
    main.o(i.init_system) refers to uart.o(i.USART2_Init) for USART2_Init
    main.o(i.init_system) refers to uart.o(i.USART1_Init) for USART1_Init
    main.o(i.init_system) refers to max30102.o(i.max30102Setup) for max30102Setup
    main.o(i.init_system) refers to max30102.o(i.max30102WakeUp) for max30102WakeUp
    main.o(i.init_system) refers to stm32f10x_gpio.o(i.GPIO_WriteBit) for GPIO_WriteBit
    main.o(i.isValidData) refers to lludivv7m.o(.text) for __aeabi_uldivmod
    main.o(i.isValidData) refers to main.o(.data) for redArr
    main.o(i.main) refers to stm32f10x_rcc.o(i.RCC_APB2PeriphClockCmd) for RCC_APB2PeriphClockCmd
    main.o(i.main) refers to stm32f10x_gpio.o(i.GPIO_PinRemapConfig) for GPIO_PinRemapConfig
    main.o(i.main) refers to main.o(i.init_system) for init_system
    main.o(i.main) refers to button.o(i.scan_button) for scan_button
    main.o(i.main) refers to buzzer.o(i.buzzerOff) for buzzerOff
    main.o(i.main) refers to main.o(i.main_thread) for main_thread
    main.o(i.main) refers to timer.o(.data) for flag_timer
    main.o(i.main) refers to main.o(.data) for cnt
    main.o(i.main) refers to button.o(.data) for key_code
    main.o(i.main_thread) refers to main.o(i.get_pin_level) for get_pin_level
    main.o(i.main_thread) refers to bluetooth.o(i.is_BLE_Connected) for is_BLE_Connected
    main.o(i.main_thread) refers to display_screen.o(i.device_status) for device_status
    main.o(i.main_thread) refers to buzzer.o(i.buzzerOn) for buzzerOn
    main.o(i.main_thread) refers to ssd1306.o(i.oledPrintString) for oledPrintString
[...]
    .ARM.Collect$$libinit$$0000001B          0x080001ac   Section        0  libinit2.o(.ARM.Collect$$libinit$$0000001B)
    .ARM.Collect$$libinit$$0000001D          0x080001ac   Section        0  libinit2.o(.ARM.Collect$$libinit$$0000001D)
    .ARM.Collect$$libinit$$0000001F          0x080001ac   Section        0  libinit2.o(.ARM.Collect$$libinit$$0000001F)
    .ARM.Collect$$libinit$$00000021          0x080001ac   Section        0  libinit2.o(.ARM.Collect$$libinit$$00000021)
    .ARM.Collect$$libinit$$00000023          0x080001ac   Section        0  libinit2.o(.ARM.Collect$$libinit$$00000023)
    .ARM.Collect$$libinit$$00000025          0x080001ac   Section        0  libinit2.o(.ARM.Collect$$libinit$$00000025)
    .ARM.Collect$$libinit$$0000002C          0x080001ac   Section        0  libinit2.o(.ARM.Collect$$libinit$$0000002C)
    .ARM.Collect$$libinit$$0000002E          0x080001ac   Section        0  libinit2.o(.ARM.Collect$$libinit$$0000002E)
    .ARM.Collect$$libinit$$00000030          0x080001ac   Section        0  libinit2.o(.ARM.Collect$$libinit$$00000030)
    .ARM.Collect$$libinit$$00000032          0x080001ac   Section        0  libinit2.o(.ARM.Collect$$libinit$$00000032)
    .ARM.Collect$$libinit$$00000033          0x080001ac   Section        2  libinit2.o(.ARM.Collect$$libinit$$00000033)
    .ARM.Collect$$libshutdown$$00000000      0x080001ae   Section        2  libshutdown.o(.ARM.Collect$$libshutdown$$00000000)
    .ARM.Collect$$libshutdown$$00000002      0x080001b0   Section        0  libshutdown2.o(.ARM.Collect$$libshutdown$$00000002)
    .ARM.Collect$$libshutdown$$00000004      0x080001b0   Section        0  libshutdown2.o(.ARM.Collect$$libshutdown$$00000004)
    .ARM.Collect$$libshutdown$$00000006      0x080001b0   Section        0  libshutdown2.o(.ARM.Collect$$libshutdown$$00000006)
    .ARM.Collect$$libshutdown$$00000009      0x080001b0   Section        0  libshutdown2.o(.ARM.Collect$$libshutdown$$00000009)
    .ARM.Collect$$libshutdown$$0000000C      0x080001b0   Section        0  libshutdown2.o(.ARM.Collect$$libshutdown$$0000000C)
    .ARM.Collect$$libshutdown$$0000000E      0x080001b0   Section        0  libshutdown2.o(.ARM.Collect$$libshutdown$$0000000E)
    .ARM.Collect$$libshutdown$$00000011      0x080001b0   Section        0  libshutdown2.o(.ARM.Collect$$libshutdown$$00000011)
    .ARM.Collect$$libshutdown$$00000012      0x080001b0   Section        2  libshutdown2.o(.ARM.Collect$$libshutdown$$00000012)
    .ARM.Collect$$rtentry$$00000000          0x080001b2   Section        0  __rtentry.o(.ARM.Collect$$rtentry$$00000000)
    .ARM.Collect$$rtentry$$00000002          0x080001b2   Section        0  __rtentry2.o(.ARM.Collect$$rtentry$$00000002)
    .ARM.Collect$$rtentry$$00000004          0x080001b2   Section        6  __rtentry4.o(.ARM.Collect$$rtentry$$00000004)
    .ARM.Collect$$rtentry$$00000009          0x080001b8   Section        0  __rtentry2.o(.ARM.Collect$$rtentry$$00000009)
    .ARM.Collect$$rtentry$$0000000A          0x080001b8   Section        4  __rtentry2.o(.ARM.Collect$$rtentry$$0000000A)
    .ARM.Collect$$rtentry$$0000000C          0x080001bc   Section        0  __rtentry2.o(.ARM.Collect$$rtentry$$0000000C)
    .ARM.Collect$$rtentry$$0000000D          0x080001bc   Section        8  __rtentry2.o(.ARM.Collect$$rtentry$$0000000D)
    .ARM.Collect$$rtexit$$00000000           0x080001c4   Section        2  rtexit.o(.ARM.Collect$$rtexit$$00000000)
    .ARM.Collect$$rtexit$$00000002           0x080001c6   Section        0  rtexit2.o(.ARM.Collect$$rtexit$$00000002)
    .ARM.Collect$$rtexit$$00000003           0x080001c6   Section        4  rtexit2.o(.ARM.Collect$$rtexit$$00000003)
    .ARM.Collect$$rtexit$$00000004           0x080001ca   Section        6  rtexit2.o(.ARM.Collect$$rtexit$$00000004)
    .text                                    0x080001d0   Section       64  startup_stm32f10x_md.o(.text)
    .text                                    0x08000210   Section      238  lludivv7m.o(.text)
    .text                                    0x08000300   Section        0  noretval__2sprintf.o(.text)
    .text                                    0x08000328   Section        0  _printf_dec.o(.text)
    .text                                    0x080003a0   Section        0  __printf_ss.o(.text)
    .text                                    0x08000458   Section      100  rt_memcpy_w.o(.text)
    .text                                    0x080004bc   Section        0  heapauxi.o(.text)
    .text                                    0x080004c2   Section        0  _printf_intcommon.o(.text)
    .text                                    0x08000574   Section        0  _printf_char_common.o(.text)
    _printf_input_char                       0x08000575   Thumb Code    10  _printf_char_common.o(.text)
    .text                                    0x080005a4   Section        0  _sputc.o(.text)
    .text                                    0x080005ae   Section       74  sys_stackheap_outer.o(.text)
    .text                                    0x080005f8   Section        0  exit.o(.text)
    .text                                    0x0800060c   Section        8  libspace.o(.text)
    .text                                    0x08000614   Section        0  sys_exit.o(.text)
    .text                                    0x08000620   Section        2  use_no_semi.o(.text)
    .text                                    0x08000622   Section        0  indicate_semi.o(.text)
    i.ADC_Cmd                                0x08000622   Section        0  stm32f10x_adc.o(i.ADC_Cmd)
    i.ADC_DMACmd                             0x08000638   Section        0  stm32f10x_adc.o(i.ADC_DMACmd)
    i.ADC_GetCalibrationStatus               0x0800064e   Section        0  stm32f10x_adc.o(i.ADC_GetCalibrationStatus)
    i.ADC_GetResetCalibrationStatus          0x08000662   Section        0  stm32f10x_adc.o(i.ADC_GetResetCalibrationStatus)
    i.ADC_Init                               0x08000678   Section        0  stm32f10x_adc.o(i.ADC_Init)
    i.ADC_RegularChannelConfig               0x080006c8   Section        0  stm32f10x_adc.o(i.ADC_RegularChannelConfig)
    i.ADC_ResetCalibration                   0x08000780   Section        0  stm32f10x_adc.o(i.ADC_ResetCalibration)
    i.ADC_SoftwareStartConvCmd               0x0800078a   Section        0  stm32f10x_adc.o(i.ADC_SoftwareStartConvCmd)
    i.ADC_StartCalibration                   0x080007a0   Section        0  stm32f10x_adc.o(i.ADC_StartCalibration)
    i.Bluetooth_Init                         0x080007aa   Section        0  bluetooth.o(i.Bluetooth_Init)
    i.DMA_Cmd                                0x080007ba   Section        0  stm32f10x_dma.o(i.DMA_Cmd)
    i.DMA_DeInit                             0x080007d4   Section        0  stm32f10x_dma.o(i.DMA_DeInit)
    i.DMA_Init                               0x08000920   Section        0  stm32f10x_dma.o(i.DMA_Init)
    i.EXTI15_10_IRQHandler                   0x0800095c   Section        0  stm32f10x_it.o(i.EXTI15_10_IRQHandler)
    i.EXTI2_IRQHandler                       0x08000970   Section        0  stm32f10x_it.o(i.EXTI2_IRQHandler)
    i.EXTI_ClearITPendingBit                 0x08000984   Section        0  stm32f10x_exti.o(i.EXTI_ClearITPendingBit)
    i.EXTI_Init                              0x08000990   Section        0  stm32f10x_exti.o(i.EXTI_Init)
    i.GPIO_Bluetooth_Init                    0x08000a24   Section        0  bluetooth.o(i.GPIO_Bluetooth_Init)
    i.GPIO_EXTILineConfig                    0x08000a90   Section        0  stm32f10x_gpio.o(i.GPIO_EXTILineConfig)
    i.GPIO_Init                              0x08000ad0   Section        0  stm32f10x_gpio.o(i.GPIO_Init)
    i.GPIO_PinRemapConfig                    0x08000be8   Section        0  stm32f10x_gpio.o(i.GPIO_PinRemapConfig)
    i.GPIO_ReadInputDataBit                  0x08000c78   Section        0  stm32f10x_gpio.o(i.GPIO_ReadInputDataBit)
    i.GPIO_ResetBits                         0x08000c8a   Section        0  stm32f10x_gpio.o(i.GPIO_ResetBits)
    i.GPIO_SetBits                           0x08000c8e   Section        0  stm32f10x_gpio.o(i.GPIO_SetBits)
    i.GPIO_WriteBit                          0x08000c92   Section        0  stm32f10x_gpio.o(i.GPIO_WriteBit)
    i.NVIC_Init                              0x08000c9c   Section        0  misc.o(i.NVIC_Init)
    i.NVIC_PriorityGroupConfig               0x08000d0c   Section        0  misc.o(i.NVIC_PriorityGroupConfig)
    i.RCC_ADCCLKConfig                       0x08000d20   Section        0  stm32f10x_rcc.o(i.RCC_ADCCLKConfig)
    i.RCC_AHBPeriphClockCmd                  0x08000d38   Section        0  stm32f10x_rcc.o(i.RCC_AHBPeriphClockCmd)
    i.RCC_APB1PeriphClockCmd                 0x08000d58   Section        0  stm32f10x_rcc.o(i.RCC_APB1PeriphClockCmd)
    i.RCC_APB2PeriphClockCmd                 0x08000d78   Section        0  stm32f10x_rcc.o(i.RCC_APB2PeriphClockCmd)
    i.RCC_GetClocksFreq                      0x08000d98   Section        0  stm32f10x_rcc.o(i.RCC_GetClocksFreq)
    i.SetSysClock                            0x08000e6c   Section        0  system_stm32f10x.o(i.SetSysClock)
    SetSysClock                              0x08000e6d   Thumb Code     8  system_stm32f10x.o(i.SetSysClock)
    i.SetSysClockTo72                        0x08000e74   Section        0  system_stm32f10x.o(i.SetSysClockTo72)
    SetSysClockTo72                          0x08000e75   Thumb Code   214  system_stm32f10x.o(i.SetSysClockTo72)
    i.SetTimer_ms                            0x08000f54   Section        0  timer.o(i.SetTimer_ms)
    i.SysTick_Handler                        0x08000f70   Section        0  stm32f10x_it.o(i.SysTick_Handler)
    i.SystemInit                             0x08000f78   Section        0  system_stm32f10x.o(i.SystemInit)
    i.USART1_IRQHandler                      0x08000fd8   Section        0  stm32f10x_it.o(i.USART1_IRQHandler)
    i.USART1_Init                            0x08001020   Section        0  uart.o(i.USART1_Init)
    i.USART1_SendChar                        0x080010d0   Section        0  uart.o(i.USART1_SendChar)
    i.USART1_SendNum                         0x080010f0   Section        0  uart.o(i.USART1_SendNum)
    i.USART1_SendString                      0x08001160   Section        0  uart.o(i.USART1_SendString)
    i.USART2_IRQHandler                      0x08001178   Section        0  stm32f10x_it.o(i.USART2_IRQHandler)
    i.USART2_Init                            0x080011c4   Section        0  uart.o(i.USART2_Init)
    i.USART2_SendChar                        0x08001274   Section        0  uart.o(i.USART2_SendChar)
    i.USART2_SendNum                         0x08001294   Section        0  uart.o(i.USART2_SendNum)
    i.USART2_SendString                      0x08001304   Section        0  uart.o(i.USART2_SendString)
    i.USART_Cmd                              0x0800131a   Section        0  stm32f10x_usart.o(i.USART_Cmd)
    i.USART_GetFlagStatus                    0x08001332   Section        0  stm32f10x_usart.o(i.USART_GetFlagStatus)
    i.USART_GetITStatus                      0x0800134c   Section        0  stm32f10x_usart.o(i.USART_GetITStatus)
    i.USART_ITConfig                         0x080013a0   Section        0  stm32f10x_usart.o(i.USART_ITConfig)
    i.USART_Init                             0x080013ec   Section        0  stm32f10x_usart.o(i.USART_Init)
    i.USART_ReceiveData                      0x080014c4   Section        0  stm32f10x_usart.o(i.USART_ReceiveData)
    i.USART_SendData                         0x080014ce   Section        0  stm32f10x_usart.o(i.USART_SendData)
    i.bGetChar                               0x080014d8   Section        0  font.o(i.bGetChar)
    i.bluetoothIcon                          0x0800152c   Section        0  font.o(i.bluetoothIcon)
    i.bluetoothIconDelete                    0x08001534   Section        0  font.o(i.bluetoothIconDelete)
    i.buzzerOff                              0x0800153c   Section        0  buzzer.o(i.buzzerOff)
    i.buzzerOn                               0x08001550   Section        0  buzzer.o(i.buzzerOn)
    i.change_state                           0x08001564   Section        0  main.o(i.change_state)
    i.combine_sample                         0x0800159c   Section        0  max30102.o(i.combine_sample)
    i.copyArr                                0x080015c8   Section        0  font.o(i.copyArr)
    i.decode_arr                             0x080015de   Section        0  ssd1306.o(i.decode_arr)
    i.delay_us                               0x08001638   Section        0  delay.o(i.delay_us)
    i.device_status                          0x0800166c   Section        0  display_screen.o(i.device_status)
    i.enable_buttion_int2                    0x08001698   Section        0  button_int.o(i.enable_buttion_int2)
    i.getIR                                  0x080016d4   Section        0  max30102.o(i.getIR)
    i.getRed                                 0x080016e4   Section        0  max30102.o(i.getRed)
    i.get_adc                                0x080016f4   Section        0  adc.o(i.get_adc)
    i.get_pin_level                          0x0800174c   Section        0  main.o(i.get_pin_level)
    i.get_sda                                0x08001750   Section        0  i2c_std.o(i.get_sda)
    i.i2c1_send_byte                         0x08001764   Section        0  i2c_std.o(i.i2c1_send_byte)
    i.i2c1_start                             0x08001780   Section        0  i2c_std.o(i.i2c1_start)
    i.i2c1_stop                              0x08001798   Section        0  i2c_std.o(i.i2c1_stop)
    i.i2c2_recv_byte                         0x080017b0   Section        0  i2c_std.o(i.i2c2_recv_byte)
    i.i2c2_send_byte                         0x080017c8   Section        0  i2c_std.o(i.i2c2_send_byte)
    i.i2c2_start                             0x080017e4   Section        0  i2c_std.o(i.i2c2_start)
    i.i2c2_stop                              0x080017fc   Section        0  i2c_std.o(i.i2c2_stop)
    i.i2c_init                               0x08001814   Section        0  i2c_std.o(i.i2c_init)
    i.i2c_recv_ack                           0x08001848   Section        0  i2c_std.o(i.i2c_recv_ack)
    i.i2c_recv_byte                          0x0800189a   Section        0  i2c_std.o(i.i2c_recv_byte)
    i.i2c_send_ack                           0x0800190e   Section        0  i2c_std.o(i.i2c_send_ack)
    i.i2c_send_byte                          0x08001966   Section        0  i2c_std.o(i.i2c_send_byte)
    i.i2c_start                              0x080019e8   Section        0  i2c_std.o(i.i2c_start)
    i.i2c_stop                               0x08001a40   Section        0  i2c_std.o(i.i2c_stop)
    i.init_adc                               0x08001a94   Section        0  adc.o(i.init_adc)
    i.init_button                            0x08001b9c   Section        0  button.o(i.init_button)
    i.init_button_int                        0x08001be4   Section        0  button_int.o(i.init_button_int)
    i.init_buzzer                            0x08001c5c   Section        0  buzzer.o(i.init_buzzer)
    i.init_i2c1                              0x08001c88   Section        0  i2c_std.o(i.init_i2c1)
    i.init_i2c2                              0x08001ca0   Section        0  i2c_std.o(i.init_i2c2)
    i.init_led                               0x08001cb8   Section        0  led.o(i.init_led)
    i.init_oled                              0x08001d30   Section        0  ssd1306.o(i.init_oled)
    i.init_system                            0x08001d68   Section        0  main.o(i.init_system)
    i.init_timer                             0x08001dc4   Section        0  timer.o(i.init_timer)
    i.isValidData                            0x08001e2c   Section        0  main.o(i.isValidData)
    i.is_BLE_Connected                       0x08001ecc   Section        0  bluetooth.o(i.is_BLE_Connected)
    i.main                                   0x08001ee0   Section        0  main.o(i.main)
    i.main_thread                            0x08001f48   Section        0  main.o(i.main_thread)
    i.max30102Setup                          0x080024a4   Section        0  max30102.o(i.max30102Setup)
    i.max30102ShutDown                       0x08002520   Section        0  max30102.o(i.max30102ShutDown)
    i.max30102WakeUp                         0x0800252e   Section        0  max30102.o(i.max30102WakeUp)
    i.maxim_find_peaks                       0x0800253c   Section        0  spo2.o(i.maxim_find_peaks)
    i.maxim_heart_rate_and_oxygen_saturation 0x08002580   Section        0  spo2.o(i.maxim_heart_rate_and_oxygen_saturation)
    i.maxim_peaks_above_min_height           0x080028dc   Section        0  spo2.o(i.maxim_peaks_above_min_height)
    i.maxim_remove_close_peaks               0x08002956   Section        0  spo2.o(i.maxim_remove_close_peaks)
    i.maxim_sort_ascend                      0x080029c8   Section        0  spo2.o(i.maxim_sort_ascend)
    i.maxim_sort_indices_descend             0x080029fe   Section        0  spo2.o(i.maxim_sort_indices_descend)
    i.mode_btn                               0x08002a40   Section        0  main.o(i.mode_btn)
    i.oledClearScreen                        0x08002a88   Section        0  ssd1306.o(i.oledClearScreen)
    i.oledPrintChar                          0x08002ac6   Section        0  ssd1306.o(i.oledPrintChar)
    i.oledPrintFormatNumber                  0x08002b16   Section        0  ssd1306.o(i.oledPrintFormatNumber)
    i.oledPrintIcon                          0x08002b92   Section        0  ssd1306.o(i.oledPrintIcon)
    i.oledPrintLargeChar                     0x08002c40   Section        0  ssd1306.o(i.oledPrintLargeChar)
    i.oledPrintLargeNumber                   0x08002ccc   Section        0  ssd1306.o(i.oledPrintLargeNumber)
    i.oledPrintLargeString                   0x08002cf4   Section        0  ssd1306.o(i.oledPrintLargeString)
    i.oledPrintNumber                        0x08002d24   Section        0  ssd1306.o(i.oledPrintNumber)
    i.oledPrintStatement                     0x08002d4c   Section        0  ssd1306.o(i.oledPrintStatement)
    i.oledPrintString                        0x08002d8c   Section        0  ssd1306.o(i.oledPrintString)
    i.pinIcon                                0x08002e04   Section        0  font.o(i.pinIcon)
    i.readAllSampleAvailable                 0x08002e28   Section        0  max30102.o(i.readAllSampleAvailable)
    i.registerBitWrite                       0x08002ef4   Section        0  max30102.o(i.registerBitWrite)
    i.registerRead                           0x08002f16   Section        0  max30102.o(i.registerRead)
    i.registerWrite                          0x08002f54   Section        0  max30102.o(i.registerWrite)
    i.sampleAvailable                        0x08002f8a   Section        0  max30102.o(i.sampleAvailable)
    i.scan_button                            0x08002fb0   Section        0  button.o(i.scan_button)
    i.sda_input_mode                         0x08002ffc   Section        0  i2c_std.o(i.sda_input_mode)
    i.sda_output_mode                        0x0800301c   Section        0  i2c_std.o(i.sda_output_mode)
    i.send_byte_stream                       0x08003040   Section        0  ssd1306.o(i.send_byte_stream)
    i.send_char_4bit_height                  0x08003074   Section        0  ssd1306.o(i.send_char_4bit_height)
    i.set_cursor_pos                         0x08003098   Section        0  ssd1306.o(i.set_cursor_pos)
    i.set_scl                                0x080030c4   Section        0  i2c_std.o(i.set_scl)
    i.set_sda                                0x080030e8   Section        0  i2c_std.o(i.set_sda)
    i.sizeOfNum                              0x0800310c   Section        0  main.o(i.sizeOfNum)
    i.softReset                              0x0800312a   Section        0  max30102.o(i.softReset)
    i.start_btn                              0x08003168   Section        0  main.o(i.start_btn)
    i.timer_isr                              0x080031a8   Section        0  timer.o(i.timer_isr)
    i.transmitECG                            0x080031d8   Section        0  main.o(i.transmitECG)
    i.uart_power_of                          0x08003230   Section        0  uart.o(i.uart_power_of)
    i.utf8ToUnicode                          0x08003246   Section        0  font.o(i.utf8ToUnicode)
    i.wake_up_Bluetooth                      0x0800327c   Section        0  bluetooth.o(i.wake_up_Bluetooth)
    .constdata                               0x080032ac   Section     4054  ssd1306.o(.constdata)
    ssd1306xled_font5x7                      0x080032ac   Data         475  ssd1306.o(.constdata)
    ssd1306NUMled_font13x20                  0x08003487   Data         429  ssd1306.o(.constdata)
    ssd1306VNled_font5x12                    0x08003634   Data        1630  ssd1306.o(.constdata)
    ssd1306xled_font8x16                     0x08003c92   Data        1520  ssd1306.o(.constdata)
    .constdata                               0x08004282   Section     4054  font.o(.constdata)
    ssd1306xled_font5x7                      0x08004282   Data         475  font.o(.constdata)
    ssd1306NUMled_font13x20                  0x0800445d   Data         429  font.o(.constdata)
    ssd1306VNled_font5x12                    0x0800460a   Data        1630  font.o(.constdata)
    ssd1306xled_font8x16                     0x08004c68   Data        1520  font.o(.constdata)
    .constdata                               0x08005258   Section      184  spo2.o(.constdata)
    .data                                    0x20000000   Section        3  stm32f10x_it.o(.data)
    .data                                    0x20000004   Section      848  main.o(.data)
    pinLevel                                 0x20000004   Data           1  main.o(.data)
    bluetoothConn                            0x20000005   Data           1  main.o(.data)
    initState                                0x20000006   Data           1  main.o(.data)
    state_change_flag                        0x20000007   Data           1  main.o(.data)
    spec_code                                0x20000008   Data           1  main.o(.data)
    state                                    0x20000009   Data           1  main.o(.data)
    blt_state                                0x2000000a   Data           1  main.o(.data)
    pVal                                     0x20000350   Data           2  main.o(.data)
    pVal2                                    0x20000352   Data           2  main.o(.data)
    .data                                    0x20000354   Section       20  stm32f10x_rcc.o(.data)
    APBAHBPrescTable                         0x20000354   Data          16  stm32f10x_rcc.o(.data)
    ADCPrescTable                            0x20000364   Data           4  stm32f10x_rcc.o(.data)
    .data                                    0x20000368   Section       20  system_stm32f10x.o(.data)
    .data                                    0x2000037c   Section       12  timer.o(.data)
    .data                                    0x20000388   Section       44  i2c_std.o(.data)
    .data                                    0x200003b4   Section        6  adc.o(.data)
    .data                                    0x200003ba   Section      156  font.o(.data)
    icon                                     0x20000442   Data           5  font.o(.data)
    icon                                     0x20000447   Data           5  font.o(.data)
    icon                                     0x2000044c   Data          10  font.o(.data)
    .data                                    0x20000456   Section        2  max30102.o(.data)
    .data                                    0x20000458   Section        4  button.o(.data)
    .bss                                     0x2000045c   Section      200  stm32f10x_it.o(.bss)
    .bss                                     0x20000524   Section     1040  main.o(.bss)
    an_x                                     0x20000524   Data         400  main.o(.bss)
    an_y                                     0x200006b4   Data         400  main.o(.bss)
    .bss                                     0x20000934   Section       40  adc.o(.bss)
    .bss                                     0x2000095c   Section       10  font.o(.bss)
    rsChar                                   0x2000095c   Data          10  font.o(.bss)
    .bss                                     0x20000968   Section      256  max30102.o(.bss)
    .bss                                     0x20000a68   Section      800  spo2.o(.bss)
    an_x                                     0x20000a68   Data         400  spo2.o(.bss)
    an_y                                     0x20000bf8   Data         400  spo2.o(.bss)
    .bss                                     0x20000d88   Section       96  libspace.o(.bss)
    HEAP                                     0x20000de8   Section      512  startup_stm32f10x_md.o(HEAP)
    Heap_Mem                                 0x20000de8   Data         512  startup_stm32f10x_md.o(HEAP)
    STACK                                    0x20000fe8   Section     1024  startup_stm32f10x_md.o(STACK)
    Stack_Mem                                0x20000fe8   Data        1024  startup_stm32f10x_md.o(STACK)
    __initial_sp                             0x200013e8   Data           0  startup_stm32f10x_md.o(STACK)

    Global Symbols

    Symbol Name                              Value     Ov Type        Size  Object(Section)

    BuildAttributes$$THM_ISAv4$P$D$K$B$S$PE$A:L22UL41UL21$X:L11$S22US41US21$IEEE1$IW$USESV6$~STKCKD$USESV7$~SHL$OSPACE$ROPI$EBA8$UX$STANDARDLIB$REQ8$PRES8$EABIv2 0x00000000   Number         0  anon$$obj.o ABSOLUTE
    __ARM_use_no_argv                        0x00000000   Number         0  main.o ABSOLUTE
    _printf_flags                            0x00000000   Number         0  printf_stubs.o ABSOLUTE
    _printf_return_value                     0x00000000   Number         0  printf_stubs.o ABSOLUTE
    _printf_sizespec                         0x00000000   Number         0  printf_stubs.o ABSOLUTE
    _printf_widthprec                        0x00000000   Number         0  printf_stubs.o ABSOLUTE
    __ARM_exceptions_init                     - Undefined Weak Reference
    __alloca_initialize                       - Undefined Weak Reference
    __arm_fini_                               - Undefined Weak Reference
    __arm_preinit_                            - Undefined Weak Reference
    __cpp_initialize__aeabi_                  - Undefined Weak Reference
    __cxa_finalize                            - Undefined Weak Reference
    __rt_locale                               - Undefined Weak Reference
    __sigvec_lookup                           - Undefined Weak Reference
    _atexit_init                              - Undefined Weak Reference
    _call_atexit_fns                          - Undefined Weak Reference
    _clock_init                               - Undefined Weak Reference
    _fp_trap_init                             - Undefined Weak Reference
    _fp_trap_shutdown                         - Undefined Weak Reference
    _get_lc_collate                           - Undefined Weak Reference
    _get_lc_ctype                             - Undefined Weak Reference
    _get_lc_monetary                          - Undefined Weak Reference
    _get_lc_numeric                           - Undefined Weak Reference
    _get_lc_time                              - Undefined Weak Reference
    _getenv_init                              - Undefined Weak Reference
    _handle_redirection                       - Undefined Weak Reference
    _init_alloc                               - Undefined Weak Reference
    _init_user_alloc                          - Undefined Weak Reference
    _initio                                   - Undefined Weak Reference
    _printf_post_padding                      - Undefined Weak Reference
    _printf_pre_padding                       - Undefined Weak Reference
    _printf_truncate_signed                   - Undefined Weak Reference
    _printf_truncate_unsigned                 - Undefined Weak Reference
    _rand_init                                - Undefined Weak Reference
    _signal_finish                            - Undefined Weak Reference
    _signal_init                              - Undefined Weak Reference
    _terminate_alloc                          - Undefined Weak Reference
    _terminate_user_alloc                     - Undefined Weak Reference
    _terminateio                              - Undefined Weak Reference
    __Vectors_Size                           0x000000ec   Number         0  startup_stm32f10x_md.o ABSOLUTE
    __Vectors                                0x08000000   Data           4  startup_stm32f10x_md.o(RESET)
    __Vectors_End                            0x080000ec   Data           0  startup_stm32f10x_md.o(RESET)
    __main                                   0x080000ed   Thumb Code     8  __main.o(!!!main)
    __scatterload                            0x080000f5   Thumb Code     0  __scatter.o(!!!scatter)
    __scatterload_rt2                        0x080000f5   Thumb Code    44  __scatter.o(!!!scatter)
    __scatterload_rt2_thumb_only             0x080000f5   Thumb Code     0  __scatter.o(!!!scatter)
    __scatterload_null                       0x08000103   Thumb Code     0  __scatter.o(!!!scatter)
    __decompress                             0x08000129   Thumb Code    90  __dczerorl2.o(!!dczerorl2)
    __decompress1                            0x08000129   Thumb Code     0  __dczerorl2.o(!!dczerorl2)
    __scatterload_zeroinit                   0x08000185   Thumb Code    28  __scatter_zi.o(!!handler_zi)
    _printf_d                                0x080001a1   Thumb Code     0  _printf_d.o(.ARM.Collect$$_printf_percent$$00000009)
    _printf_percent                          0x080001a1   Thumb Code     0  _printf_percent.o(.ARM.Collect$$_printf_percent$$00000000)
    _printf_percent_end                      0x080001a7   Thumb Code     0  _printf_percent_end.o(.ARM.Collect$$_printf_percent$$00000017)
    __rt_lib_init                            0x080001ab   Thumb Code     0  libinit.o(.ARM.Collect$$libinit$$00000000)
    __rt_lib_init_alloca_1                   0x080001ad   Thumb Code     0  libinit2.o(.ARM.Collect$$libinit$$0000002E)
    __rt_lib_init_argv_1                     0x080001ad   Thumb Code     0  libinit2.o(.ARM.Collect$$libinit$$0000002C)
    __rt_lib_init_atexit_1                   0x080001ad   Thumb Code     0  libinit2.o(.ARM.Collect$$libinit$$0000001B)
    __rt_lib_init_clock_1                    0x080001ad   Thumb Code     0  libinit2.o(.ARM.Collect$$libinit$$00000021)
    __rt_lib_init_cpp_1                      0x080001ad   Thumb Code     0  libinit2.o(.ARM.Collect$$libinit$$00000032)
    __rt_lib_init_exceptions_1               0x080001ad   Thumb Code     0  libinit2.o(.ARM.Collect$$libinit$$00000030)
    __rt_lib_init_fp_1                       0x080001ad   Thumb Code     0  libinit2.o(.ARM.Collect$$libinit$$00000002)
    __rt_lib_init_fp_trap_1                  0x080001ad   Thumb Code     0  libinit2.o(.ARM.Collect$$libinit$$0000001F)
    __rt_lib_init_getenv_1                   0x080001ad   Thumb Code     0  libinit2.o(.ARM.Collect$$libinit$$00000023)
    __rt_lib_init_heap_1                     0x080001ad   Thumb Code     0  libinit2.o(.ARM.Collect$$libinit$$0000000A)
    __rt_lib_init_lc_collate_1               0x080001ad   Thumb Code     0  libinit2.o(.ARM.Collect$$libinit$$00000011)
    __rt_lib_init_lc_ctype_1                 0x080001ad   Thumb Code     0  libinit2.o(.ARM.Collect$$libinit$$00000013)
    __rt_lib_init_lc_monetary_1              0x080001ad   Thumb Code     0  libinit2.o(.ARM.Collect$$libinit$$00000015)
    __rt_lib_init_lc_numeric_1               0x080001ad   Thumb Code     0  libinit2.o(.ARM.Collect$$libinit$$00000017)
    __rt_lib_init_lc_time_1                  0x080001ad   Thumb Code     0  libinit2.o(.ARM.Collect$$libinit$$00000019)
    __rt_lib_init_preinit_1                  0x080001ad   Thumb Code     0  libinit2.o(.ARM.Collect$$libinit$$00000004)
    __rt_lib_init_rand_1                     0x080001ad   Thumb Code     0  libinit2.o(.ARM.Collect$$libinit$$0000000E)
    __rt_lib_init_return                     0x080001ad   Thumb Code     0  libinit2.o(.ARM.Collect$$libinit$$00000033)
    __rt_lib_init_signal_1                   0x080001ad   Thumb Code     0  libinit2.o(.ARM.Collect$$libinit$$0000001D)
    __rt_lib_init_stdio_1                    0x080001ad   Thumb Code     0  libinit2.o(.ARM.Collect$$libinit$$00000025)
    __rt_lib_init_user_alloc_1               0x080001ad   Thumb Code     0  libinit2.o(.ARM.Collect$$libinit$$0000000C)
    __rt_lib_shutdown                        0x080001af   Thumb Code     0  libshutdown.o(.ARM.Collect$$libshutdown$$00000000)
    __rt_lib_shutdown_cpp_1                  0x080001b1   Thumb Code     0  libshutdown2.o(.ARM.Collect$$libshutdown$$00000004)
    __rt_lib_shutdown_fini_1                 0x080001b1   Thumb Code     0  libshutdown2.o(.ARM.Collect$$libshutdown$$00000002)
    __rt_lib_shutdown_fp_trap_1              0x080001b1   Thumb Code     0  libshutdown2.o(.ARM.Collect$$libshutdown$$00000009)
    __rt_lib_shutdown_heap_1                 0x080001b1   Thumb Code     0  libshutdown2.o(.ARM.Collect$$libshutdown$$00000011)
    __rt_lib_shutdown_return                 0x080001b1   Thumb Code     0  libshutdown2.o(.ARM.Collect$$libshutdown$$00000012)
    __rt_lib_shutdown_signal_1               0x080001b1   Thumb Code     0  libshutdown2.o(.ARM.Collect$$libshutdown$$0000000C)
    __rt_lib_shutdown_stdio_1                0x080001b1   Thumb Code     0  libshutdown2.o(.ARM.Collect$$libshutdown$$00000006)
    __rt_lib_shutdown_user_alloc_1           0x080001b1   Thumb Code     0  libshutdown2.o(.ARM.Collect$$libshutdown$$0000000E)
    __rt_entry                               0x080001b3   Thumb Code     0  __rtentry.o(.ARM.Collect$$rtentry$$00000000)
    __rt_entry_presh_1                       0x080001b3   Thumb Code     0  __rtentry2.o(.ARM.Collect$$rtentry$$00000002)
    __rt_entry_sh                            0x080001b3   Thumb Code     0  __rtentry4.o(.ARM.Collect$$rtentry$$00000004)
    __rt_entry_li                            0x080001b9   Thumb Code     0  __rtentry2.o(.ARM.Collect$$rtentry$$0000000A)
    __rt_entry_postsh_1                      0x080001b9   Thumb Code     0  __rtentry2.o(.ARM.Collect$$rtentry$$00000009)
    __rt_entry_main                          0x080001bd   Thumb Code     0  __rtentry2.o(.ARM.Collect$$rtentry$$0000000D)
    __rt_entry_postli_1                      0x080001bd   Thumb Code     0  __rtentry2.o(.ARM.Collect$$rtentry$$0000000C)
    __rt_exit                                0x080001c5   Thumb Code     0  rtexit.o(.ARM.Collect$$rtexit$$00000000)
    __rt_exit_ls                             0x080001c7   Thumb Code     0  rtexit2.o(.ARM.Collect$$rtexit$$00000003)
    __rt_exit_prels_1                        0x080001c7   Thumb Code     0  rtexit2.o(.ARM.Collect$$rtexit$$00000002)
    __rt_exit_exit                           0x080001cb   Thumb Code     0  rtexit2.o(.ARM.Collect$$rtexit$$00000004)
    Reset_Handler                            0x080001d1   Thumb Code     8  startup_stm32f10x_md.o(.text)
    NMI_Handler                              0x080001d9   Thumb Code     2  startup_stm32f10x_md.o(.text)
    HardFault_Handler                        0x080001db   Thumb Code     2  startup_stm32f10x_md.o(.text)
    MemManage_Handler                        0x080001dd   Thumb Code     2  startup_stm32f10x_md.o(.text)
    BusFault_Handler                         0x080001df   Thumb Code     2  startup_stm32f10x_md.o(.text)
    UsageFault_Handler                       0x080001e1   Thumb Code     2  startup_stm32f10x_md.o(.text)
    SVC_Handler                              0x080001e3   Thumb Code     2  startup_stm32f10x_md.o(.text)
    DebugMon_Handler                         0x080001e5   Thumb Code     2  startup_stm32f10x_md.o(.text)
    PendSV_Handler                           0x080001e7   Thumb Code     2  startup_stm32f10x_md.o(.text)
    ADC1_2_IRQHandler                        0x080001eb   Thumb Code     0  startup_stm32f10x_md.o(.text)
    CAN1_RX1_IRQHandler                      0x080001eb   Thumb Code     0  startup_stm32f10x_md.o(.text)
    CAN1_SCE_IRQHandler                      0x080001eb   Thumb Code     0  startup_stm32f10x_md.o(.text)
    DMA1_Channel1_IRQHandler                 0x080001eb   Thumb Code     0  startup_stm32f10x_md.o(.text)
    DMA1_Channel2_IRQHandler                 0x080001eb   Thumb Code     0  startup_stm32f10x_md.o(.text)
    DMA1_Channel3_IRQHandler                 0x080001eb   Thumb Code     0  startup_stm32f10x_md.o(.text)
    DMA1_Channel4_IRQHandler                 0x080001eb   Thumb Code     0  startup_stm32f10x_md.o(.text)
    DMA1_Channel5_IRQHandler                 0x080001eb   Thumb Code     0  startup_stm32f10x_md.o(.text)
    DMA1_Channel6_IRQHandler                 0x080001eb   Thumb Code     0  startup_stm32f10x_md.o(.text)
    DMA1_Channel7_IRQHandler                 0x080001eb   Thumb Code     0  startup_stm32f10x_md.o(.text)
    EXTI0_IRQHandler                         0x080001eb   Thumb Code     0  startup_stm32f10x_md.o(.text)
    EXTI1_IRQHandler                         0x080001eb   Thumb Code     0  startup_stm32f10x_md.o(.text)
    EXTI3_IRQHandler                         0x080001eb   Thumb Code     0  startup_stm32f10x_md.o(.text)
    EXTI4_IRQHandler                         0x080001eb   Thumb Code     0  startup_stm32f10x_md.o(.text)
    EXTI9_5_IRQHandler                       0x080001eb   Thumb Code     0  startup_stm32f10x_md.o(.text)
    FLASH_IRQHandler                         0x080001eb   Thumb Code     0  startup_stm32f10x_md.o(.text)
    I2C1_ER_IRQHandler                       0x080001eb   Thumb Code     0  startup_stm32f10x_md.o(.text)
    I2C1_EV_IRQHandler                       0x080001eb   Thumb Code     0  startup_stm32f10x_md.o(.text)
    I2C2_ER_IRQHandler                       0x080001eb   Thumb Code     0  startup_stm32f10x_md.o(.text)
    I2C2_EV_IRQHandler                       0x080001eb   Thumb Code     0  startup_stm32f10x_md.o(.text)
    PVD_IRQHandler                           0x080001eb   Thumb Code     0  startup_stm32f10x_md.o(.text)
    RCC_IRQHandler                           0x080001eb   Thumb Code     0  startup_stm32f10x_md.o(.text)
    RTCAlarm_IRQHandler                      0x080001eb   Thumb Code     0  startup_stm32f10x_md.o(.text)
    RTC_IRQHandler                           0x080001eb   Thumb Code     0  startup_stm32f10x_md.o(.text)
    SPI1_IRQHandler                          0x080001eb   Thumb Code     0  startup_stm32f10x_md.o(.text)
    SPI2_IRQHandler                          0x080001eb   Thumb Code     0  startup_stm32f10x_md.o(.text)
    TAMPER_IRQHandler                        0x080001eb   Thumb Code     0  startup_stm32f10x_md.o(.text)
    TIM1_BRK_IRQHandler                      0x080001eb   Thumb Code     0  startup_stm32f10x_md.o(.text)
    TIM1_CC_IRQHandler                       0x080001eb   Thumb Code     0  startup_stm32f10x_md.o(.text)
    TIM1_TRG_COM_IRQHandler                  0x080001eb   Thumb Code     0  startup_stm32f10x_md.o(.text)
    TIM1_UP_IRQHandler                       0x080001eb   Thumb Code     0  startup_stm32f10x_md.o(.text)
    TIM2_IRQHandler                          0x080001eb   Thumb Code     0  startup_stm32f10x_md.o(.text)
    TIM3_IRQHandler                          0x080001eb   Thumb Code     0  startup_stm32f10x_md.o(.text)
    TIM4_IRQHandler                          0x080001eb   Thumb Code     0  startup_stm32f10x_md.o(.text)
    USART3_IRQHandler                        0x080001eb   Thumb Code     0  startup_stm32f10x_md.o(.text)
    USBWakeUp_IRQHandler                     0x080001eb   Thumb Code     0  startup_stm32f10x_md.o(.text)
    USB_HP_CAN1_TX_IRQHandler                0x080001eb   Thumb Code     0  startup_stm32f10x_md.o(.text)
    USB_LP_CAN1_RX0_IRQHandler               0x080001eb   Thumb Code     0  startup_stm32f10x_md.o(.text)
    WWDG_IRQHandler                          0x080001eb   Thumb Code     0  startup_stm32f10x_md.o(.text)
    __user_initial_stackheap                 0x080001ed   Thumb Code     0  startup_stm32f10x_md.o(.text)
    __aeabi_uldivmod                         0x08000211   Thumb Code     0  lludivv7m.o(.text)
    _ll_udiv                                 0x08000211   Thumb Code   238  lludivv7m.o(.text)
    __2sprintf                               0x08000301   Thumb Code    34  noretval__2sprintf.o(.text)
    _printf_int_dec                          0x08000329   Thumb Code   104  _printf_dec.o(.text)
    __printf                                 0x080003a1   Thumb Code   184  __printf_ss.o(.text)
    __aeabi_memcpy4                          0x08000459   Thumb Code     0  rt_memcpy_w.o(.text)
    __aeabi_memcpy8                          0x08000459   Thumb Code     0  rt_memcpy_w.o(.text)
    __rt_memcpy_w                            0x08000459   Thumb Code   100  rt_memcpy_w.o(.text)
    _memcpy_lastbytes_aligned                0x080004a1   Thumb Code     0  rt_memcpy_w.o(.text)
    __use_two_region_memory                  0x080004bd   Thumb Code     2  heapauxi.o(.text)
    __rt_heap_escrow$2region                 0x080004bf   Thumb Code     2  heapauxi.o(.text)
    __rt_heap_expand$2region                 0x080004c1   Thumb Code     2  heapauxi.o(.text)
    _printf_int_common                       0x080004c3   Thumb Code   178  _printf_intcommon.o(.text)
    _printf_char_common                      0x0800057f   Thumb Code    32  _printf_char_common.o(.text)
    _sputc                                   0x080005a5   Thumb Code    10  _sputc.o(.text)
    __user_setup_stackheap                   0x080005af   Thumb Code    74  sys_stackheap_outer.o(.text)
    exit                                     0x080005f9   Thumb Code    18  exit.o(.text)
    __user_libspace                          0x0800060d   Thumb Code     8  libspace.o(.text)
    __user_perproc_libspace                  0x0800060d   Thumb Code     0  libspace.o(.text)
    __user_perthread_libspace                0x0800060d   Thumb Code     0  libspace.o(.text)
    _sys_exit                                0x08000615   Thumb Code     8  sys_exit.o(.text)
    __I$use$semihosting                      0x08000621   Thumb Code     0  use_no_semi.o(.text)
    __use_no_semihosting_swi                 0x08000621   Thumb Code     2  use_no_semi.o(.text)
    ADC_Cmd                                  0x08000623   Thumb Code    22  stm32f10x_adc.o(i.ADC_Cmd)
    __semihosting_library_function           0x08000623   Thumb Code     0  indicate_semi.o(.text)
    ADC_DMACmd                               0x08000639   Thumb Code    22  stm32f10x_adc.o(i.ADC_DMACmd)
    ADC_GetCalibrationStatus                 0x0800064f   Thumb Code    20  stm32f10x_adc.o(i.ADC_GetCalibrationStatus)
    ADC_GetResetCalibrationStatus            0x08000663   Thumb Code    20  stm32f10x_adc.o(i.ADC_GetResetCalibrationStatus)
    ADC_Init                                 0x08000679   Thumb Code    70  stm32f10x_adc.o(i.ADC_Init)
    ADC_RegularChannelConfig                 0x080006c9   Thumb Code   184  stm32f10x_adc.o(i.ADC_RegularChannelConfig)
    ADC_ResetCalibration                     0x08000781   Thumb Code    10  stm32f10x_adc.o(i.ADC_ResetCalibration)
    ADC_SoftwareStartConvCmd                 0x0800078b   Thumb Code    22  stm32f10x_adc.o(i.ADC_SoftwareStartConvCmd)
    ADC_StartCalibration                     0x080007a1   Thumb Code    10  stm32f10x_adc.o(i.ADC_StartCalibration)
    Bluetooth_Init                           0x080007ab   Thumb Code    16  bluetooth.o(i.Bluetooth_Init)
    DMA_Cmd                                  0x080007bb   Thumb Code    24  stm32f10x_dma.o(i.DMA_Cmd)
    DMA_DeInit                               0x080007d5   Thumb Code   324  stm32f10x_dma.o(i.DMA_DeInit)
    DMA_Init                                 0x08000921   Thumb Code    60  stm32f10x_dma.o(i.DMA_Init)
    EXTI15_10_IRQHandler                     0x0800095d   Thumb Code    16  stm32f10x_it.o(i.EXTI15_10_IRQHandler)
    EXTI2_IRQHandler                         0x08000971   Thumb Code    16  stm32f10x_it.o(i.EXTI2_IRQHandler)
    EXTI_ClearITPendingBit                   0x08000985   Thumb Code     6  stm32f10x_exti.o(i.EXTI_ClearITPendingBit)
    EXTI_Init                                0x08000991   Thumb Code   142  stm32f10x_exti.o(i.EXTI_Init)
    GPIO_Bluetooth_Init                      0x08000a25   Thumb Code   100  bluetooth.o(i.GPIO_Bluetooth_Init)
    GPIO_EXTILineConfig                      0x08000a91   Thumb Code    60  stm32f10x_gpio.o(i.GPIO_EXTILineConfig)
    GPIO_Init                                0x08000ad1   Thumb Code   278  stm32f10x_gpio.o(i.GPIO_Init)
    GPIO_PinRemapConfig                      0x08000be9   Thumb Code   138  stm32f10x_gpio.o(i.GPIO_PinRemapConfig)
    GPIO_ReadInputDataBit                    0x08000c79   Thumb Code    18  stm32f10x_gpio.o(i.GPIO_ReadInputDataBit)
    GPIO_ResetBits                           0x08000c8b   Thumb Code     4  stm32f10x_gpio.o(i.GPIO_ResetBits)
    GPIO_SetBits                             0x08000c8f   Thumb Code     4  stm32f10x_gpio.o(i.GPIO_SetBits)
    GPIO_WriteBit                            0x08000c93   Thumb Code    10  stm32f10x_gpio.o(i.GPIO_WriteBit)
    NVIC_Init                                0x08000c9d   Thumb Code   100  misc.o(i.NVIC_Init)
    NVIC_PriorityGroupConfig                 0x08000d0d   Thumb Code    10  misc.o(i.NVIC_PriorityGroupConfig)
    RCC_ADCCLKConfig                         0x08000d21   Thumb Code    18  stm32f10x_rcc.o(i.RCC_ADCCLKConfig)
    RCC_AHBPeriphClockCmd                    0x08000d39   Thumb Code    26  stm32f10x_rcc.o(i.RCC_AHBPeriphClockCmd)
    RCC_APB1PeriphClockCmd                   0x08000d59   Thumb Code    26  stm32f10x_rcc.o(i.RCC_APB1PeriphClockCmd)
    RCC_APB2PeriphClockCmd                   0x08000d79   Thumb Code    26  stm32f10x_rcc.o(i.RCC_APB2PeriphClockCmd)
    RCC_GetClocksFreq                        0x08000d99   Thumb Code   192  stm32f10x_rcc.o(i.RCC_GetClocksFreq)
    SetTimer_ms                              0x08000f55   Thumb Code    16  timer.o(i.SetTimer_ms)
    SysTick_Handler                          0x08000f71   Thumb Code     8  stm32f10x_it.o(i.SysTick_Handler)
    SystemInit                               0x08000f79   Thumb Code    78  system_stm32f10x.o(i.SystemInit)
    USART1_IRQHandler                        0x08000fd9   Thumb Code    60  stm32f10x_it.o(i.USART1_IRQHandler)
    USART1_Init                              0x08001021   Thumb Code   166  uart.o(i.USART1_Init)
    USART1_SendChar                          0x080010d1   Thumb Code    28  uart.o(i.USART1_SendChar)
    USART1_SendNum                           0x080010f1   Thumb Code   112  uart.o(i.USART1_SendNum)
    USART1_SendString                        0x08001161   Thumb Code    22  uart.o(i.USART1_SendString)
    USART2_IRQHandler                        0x08001179   Thumb Code    60  stm32f10x_it.o(i.USART2_IRQHandler)
    USART2_Init                              0x080011c5   Thumb Code   168  uart.o(i.USART2_Init)
    USART2_SendChar                          0x08001275   Thumb Code    28  uart.o(i.USART2_SendChar)
    USART2_SendNum                           0x08001295   Thumb Code   112  uart.o(i.USART2_SendNum)
    USART2_SendString                        0x08001305   Thumb Code    22  uart.o(i.USART2_SendString)
    USART_Cmd                                0x0800131b   Thumb Code    24  stm32f10x_usart.o(i.USART_Cmd)
    USART_GetFlagStatus                      0x08001333   Thumb Code    26  stm32f10x_usart.o(i.USART_GetFlagStatus)
    USART_GetITStatus                        0x0800134d   Thumb Code    84  stm32f10x_usart.o(i.USART_GetITStatus)
    USART_ITConfig                           0x080013a1   Thumb Code    74  stm32f10x_usart.o(i.USART_ITConfig)
    USART_Init                               0x080013ed   Thumb Code   210  stm32f10x_usart.o(i.USART_Init)
    USART_ReceiveData                        0x080014c5   Thumb Code    10  stm32f10x_usart.o(i.USART_ReceiveData)
    USART_SendData                           0x080014cf   Thumb Code     8  stm32f10x_usart.o(i.USART_SendData)
    bGetChar                                 0x080014d9   Thumb Code    70  font.o(i.bGetChar)
    bluetoothIcon                            0x0800152d   Thumb Code     4  font.o(i.bluetoothIcon)
    bluetoothIconDelete                      0x08001535   Thumb Code     4  font.o(i.bluetoothIconDelete)
    buzzerOff                                0x0800153d   Thumb Code    14  buzzer.o(i.buzzerOff)
    buzzerOn                                 0x08001551   Thumb Code    14  buzzer.o(i.buzzerOn)
    change_state                             0x08001565   Thumb Code    36  main.o(i.change_state)
    combine_sample                           0x0800159d   Thumb Code    38  max30102.o(i.combine_sample)
    copyArr                                  0x080015c9   Thumb Code    22  font.o(i.copyArr)
    decode_arr                               0x080015df   Thumb Code    90  ssd1306.o(i.decode_arr)
    delay_us                                 0x08001639   Thumb Code    52  delay.o(i.delay_us)
    device_status                            0x0800166d   Thumb Code    44  display_screen.o(i.device_status)
    enable_buttion_int2                      0x08001699   Thumb Code    56  button_int.o(i.enable_buttion_int2)
    getIR                                    0x080016d5   Thumb Code    10  max30102.o(i.getIR)
    getRed                                   0x080016e5   Thumb Code    10  max30102.o(i.getRed)
    get_adc                                  0x080016f5   Thumb Code    70  adc.o(i.get_adc)
    get_pin_level                            0x0800174d   Thumb Code     4  main.o(i.get_pin_level)
    get_sda                                  0x08001751   Thumb Code    20  i2c_std.o(i.get_sda)
    i2c1_send_byte                           0x08001765   Thumb Code    22  i2c_std.o(i.i2c1_send_byte)
    i2c1_start                               0x08001781   Thumb Code    18  i2c_std.o(i.i2c1_start)
    i2c1_stop                                0x08001799   Thumb Code    18  i2c_std.o(i.i2c1_stop)
    i2c2_recv_byte                           0x080017b1   Thumb Code    18  i2c_std.o(i.i2c2_recv_byte)
    i2c2_send_byte                           0x080017c9   Thumb Code    22  i2c_std.o(i.i2c2_send_byte)
    i2c2_start                               0x080017e5   Thumb Code    18  i2c_std.o(i.i2c2_start)
    i2c2_stop                                0x080017fd   Thumb Code    18  i2c_std.o(i.i2c2_stop)
    i2c_init                                 0x08001815   Thumb Code    48  i2c_std.o(i.i2c_init)
    i2c_recv_ack                             0x08001849   Thumb Code    82  i2c_std.o(i.i2c_recv_ack)
    i2c_recv_byte                            0x0800189b   Thumb Code   116  i2c_std.o(i.i2c_recv_byte)
    i2c_send_ack                             0x0800190f   Thumb Code    88  i2c_std.o(i.i2c_send_ack)
    i2c_send_byte                            0x08001967   Thumb Code   130  i2c_std.o(i.i2c_send_byte)
    i2c_start                                0x080019e9   Thumb Code    88  i2c_std.o(i.i2c_start)
    i2c_stop                                 0x08001a41   Thumb Code    82  i2c_std.o(i.i2c_stop)
    init_adc                                 0x08001a95   Thumb Code   248  adc.o(i.init_adc)
    init_button                              0x08001b9d   Thumb Code    64  button.o(i.init_button)
    init_button_int                          0x08001be5   Thumb Code   114  button_int.o(i.init_button_int)
    init_buzzer                              0x08001c5d   Thumb Code    38  buzzer.o(i.init_buzzer)
    init_i2c1                                0x08001c89   Thumb Code    18  i2c_std.o(i.init_i2c1)
    init_i2c2                                0x08001ca1   Thumb Code    18  i2c_std.o(i.init_i2c2)
    init_led                                 0x08001cb9   Thumb Code   112  led.o(i.init_led)
    init_oled                                0x08001d31   Thumb Code    28  ssd1306.o(i.init_oled)
    init_system                              0x08001d69   Thumb Code    88  main.o(i.init_system)
    init_timer                               0x08001dc5   Thumb Code    92  timer.o(i.init_timer)
    isValidData                              0x08001e2d   Thumb Code   152  main.o(i.isValidData)
    is_BLE_Connected                         0x08001ecd   Thumb Code    14  bluetooth.o(i.is_BLE_Connected)
    main                                     0x08001ee1   Thumb Code    82  main.o(i.main)
    main_thread                              0x08001f49   Thumb Code  1360  main.o(i.main_thread)
    max30102Setup                            0x080024a5   Thumb Code   108  max30102.o(i.max30102Setup)
    max30102ShutDown                         0x08002521   Thumb Code    14  max30102.o(i.max30102ShutDown)
    max30102WakeUp                           0x0800252f   Thumb Code    14  max30102.o(i.max30102WakeUp)
    maxim_find_peaks                         0x0800253d   Thumb Code    66  spo2.o(i.maxim_find_peaks)
    maxim_heart_rate_and_oxygen_saturation   0x08002581   Thumb Code   842  spo2.o(i.maxim_heart_rate_and_oxygen_saturation)
    maxim_peaks_above_min_height             0x080028dd   Thumb Code   122  spo2.o(i.maxim_peaks_above_min_height)
    maxim_remove_close_peaks                 0x08002957   Thumb Code   114  spo2.o(i.maxim_remove_close_peaks)
    maxim_sort_ascend                        0x080029c9   Thumb Code    54  spo2.o(i.maxim_sort_ascend)
    maxim_sort_indices_descend               0x080029ff   Thumb Code    64  spo2.o(i.maxim_sort_indices_descend)
    mode_btn                                 0x08002a41   Thumb Code    58  main.o(i.mode_btn)
    oledClearScreen                          0x08002a89   Thumb Code    62  ssd1306.o(i.oledClearScreen)
    oledPrintChar                            0x08002ac7   Thumb Code    80  ssd1306.o(i.oledPrintChar)
    oledPrintFormatNumber                    0x08002b17   Thumb Code   124  ssd1306.o(i.oledPrintFormatNumber)
    oledPrintIcon                            0x08002b93   Thumb Code   174  ssd1306.o(i.oledPrintIcon)
    oledPrintLargeChar                       0x08002c41   Thumb Code   136  ssd1306.o(i.oledPrintLargeChar)
    oledPrintLargeNumber                     0x08002ccd   Thumb Code    36  ssd1306.o(i.oledPrintLargeNumber)
    oledPrintLargeString                     0x08002cf5   Thumb Code    48  ssd1306.o(i.oledPrintLargeString)
    oledPrintNumber                          0x08002d25   Thumb Code    36  ssd1306.o(i.oledPrintNumber)
    oledPrintStatement                       0x08002d4d   Thumb Code    34  ssd1306.o(i.oledPrintStatement)
    oledPrintString                          0x08002d8d   Thumb Code   120  ssd1306.o(i.oledPrintString)
    pinIcon                                  0x08002e05   Thumb Code    30  font.o(i.pinIcon)
    readAllSampleAvailable                   0x08002e29   Thumb Code   192  max30102.o(i.readAllSampleAvailable)
    registerBitWrite                         0x08002ef5   Thumb Code    34  max30102.o(i.registerBitWrite)
    registerRead                             0x08002f17   Thumb Code    62  max30102.o(i.registerRead)
    registerWrite                            0x08002f55   Thumb Code    54  max30102.o(i.registerWrite)
    sampleAvailable                          0x08002f8b   Thumb Code    38  max30102.o(i.sampleAvailable)
    scan_button                              0x08002fb1   Thumb Code    64  button.o(i.scan_button)
    sda_input_mode                           0x08002ffd   Thumb Code    28  i2c_std.o(i.sda_input_mode)
    sda_output_mode                          0x0800301d   Thumb Code    32  i2c_std.o(i.sda_output_mode)
    send_byte_stream                         0x08003041   Thumb Code    52  ssd1306.o(i.send_byte_stream)
    send_char_4bit_height                    0x08003075   Thumb Code    34  ssd1306.o(i.send_char_4bit_height)
    set_cursor_pos                           0x08003099   Thumb Code    34  ssd1306.o(i.set_cursor_pos)
    set_scl                                  0x080030c5   Thumb Code    36  i2c_std.o(i.set_scl)
    set_sda                                  0x080030e9   Thumb Code    36  i2c_std.o(i.set_sda)
    sizeOfNum                                0x0800310d   Thumb Code    30  main.o(i.sizeOfNum)
    softReset                                0x0800312b   Thumb Code    60  max30102.o(i.softReset)
    start_btn                                0x08003169   Thumb Code    56  main.o(i.start_btn)
    timer_isr                                0x080031a9   Thumb Code    36  timer.o(i.timer_isr)
    transmitECG                              0x080031d9   Thumb Code    78  main.o(i.transmitECG)
    uart_power_of                            0x08003231   Thumb Code    22  uart.o(i.uart_power_of)
    utf8ToUnicode                            0x08003247   Thumb Code    54  font.o(i.utf8ToUnicode)
    wake_up_Bluetooth                        0x0800327d   Thumb Code    44  bluetooth.o(i.wake_up_Bluetooth)
    uch_spo2_table                           0x08005258   Data         184  spo2.o(.constdata)
    Region$$Table$$Base                      0x08005310   Number         0  anon$$obj.o(Region$$Table)
    Region$$Table$$Limit                     0x08005330   Number         0  anon$$obj.o(Region$$Table)
    button_int_flag                          0x20000000   Data           1  stm32f10x_it.o(.data)
    check_rcv_flag                           0x20000001   Data           1  stm32f10x_it.o(.data)
    check_rcv_flag2                          0x20000002   Data           1  stm32f10x_it.o(.data)
    cnt                                      0x2000000c   Data           2  main.o(.data)
    cnt1                                     0x2000000e   Data           2  main.o(.data)
    cnt_brk                                  0x20000010   Data           2  main.o(.data)
    cnt_flag_timer                           0x20000012   Data           2  main.o(.data)
    pn_spo2                                  0x20000014   Data           4  main.o(.data)
    pn_heart_rate                            0x20000018   Data           4  main.o(.data)
    pch_spo2_valid                           0x2000001c   Data           1  main.o(.data)
    pch_hr_valid                             0x2000001d   Data           1  main.o(.data)
    adc_debug                                0x20000020   Data           4  main.o(.data)
    cnt_time_dt                              0x20000024   Data           1  main.o(.data)
    cnt_sample                               0x20000025   Data           1  main.o(.data)
    cnt_store                                0x20000026   Data           1  main.o(.data)
    cnt_check                                0x20000027   Data           1  main.o(.data)
    pkg_id                                   0x20000028   Data           2  main.o(.data)
    enable_btn                               0x2000002a   Data           1  main.o(.data)
    cnt_power                                0x2000002b   Data           1  main.o(.data)
    btn_inv                                  0x2000002c   Data           1  main.o(.data)
    dan_cam_bien_ecg                         0x2000002d   Data           1  main.o(.data)
    ket_noi_ble                              0x2000002e   Data           1  main.o(.data)
    irArr                                    0x20000030   Data         400  main.o(.data)
    redArr                                   0x200001c0   Data         400  main.o(.data)
    SystemCoreClock                          0x20000368   Data           4  system_stm32f10x.o(.data)
    AHBPrescTable                            0x2000036c   Data          16  system_stm32f10x.o(.data)
    flag_timer                               0x2000037c   Data           1  timer.o(.data)
    timer_cnt                                0x20000380   Data           4  timer.o(.data)
    time_MUL                                 0x20000384   Data           4  timer.o(.data)
    i2cPort1                                 0x20000388   Data          20  i2c_std.o(.data)
    i2cPort2                                 0x2000039c   Data          20  i2c_std.o(.data)
    GPIO_InitStructure                       0x200003b0   Data           4  i2c_std.o(.data)
    ADCConvertedValue                        0x200003b4   Data           2  adc.o(.data)
    index_adc_value                          0x200003b6   Data           2  adc.o(.data)
    adc_value                                0x200003b8   Data           2  adc.o(.data)
    specUnicode                              0x200003ba   Data         136  font.o(.data)
    activeLeds                               0x20000456   Data           1  max30102.o(.data)
    numBitsADC                               0x20000457   Data           1  max30102.o(.data)
    key_code                                 0x20000458   Data           4  button.o(.data)
    rcv_buffer                               0x2000045c   Data         100  stm32f10x_it.o(.bss)
    rcv_buffer2                              0x200004c0   Data         100  stm32f10x_it.o(.bss)
    ecg_arr                                  0x20000844   Data         200  main.o(.bss)
    ecg_buff                                 0x2000090c   Data          40  main.o(.bss)
    raw_adc_value                            0x20000934   Data          40  adc.o(.bss)
    ledIRBuff                                0x20000968   Data         128  max30102.o(.bss)
    ledRedBuff                               0x200009e8   Data         128  max30102.o(.bss)
    __libspace_start                         0x20000d88   Data          96  libspace.o(.bss)
    __temporary_stack_top$libspace           0x20000de8   Data           0  libspace.o(.bss)



==============================================================================

Memory Map of the image

  Image Entry point : 0x080000ed

  Load Region LR_IROM1 (Base: 0x08000000, Size: 0x0000578c, Max: 0x00010000, ABSOLUTE, COMPRESSED[0x0000562c])

    Execution Region ER_IROM1 (Exec base: 0x08000000, Load base: 0x08000000, Size: 0x00005330, Max: 0x00010000, ABSOLUTE)

    Exec Addr    Load Addr    Size         Type   Attr      Idx    E Section Name        Object

    0x08000000   0x08000000   0x000000ec   Data   RO         3473    RESET               startup_stm32f10x_md.o
    0x080000ec   0x080000ec   0x00000008   Code   RO         4834  * !!!main             c_w.l(__main.o)
    0x080000f4   0x080000f4   0x00000034   Code   RO         5014    !!!scatter          c_w.l(__scatter.o)
    0x08000128   0x08000128   0x0000005a   Code   RO         5012    !!dczerorl2         c_w.l(__dczerorl2.o)
    0x08000182   0x08000182   0x00000002   PAD
    0x08000184   0x08000184   0x0000001c   Code   RO         5016    !!handler_zi        c_w.l(__scatter_zi.o)
    0x080001a0   0x080001a0   0x00000000   Code   RO         4829    .ARM.Collect$$_printf_percent$$00000000  c_w.l(_printf_percent.o)
    0x080001a0   0x080001a0   0x00000006   Code   RO         4828    .ARM.Collect$$_printf_percent$$00000009  c_w.l(_printf_d.o)
    0x080001a6   0x080001a6   0x00000004   Code   RO         4847    .ARM.Collect$$_printf_percent$$00000017  c_w.l(_printf_percent_end.o)
    0x080001aa   0x080001aa   0x00000002   Code   RO         4880    .ARM.Collect$$libinit$$00000000  c_w.l(libinit.o)
    0x080001ac   0x080001ac   0x00000000   Code   RO         4893    .ARM.Collect$$libinit$$00000002  c_w.l(libinit2.o)
    0x080001ac   0x080001ac   0x00000000   Code   RO         4895    .ARM.Collect$$libinit$$00000004  c_w.l(libinit2.o)
    0x080001ac   0x080001ac   0x00000000   Code   RO         4898    .ARM.Collect$$libinit$$0000000A  c_w.l(libinit2.o)
    0x080001ac   0x080001ac   0x00000000   Code   RO         4900    .ARM.Collect$$libinit$$0000000C  c_w.l(libinit2.o)
    0x080001ac   0x080001ac   0x00000000   Code   RO         4902    .ARM.Collect$$libinit$$0000000E  c_w.l(libinit2.o)
    0x080001ac   0x080001ac   0x00000000   Code   RO         4905    .ARM.Collect$$libinit$$00000011  c_w.l(libinit2.o)
    0x080001ac   0x080001ac   0x00000000   Code   RO         4907    .ARM.Collect$$libinit$$00000013  c_w.l(libinit2.o)
    0x080001ac   0x080001ac   0x00000000   Code   RO         4909    .ARM.Collect$$libinit$$00000015  c_w.l(libinit2.o)
    0x080001ac   0x080001ac   0x00000000   Code   RO         4911    .ARM.Collect$$libinit$$00000017  c_w.l(libinit2.o)
    0x080001ac   0x080001ac   0x00000000   Code   RO         4913    .ARM.Collect$$libinit$$00000019  c_w.l(libinit2.o)
    0x080001ac   0x080001ac   0x00000000   Code   RO         4915    .ARM.Collect$$libinit$$0000001B  c_w.l(libinit2.o)
    0x080001ac   0x080001ac   0x00000000   Code   RO         4917    .ARM.Collect$$libinit$$0000001D  c_w.l(libinit2.o)
    0x080001ac   0x080001ac   0x00000000   Code   RO         4919    .ARM.Collect$$libinit$$0000001F  c_w.l(libinit2.o)
    0x080001ac   0x080001ac   0x00000000   Code   RO         4921    .ARM.Collect$$libinit$$00000021  c_w.l(libinit2.o)
    0x080001ac   0x080001ac   0x00000000   Code   RO         4923    .ARM.Collect$$libinit$$00000023  c_w.l(libinit2.o)
    0x080001ac   0x080001ac   0x00000000   Code   RO         4925    .ARM.Collect$$libinit$$00000025  c_w.l(libinit2.o)
    0x080001ac   0x080001ac   0x00000000   Code   RO         4929    .ARM.Collect$$libinit$$0000002C  c_w.l(libinit2.o)
    0x080001ac   0x080001ac   0x00000000   Code   RO         4931    .ARM.Collect$$libinit$$0000002E  c_w.l(libinit2.o)
    0x080001ac   0x080001ac   0x00000000   Code   RO         4933    .ARM.Collect$$libinit$$00000030  c_w.l(libinit2.o)
    0x080001ac   0x080001ac   0x00000000   Code   RO         4935    .ARM.Collect$$libinit$$00000032  c_w.l(libinit2.o)
    0x080001ac   0x080001ac   0x00000002   Code   RO         4936    .ARM.Collect$$libinit$$00000033  c_w.l(libinit2.o)
    0x080001ae   0x080001ae   0x00000002   Code   RO         4967    .ARM.Collect$$libshutdown$$00000000  c_w.l(libshutdown.o)
    0x080001b0   0x080001b0   0x00000000   Code   RO         4993    .ARM.Collect$$libshutdown$$00000002  c_w.l(libshutdown2.o)
    0x080001b0   0x080001b0   0x00000000   Code   RO         4995    .ARM.Collect$$libshutdown$$00000004  c_w.l(libshutdown2.o)
    0x080001b0   0x080001b0   0x00000000   Code   RO         4997    .ARM.Collect$$libshutdown$$00000006  c_w.l(libshutdown2.o)
    0x080001b0   0x080001b0   0x00000000   Code   RO         5000    .ARM.Collect$$libshutdown$$00000009  c_w.l(libshutdown2.o)
    0x080001b0   0x080001b0   0x00000000   Code   RO         5003    .ARM.Collect$$libshutdown$$0000000C  c_w.l(libshutdown2.o)
    0x080001b0   0x080001b0   0x00000000   Code   RO         5005    .ARM.Collect$$libshutdown$$0000000E  c_w.l(libshutdown2.o)
    0x080001b0   0x080001b0   0x00000000   Code   RO         5008    .ARM.Collect$$libshutdown$$00000011  c_w.l(libshutdown2.o)
    0x080001b0   0x080001b0   0x00000002   Code   RO         5009    .ARM.Collect$$libshutdown$$00000012  c_w.l(libshutdown2.o)
    0x080001b2   0x080001b2   0x00000000   Code   RO         4836    .ARM.Collect$$rtentry$$00000000  c_w.l(__rtentry.o)
    0x080001b2   0x080001b2   0x00000000   Code   RO         4849    .ARM.Collect$$rtentry$$00000002  c_w.l(__rtentry2.o)
    0x080001b2   0x080001b2   0x00000006   Code   RO         4861    .ARM.Collect$$rtentry$$00000004  c_w.l(__rtentry4.o)
    0x080001b8   0x080001b8   0x00000000   Code   RO         4851    .ARM.Collect$$rtentry$$00000009  c_w.l(__rtentry2.o)
    0x080001b8   0x080001b8   0x00000004   Code   RO         4852    .ARM.Collect$$rtentry$$0000000A  c_w.l(__rtentry2.o)
    0x080001bc   0x080001bc   0x00000000   Code   RO         4854    .ARM.Collect$$rtentry$$0000000C  c_w.l(__rtentry2.o)
    0x080001bc   0x080001bc   0x00000008   Code   RO         4855    .ARM.Collect$$rtentry$$0000000D  c_w.l(__rtentry2.o)
    0x080001c4   0x080001c4   0x00000002   Code   RO         4884    .ARM.Collect$$rtexit$$00000000  c_w.l(rtexit.o)
    0x080001c6   0x080001c6   0x00000000   Code   RO         4940    .ARM.Collect$$rtexit$$00000002  c_w.l(rtexit2.o)
    0x080001c6   0x080001c6   0x00000004   Code   RO         4941    .ARM.Collect$$rtexit$$00000003  c_w.l(rtexit2.o)
    0x080001ca   0x080001ca   0x00000006   Code   RO         4942    .ARM.Collect$$rtexit$$00000004  c_w.l(rtexit2.o)
    0x080001d0   0x080001d0   0x00000040   Code   RO         3474    .text               startup_stm32f10x_md.o
    0x08000210   0x08000210   0x000000ee   Code   RO         4798    .text               c_w.l(lludivv7m.o)
    0x080002fe   0x080002fe   0x00000002   PAD
    0x08000300   0x08000300   0x00000028   Code   RO         4802    .text               c_w.l(noretval__2sprintf.o)
    0x08000328   0x08000328   0x00000078   Code   RO         4806    .text               c_w.l(_printf_dec.o)
    0x080003a0   0x080003a0   0x000000b8   Code   RO         4811    .text               c_w.l(__printf_ss.o)
    0x08000458   0x08000458   0x00000064   Code   RO         4830    .text               c_w.l(rt_memcpy_w.o)
    0x080004bc   0x080004bc   0x00000006   Code   RO         4832    .text               c_w.l(heapauxi.o)
    0x080004c2   0x080004c2   0x000000b2   Code   RO         4841    .text               c_w.l(_printf_intcommon.o)
    0x08000574   0x08000574   0x00000030   Code   RO         4843    .text               c_w.l(_printf_char_common.o)
    0x080005a4   0x080005a4   0x0000000a   Code   RO         4845    .text               c_w.l(_sputc.o)
    0x080005ae   0x080005ae   0x0000004a   Code   RO         4867    .text               c_w.l(sys_stackheap_outer.o)
    0x080005f8   0x080005f8   0x00000012   Code   RO         4869    .text               c_w.l(exit.o)
    0x0800060a   0x0800060a   0x00000002   PAD
    0x0800060c   0x0800060c   0x00000008   Code   RO         4881    .text               c_w.l(libspace.o)
    0x08000614   0x08000614   0x0000000c   Code   RO         4937    .text               c_w.l(sys_exit.o)
    0x08000620   0x08000620   0x00000002   Code   RO         4956    .text               c_w.l(use_no_semi.o)
    0x08000622   0x08000622   0x00000000   Code   RO         4958    .text               c_w.l(indicate_semi.o)
    0x08000622   0x08000622   0x00000016   Code   RO         1745    i.ADC_Cmd           stm32f10x_adc.o
    0x08000638   0x08000638   0x00000016   Code   RO         1746    i.ADC_DMACmd        stm32f10x_adc.o
    0x0800064e   0x0800064e   0x00000014   Code   RO         1753    i.ADC_GetCalibrationStatus  stm32f10x_adc.o
    0x08000662   0x08000662   0x00000014   Code   RO         1759    i.ADC_GetResetCalibrationStatus  stm32f10x_adc.o
    0x08000676   0x08000676   0x00000002   PAD
    0x08000678   0x08000678   0x00000050   Code   RO         1763    i.ADC_Init          stm32f10x_adc.o
    0x080006c8   0x080006c8   0x000000b8   Code   RO         1767    i.ADC_RegularChannelConfig  stm32f10x_adc.o
    0x08000780   0x08000780   0x0000000a   Code   RO         1768    i.ADC_ResetCalibration  stm32f10x_adc.o
    0x0800078a   0x0800078a   0x00000016   Code   RO         1770    i.ADC_SoftwareStartConvCmd  stm32f10x_adc.o
    0x080007a0   0x080007a0   0x0000000a   Code   RO         1772    i.ADC_StartCalibration  stm32f10x_adc.o
    0x080007aa   0x080007aa   0x00000010   Code   RO         4077    i.Bluetooth_Init    bluetooth.o
    0x080007ba   0x080007ba   0x00000018   Code   RO         1459    i.DMA_Cmd           stm32f10x_dma.o
    0x080007d2   0x080007d2   0x00000002   PAD
    0x080007d4   0x080007d4   0x0000014c   Code   RO         1460    i.DMA_DeInit        stm32f10x_dma.o
    0x08000920   0x08000920   0x0000003c   Code   RO         1465    i.DMA_Init          stm32f10x_dma.o
    0x0800095c   0x0800095c   0x00000014   Code   RO            1    i.EXTI15_10_IRQHandler  stm32f10x_it.o
    0x08000970   0x08000970   0x00000014   Code   RO            2    i.EXTI2_IRQHandler  stm32f10x_it.o
    0x08000984   0x08000984   0x0000000c   Code   RO          759    i.EXTI_ClearITPendingBit  stm32f10x_exti.o
    0x08000990   0x08000990   0x00000094   Code   RO          764    i.EXTI_Init         stm32f10x_exti.o
    0x08000a24   0x08000a24   0x0000006c   Code   RO         4082    i.GPIO_Bluetooth_Init  bluetooth.o
    0x08000a90   0x08000a90   0x00000040   Code   RO          602    i.GPIO_EXTILineConfig  stm32f10x_gpio.o
    0x08000ad0   0x08000ad0   0x00000116   Code   RO          605    i.GPIO_Init         stm32f10x_gpio.o
    0x08000be6   0x08000be6   0x00000002   PAD
    0x08000be8   0x08000be8   0x00000090   Code   RO          607    i.GPIO_PinRemapConfig  stm32f10x_gpio.o
    0x08000c78   0x08000c78   0x00000012   Code   RO          609    i.GPIO_ReadInputDataBit  stm32f10x_gpio.o
    0x08000c8a   0x08000c8a   0x00000004   Code   RO          612    i.GPIO_ResetBits    stm32f10x_gpio.o
    0x08000c8e   0x08000c8e   0x00000004   Code   RO          613    i.GPIO_SetBits      stm32f10x_gpio.o
    0x08000c92   0x08000c92   0x0000000a   Code   RO          616    i.GPIO_WriteBit     stm32f10x_gpio.o
    0x08000c9c   0x08000c9c   0x00000070   Code   RO          719    i.NVIC_Init         misc.o
    0x08000d0c   0x08000d0c   0x00000014   Code   RO          720    i.NVIC_PriorityGroupConfig  misc.o
    0x08000d20   0x08000d20   0x00000018   Code   RO          323    i.RCC_ADCCLKConfig  stm32f10x_rcc.o
    0x08000d38   0x08000d38   0x00000020   Code   RO          324    i.RCC_AHBPeriphClockCmd  stm32f10x_rcc.o
    0x08000d58   0x08000d58   0x00000020   Code   RO          325    i.RCC_APB1PeriphClockCmd  stm32f10x_rcc.o
    0x08000d78   0x08000d78   0x00000020   Code   RO          327    i.RCC_APB2PeriphClockCmd  stm32f10x_rcc.o
    0x08000d98   0x08000d98   0x000000d4   Code   RO          335    i.RCC_GetClocksFreq  stm32f10x_rcc.o
    0x08000e6c   0x08000e6c   0x00000008   Code   RO         3425    i.SetSysClock       system_stm32f10x.o
    0x08000e74   0x08000e74   0x000000e0   Code   RO         3426    i.SetSysClockTo72   system_stm32f10x.o
    0x08000f54   0x08000f54   0x0000001c   Code   RO         3701    i.SetTimer_ms       timer.o
    0x08000f70   0x08000f70   0x00000008   Code   RO            3    i.SysTick_Handler   stm32f10x_it.o
    0x08000f78   0x08000f78   0x00000060   Code   RO         3428    i.SystemInit        system_stm32f10x.o
    0x08000fd8   0x08000fd8   0x00000048   Code   RO            4    i.USART1_IRQHandler  stm32f10x_it.o
    0x08001020   0x08001020   0x000000b0   Code   RO         3500    i.USART1_Init       uart.o
    0x080010d0   0x080010d0   0x00000020   Code   RO         3501    i.USART1_SendChar   uart.o
    0x080010f0   0x080010f0   0x00000070   Code   RO         3503    i.USART1_SendNum    uart.o
    0x08001160   0x08001160   0x00000016   Code   RO         3506    i.USART1_SendString  uart.o
    0x08001176   0x08001176   0x00000002   PAD
    0x08001178   0x08001178   0x0000004c   Code   RO            5    i.USART2_IRQHandler  stm32f10x_it.o
    0x080011c4   0x080011c4   0x000000b0   Code   RO         3507    i.USART2_Init       uart.o
    0x08001274   0x08001274   0x00000020   Code   RO         3508    i.USART2_SendChar   uart.o
    0x08001294   0x08001294   0x00000070   Code   RO         3510    i.USART2_SendNum    uart.o
    0x08001304   0x08001304   0x00000016   Code   RO         3513    i.USART2_SendString  uart.o
    0x0800131a   0x0800131a   0x00000018   Code   RO         1089    i.USART_Cmd         stm32f10x_usart.o
    0x08001332   0x08001332   0x0000001a   Code   RO         1092    i.USART_GetFlagStatus  stm32f10x_usart.o
    0x0800134c   0x0800134c   0x00000054   Code   RO         1093    i.USART_GetITStatus  stm32f10x_usart.o
    0x080013a0   0x080013a0   0x0000004a   Code   RO         1095    i.USART_ITConfig    stm32f10x_usart.o
    0x080013ea   0x080013ea   0x00000002   PAD
    0x080013ec   0x080013ec   0x000000d8   Code   RO         1096    i.USART_Init        stm32f10x_usart.o
    0x080014c4   0x080014c4   0x0000000a   Code   RO         1103    i.USART_ReceiveData  stm32f10x_usart.o
    0x080014ce   0x080014ce   0x00000008   Code   RO         1106    i.USART_SendData    stm32f10x_usart.o
    0x080014d6   0x080014d6   0x00000002   PAD
    0x080014d8   0x080014d8   0x00000054   Code   RO         4344    i.bGetChar          font.o
    0x0800152c   0x0800152c   0x00000008   Code   RO         4345    i.bluetoothIcon     font.o
    0x08001534   0x08001534   0x00000008   Code   RO         4346    i.bluetoothIconDelete  font.o
    0x0800153c   0x0800153c   0x00000014   Code   RO         4000    i.buzzerOff         buzzer.o
    0x08001550   0x08001550   0x00000014   Code   RO         4001    i.buzzerOn          buzzer.o
    0x08001564   0x08001564   0x00000038   Code   RO          141    i.change_state      main.o
    0x0800159c   0x0800159c   0x0000002c   Code   RO         4623    i.combine_sample    max30102.o
    0x080015c8   0x080015c8   0x00000016   Code   RO         4347    i.copyArr           font.o
    0x080015de   0x080015de   0x0000005a   Code   RO         4234    i.decode_arr        ssd1306.o
    0x08001638   0x08001638   0x00000034   Code   RO         3479    i.delay_us          delay.o
    0x0800166c   0x0800166c   0x0000002c   Code   RO         4391    i.device_status     display_screen.o
    0x08001698   0x08001698   0x0000003c   Code   RO         4052    i.enable_buttion_int2  button_int.o
    0x080016d4   0x080016d4   0x00000010   Code   RO         4624    i.getIR             max30102.o
    0x080016e4   0x080016e4   0x00000010   Code   RO         4626    i.getRed            max30102.o
    0x080016f4   0x080016f4   0x00000058   Code   RO         4027    i.get_adc           adc.o
    0x0800174c   0x0800174c   0x00000004   Code   RO          143    i.get_pin_level     main.o
    0x08001750   0x08001750   0x00000014   Code   RO         3814    i.get_sda           i2c_std.o
    0x08001764   0x08001764   0x0000001c   Code   RO         3819    i.i2c1_send_byte    i2c_std.o
    0x08001780   0x08001780   0x00000018   Code   RO         3820    i.i2c1_start        i2c_std.o
    0x08001798   0x08001798   0x00000018   Code   RO         3821    i.i2c1_stop         i2c_std.o
    0x080017b0   0x080017b0   0x00000018   Code   RO         3824    i.i2c2_recv_byte    i2c_std.o
    0x080017c8   0x080017c8   0x0000001c   Code   RO         3826    i.i2c2_send_byte    i2c_std.o
    0x080017e4   0x080017e4   0x00000018   Code   RO         3827    i.i2c2_start        i2c_std.o
    0x080017fc   0x080017fc   0x00000018   Code   RO         3828    i.i2c2_stop         i2c_std.o
    0x08001814   0x08001814   0x00000034   Code   RO         3829    i.i2c_init          i2c_std.o
    0x08001848   0x08001848   0x00000052   Code   RO         3831    i.i2c_recv_ack      i2c_std.o
    0x0800189a   0x0800189a   0x00000074   Code   RO         3832    i.i2c_recv_byte     i2c_std.o
    0x0800190e   0x0800190e   0x00000058   Code   RO         3833    i.i2c_send_ack      i2c_std.o
    0x08001966   0x08001966   0x00000082   Code   RO         3834    i.i2c_send_byte     i2c_std.o
    0x080019e8   0x080019e8   0x00000058   Code   RO         3835    i.i2c_start         i2c_std.o
    0x08001a40   0x08001a40   0x00000052   Code   RO         3836    i.i2c_stop          i2c_std.o
    0x08001a92   0x08001a92   0x00000002   PAD
    0x08001a94   0x08001a94   0x00000108   Code   RO         4028    i.init_adc          adc.o
    0x08001b9c   0x08001b9c   0x00000048   Code   RO         4772    i.init_button       button.o
    0x08001be4   0x08001be4   0x00000078   Code   RO         4053    i.init_button_int   button_int.o
    0x08001c5c   0x08001c5c   0x0000002c   Code   RO         4002    i.init_buzzer       buzzer.o
    0x08001c88   0x08001c88   0x00000018   Code   RO         3837    i.init_i2c1         i2c_std.o
    0x08001ca0   0x08001ca0   0x00000018   Code   RO         3838    i.init_i2c2         i2c_std.o
    0x08001cb8   0x08001cb8   0x00000078   Code   RO         3741    i.init_led          led.o
    0x08001d30   0x08001d30   0x00000038   Code   RO         4235    i.init_oled         ssd1306.o
    0x08001d68   0x08001d68   0x0000005c   Code   RO          145    i.init_system       main.o
    0x08001dc4   0x08001dc4   0x00000068   Code   RO         3702    i.init_timer        timer.o
    0x08001e2c   0x08001e2c   0x000000a0   Code   RO          146    i.isValidData       main.o
    0x08001ecc   0x08001ecc   0x00000014   Code   RO         4084    i.is_BLE_Connected  bluetooth.o
    0x08001ee0   0x08001ee0   0x00000068   Code   RO          147    i.main              main.o
    0x08001f48   0x08001f48   0x0000055c   Code   RO          148    i.main_thread       main.o
    0x080024a4   0x080024a4   0x0000007c   Code   RO         4628    i.max30102Setup     max30102.o
    0x08002520   0x08002520   0x0000000e   Code   RO         4629    i.max30102ShutDown  max30102.o
    0x0800252e   0x0800252e   0x0000000e   Code   RO         4630    i.max30102WakeUp    max30102.o
    0x0800253c   0x0800253c   0x00000042   Code   RO         4723    i.maxim_find_peaks  spo2.o
    0x0800257e   0x0800257e   0x00000002   PAD
    0x08002580   0x08002580   0x0000035c   Code   RO         4724    i.maxim_heart_rate_and_oxygen_saturation  spo2.o
    0x080028dc   0x080028dc   0x0000007a   Code   RO         4725    i.maxim_peaks_above_min_height  spo2.o
    0x08002956   0x08002956   0x00000072   Code   RO         4726    i.maxim_remove_close_peaks  spo2.o
    0x080029c8   0x080029c8   0x00000036   Code   RO         4727    i.maxim_sort_ascend  spo2.o
    0x080029fe   0x080029fe   0x00000040   Code   RO         4728    i.maxim_sort_indices_descend  spo2.o
    0x08002a3e   0x08002a3e   0x00000002   PAD
    0x08002a40   0x08002a40   0x00000048   Code   RO          149    i.mode_btn          main.o
    0x08002a88   0x08002a88   0x0000003e   Code   RO         4236    i.oledClearScreen   ssd1306.o
    0x08002ac6   0x08002ac6   0x00000050   Code   RO         4237    i.oledPrintChar     ssd1306.o
    0x08002b16   0x08002b16   0x0000007c   Code   RO         4238    i.oledPrintFormatNumber  ssd1306.o
    0x08002b92   0x08002b92   0x000000ae   Code   RO         4239    i.oledPrintIcon     ssd1306.o
    0x08002c40   0x08002c40   0x0000008c   Code   RO         4240    i.oledPrintLargeChar  ssd1306.o
    0x08002ccc   0x08002ccc   0x00000028   Code   RO         4241    i.oledPrintLargeNumber  ssd1306.o
    0x08002cf4   0x08002cf4   0x00000030   Code   RO         4242    i.oledPrintLargeString  ssd1306.o
    0x08002d24   0x08002d24   0x00000028   Code   RO         4243    i.oledPrintNumber   ssd1306.o
    0x08002d4c   0x08002d4c   0x00000040   Code   RO         4244    i.oledPrintStatement  ssd1306.o
    0x08002d8c   0x08002d8c   0x00000078   Code   RO         4245    i.oledPrintString   ssd1306.o
    0x08002e04   0x08002e04   0x00000024   Code   RO         4348    i.pinIcon           font.o
    0x08002e28   0x08002e28   0x000000cc   Code   RO         4631    i.readAllSampleAvailable  max30102.o
    0x08002ef4   0x08002ef4   0x00000022   Code   RO         4632    i.registerBitWrite  max30102.o
    0x08002f16   0x08002f16   0x0000003e   Code   RO         4633    i.registerRead      max30102.o
    0x08002f54   0x08002f54   0x00000036   Code   RO         4634    i.registerWrite     max30102.o
    0x08002f8a   0x08002f8a   0x00000026   Code   RO         4635    i.sampleAvailable   max30102.o
    0x08002fb0   0x08002fb0   0x0000004c   Code   RO         4773    i.scan_button       button.o
    0x08002ffc   0x08002ffc   0x00000020   Code   RO         3839    i.sda_input_mode    i2c_std.o
    0x0800301c   0x0800301c   0x00000024   Code   RO         3840    i.sda_output_mode   i2c_std.o
    0x08003040   0x08003040   0x00000034   Code   RO         4247    i.send_byte_stream  ssd1306.o
    0x08003074   0x08003074   0x00000022   Code   RO         4248    i.send_char_4bit_height  ssd1306.o
    0x08003096   0x08003096   0x00000002   PAD
    0x08003098   0x08003098   0x0000002c   Code   RO         4249    i.set_cursor_pos    ssd1306.o
    0x080030c4   0x080030c4   0x00000024   Code   RO         3841    i.set_scl           i2c_std.o
    0x080030e8   0x080030e8   0x00000024   Code   RO         3842    i.set_sda           i2c_std.o
    0x0800310c   0x0800310c   0x0000001e   Code   RO          150    i.sizeOfNum         main.o
    0x0800312a   0x0800312a   0x0000003c   Code   RO         4636    i.softReset         max30102.o
    0x08003166   0x08003166   0x00000002   PAD
    0x08003168   0x08003168   0x00000040   Code   RO          151    i.start_btn         main.o
    0x080031a8   0x080031a8   0x00000030   Code   RO         3703    i.timer_isr         timer.o
    0x080031d8   0x080031d8   0x00000058   Code   RO          155    i.transmitECG       main.o
    0x08003230   0x08003230   0x00000016   Code   RO         3523    i.uart_power_of     uart.o
    0x08003246   0x08003246   0x00000036   Code   RO         4349    i.utf8ToUnicode     font.o
    0x0800327c   0x0800327c   0x00000030   Code   RO         4086    i.wake_up_Bluetooth  bluetooth.o
    0x080032ac   0x080032ac   0x00000fd6   Data   RO         4250    .constdata          ssd1306.o
    0x08004282   0x08004282   0x00000fd6   Data   RO         4351    .constdata          font.o
    0x08005258   0x08005258   0x000000b8   Data   RO         4730    .constdata          spo2.o
    0x08005310   0x08005310   0x00000020   Data   RO         5010    Region$$Table       anon$$obj.o


    Execution Region RW_IRAM1 (Exec base: 0x20000000, Load base: 0x08005330, Size: 0x000013e8, Max: 0x00005000, ABSOLUTE, COMPRESSED[0x000002fc])

    Exec Addr    Load Addr    Size         Type   Attr      Idx    E Section Name        Object

    0x20000000   COMPRESSED   0x00000003   Data   RW            7    .data               stm32f10x_it.o
    0x20000003   COMPRESSED   0x00000001   PAD
    0x20000004   COMPRESSED   0x00000350   Data   RW          159    .data               main.o
    0x20000354   COMPRESSED   0x00000014   Data   RW          355    .data               stm32f10x_rcc.o
    0x20000368   COMPRESSED   0x00000014   Data   RW         3429    .data               system_stm32f10x.o
    0x2000037c   COMPRESSED   0x0000000c   Data   RW         3704    .data               timer.o
    0x20000388   COMPRESSED   0x0000002c   Data   RW         3843    .data               i2c_std.o
    0x200003b4   COMPRESSED   0x00000006   Data   RW         4030    .data               adc.o
    0x200003ba   COMPRESSED   0x0000009c   Data   RW         4352    .data               font.o
    0x20000456   COMPRESSED   0x00000002   Data   RW         4638    .data               max30102.o
    0x20000458   COMPRESSED   0x00000004   Data   RW         4774    .data               button.o
    0x2000045c        -       0x000000c8   Zero   RW            6    .bss                stm32f10x_it.o
    0x20000524        -       0x00000410   Zero   RW          156    .bss                main.o
    0x20000934        -       0x00000028   Zero   RW         4029    .bss                adc.o
    0x2000095c        -       0x0000000a   Zero   RW         4350    .bss                font.o
    0x20000966   COMPRESSED   0x00000002   PAD
    0x20000968        -       0x00000100   Zero   RW         4637    .bss                max30102.o
    0x20000a68        -       0x00000320   Zero   RW         4729    .bss                spo2.o
    0x20000d88        -       0x00000060   Zero   RW         4882    .bss                c_w.l(libspace.o)
    0x20000de8        -       0x00000200   Zero   RW         3472    HEAP                startup_stm32f10x_md.o
    0x20000fe8        -       0x00000400   Zero   RW         3471    STACK               startup_stm32f10x_md.o


==============================================================================

Image component sizes


      Code (inc. data)   RO Data    RW Data    ZI Data      Debug   Object Name

       352         34          0          6         40       1945   adc.o
       192         18          0          0          0       1994   bluetooth.o
       148         20          0          4          0       1523   button.o
       180         10          0          0          0      16543   button_int.o
        84         18          0          0          0       1385   buzzer.o
         0          0          0          0          0         32   core_cm3.o
        52          0          0          0          0        827   delay.o
        44          0          0          0          0        600   display_screen.o
       212         28       4054        156         10       4143   font.o
      1022         66          0         44          0      12101   i2c_std.o
       120          8          0          0          0        527   led.o
      2042        336          0        848       1040       9657   main.o
       680         46          0          2        256       7888   max30102.o
       132         22          0          0          0       3651   misc.o
      1280         18        184          0        800       7172   spo2.o
      1168         80       4054          0          0      11371   ssd1306.o
        64         26        236          0       1536        944   startup_stm32f10x_md.o
       390         10          0          0          0      17397   stm32f10x_adc.o
       416          8          0          0          0      13766   stm32f10x_dma.o
       160         12          0          0          0       4117   stm32f10x_exti.o
       522         10          0          0          0      23736   stm32f10x_gpio.o
       196         36          0          3        200     234136   stm32f10x_it.o
       332         44          0         20          0     216917   stm32f10x_rcc.o
       442          6          0          0          0      13025   stm32f10x_usart.o
       328         28          0         20          0      15549   system_stm32f10x.o
       180         36          0         12          0      17170   timer.o
       706         26          0          0          0       5474   uart.o

    ----------------------------------------------------------------------
     11466        946       8560       1116       3884     643590   Object Totals
         0          0         32          0          0          0   (incl. Generated)
        22          0          0          1          2          0   (incl. Padding)

    ----------------------------------------------------------------------

      Code (inc. data)   RO Data    RW Data    ZI Data      Debug   Library Member Name

        90          0          0          0          0          0   __dczerorl2.o
         8          0          0          0          0         68   __main.o
       184          0          0          0          0         84   __printf_ss.o
         0          0          0          0          0          0   __rtentry.o
        12          0          0          0          0          0   __rtentry2.o
         6          0          0          0          0          0   __rtentry4.o
        52          8          0          0          0          0   __scatter.o
        28          0          0          0          0          0   __scatter_zi.o
        48          6          0          0          0         96   _printf_char_common.o
         6          0          0          0          0          0   _printf_d.o
       120         16          0          0          0         92   _printf_dec.o
       178          0          0          0          0         88   _printf_intcommon.o
         0          0          0          0          0          0   _printf_percent.o
         4          0          0          0          0          0   _printf_percent_end.o
        10          0          0          0          0         68   _sputc.o
        18          0          0          0          0         80   exit.o
         6          0          0          0          0        152   heapauxi.o
         0          0          0          0          0          0   indicate_semi.o
         2          0          0          0          0          0   libinit.o
         2          0          0          0          0          0   libinit2.o
         2          0          0          0          0          0   libshutdown.o
         2          0          0          0          0          0   libshutdown2.o
         8          4          0          0         96         68   libspace.o
       238          0          0          0          0        100   lludivv7m.o
        40          6          0          0          0         84   noretval__2sprintf.o
       100          0          0          0          0         80   rt_memcpy_w.o
         2          0          0          0          0          0   rtexit.o
        10          0          0          0          0          0   rtexit2.o
        12          4          0          0          0         68   sys_exit.o
        74          0          0          0          0         80   sys_stackheap_outer.o
         2          0          0          0          0         68   use_no_semi.o

    ----------------------------------------------------------------------
      1270         44          0          0         96       1276   Library Totals
         6          0          0          0          0          0   (incl. Padding)

    ----------------------------------------------------------------------

      Code (inc. data)   RO Data    RW Data    ZI Data      Debug   Library Name

      1264         44          0          0         96       1276   c_w.l

    ----------------------------------------------------------------------
      1270         44          0          0         96       1276   Library Totals

    ----------------------------------------------------------------------

==============================================================================


      Code (inc. data)   RO Data    RW Data    ZI Data      Debug   

     12736        990       8560       1116       3980     637166   Grand Totals
     12736        990       8560        764       3980     637166   ELF Image Totals (compressed)
     12736        990       8560        764          0          0   ROM Totals

==============================================================================

    Total RO  Size (Code + RO Data)                21296 (  20.80kB)
    Total RW  Size (RW Data + ZI Data)              5096 (   4.98kB)
    Total ROM Size (Code + RO Data + RW Data)      22060 (  21.54kB)

==============================================================================

