Component: ARM Compiler 5.06 update 7 (build 960) Tool: armlink [4d3601]

==============================================================================

Section Cross References

    stm32f10x_it.o(i.EXTI9_5_IRQHandler) refers to stm32f10x_exti.o(i.EXTI_GetITStatus) for EXTI_GetITStatus
    stm32f10x_it.o(i.EXTI9_5_IRQHandler) refers to int.o(i.gpio_isr) for gpio_isr
    stm32f10x_it.o(i.EXTI9_5_IRQHandler) refers to stm32f10x_exti.o(i.EXTI_ClearITPendingBit) for EXTI_ClearITPendingBit
    stm32f10x_it.o(i.SysTick_Handler) refers to timer.o(i.timer_isr) for timer_isr
    main.o(i.change_state) refers to ssd1306.o(i.oledClearScreen) for oledClearScreen
    main.o(i.change_state) refers to main.o(.data) for state
    main.o(i.init_system) refers to timer.o(i.init_timer) for init_timer
    main.o(i.init_system) refers to uart.o(i.USART1_Init) for USART1_Init
    main.o(i.init_system) refers to timer.o(i.SetTimer_ms) for SetTimer_ms
    main.o(i.init_system) refers to lcd.o(i.init_lcd) for init_lcd
    main.o(i.init_system) refers to i2c_std.o(i.init_i2c1) for init_i2c1
    main.o(i.init_system) refers to i2c_std.o(i.init_i2c2) for init_i2c2
    main.o(i.init_system) refers to ssd1306.o(i.init_oled) for init_oled
    main.o(i.init_system) refers to button.o(i.init_button) for init_button
    main.o(i.init_system) refers to led.o(i.init_led) for init_led
    main.o(i.init_system) refers to max30102.o(i.max30102Setup) for max30102Setup
    main.o(i.isValidData) refers to max30102.o(i.getRed) for getRed
    main.o(i.main) refers to stm32f10x_rcc.o(i.RCC_APB2PeriphClockCmd) for RCC_APB2PeriphClockCmd
    main.o(i.main) refers to stm32f10x_gpio.o(i.GPIO_PinRemapConfig) for GPIO_PinRemapConfig
    main.o(i.main) refers to main.o(i.init_system) for init_system
    main.o(i.main) refers to ssd1306.o(i.oledClearScreen) for oledClearScreen
    main.o(i.main) refers to led.o(i.DebugLedOn) for DebugLedOn
    main.o(i.main) refers to led.o(i.DebugLedOff) for DebugLedOff
    main.o(i.main) refers to button.o(i.scan_button) for scan_button
    main.o(i.main) refers to main.o(i.get_pin_level) for get_pin_level
    main.o(i.main) refers to main.o(i.get_bluetooth_status) for get_bluetooth_status
    main.o(i.main) refers to display_screen.o(i.device_status) for device_status
    main.o(i.main) refers to ssd1306.o(i.oledPrintString) for oledPrintString
    main.o(i.main) refers to display_screen.o(i.intro_screen) for intro_screen
    main.o(i.main) refers to main.o(i.mode_btn) for mode_btn
    main.o(i.main) refers to main.o(i.change_state) for change_state
    main.o(i.main) refers to main.o(i.start_btn) for start_btn
    main.o(i.main) refers to max30102.o(i.max30102WakeUp) for max30102WakeUp
    main.o(i.main) refers to max30102.o(i.readAllSampleAvailable) for readAllSampleAvailable
    main.o(i.main) refers to ssd1306.o(i.oledPrintNumber) for oledPrintNumber
    main.o(i.main) refers to main.o(i.isValidData) for isValidData
    main.o(i.main) refers to ssd1306.o(i.oledPrintChar) for oledPrintChar
    main.o(i.main) refers to max30102.o(i.getIR) for getIR
    main.o(i.main) refers to max30102.o(i.getRed) for getRed
    main.o(i.main) refers to display_screen.o(i.ecg_mode_screen) for ecg_mode_screen
    main.o(i.main) refers to timer.o(.data) for flag_timer
    main.o(i.main) refers to main.o(.data) for pinLevel
    main.o(i.mode_btn) refers to button.o(.data) for key_code
    main.o(i.mode_btn) refers to main.o(.data) for pVal
    main.o(i.start_btn) refers to button.o(.data) for key_code
    main.o(i.start_btn) refers to main.o(.data) for pVal2
    main.o(i.storeData) refers to timer.o(i.SetTimer_ms) for SetTimer_ms
    main.o(i.storeData) refers to max30102.o(i.readAllSampleAvailable) for readAllSampleAvailable
    main.o(i.storeData) refers to max30102.o(i.getIR) for getIR
    main.o(i.storeData) refers to max30102.o(i.getRed) for getRed
    main.o(i.storeData) refers to timer.o(.data) for flag_timer
    main.o(i.storeData) refers to main.o(.data) for irArr
    main.o(i.testTimer) refers to stm32f10x_gpio.o(i.GPIO_SetBits) for GPIO_SetBits
    main.o(i.testTimer) refers to stm32f10x_gpio.o(i.GPIO_ResetBits) for GPIO_ResetBits
    main.o(i.testTimer) refers to main.o(.data) for testFlag
    main.o(i.testTimerInit) refers to stm32f10x_rcc.o(i.RCC_APB2PeriphClockCmd) for RCC_APB2PeriphClockCmd
    main.o(i.testTimerInit) refers to stm32f10x_gpio.o(i.GPIO_Init) for GPIO_Init
    main.o(i.transData) refers to uart.o(i.USART1_SendNum) for USART1_SendNum
    main.o(i.transData) refers to uart.o(i.USART1_SendString) for USART1_SendString
    main.o(i.transData) refers to main.o(.data) for redArr
    main.o(i.transString) refers to uart.o(i.USART1_SendString) for USART1_SendString
    stm32f10x_rcc.o(i.RCC_GetClocksFreq) refers to stm32f10x_rcc.o(.data) for APBAHBPrescTable
    stm32f10x_rcc.o(i.RCC_WaitForHSEStartUp) refers to stm32f10x_rcc.o(i.RCC_GetFlagStatus) for RCC_GetFlagStatus
[...]
    Removing stm32f10x_tim.o(i.TIM_OC3PreloadConfig), (18 bytes).
    Removing stm32f10x_tim.o(i.TIM_OC4FastConfig), (26 bytes).
    Removing stm32f10x_tim.o(i.TIM_OC4Init), (124 bytes).
    Removing stm32f10x_tim.o(i.TIM_OC4PolarityConfig), (26 bytes).
    Removing stm32f10x_tim.o(i.TIM_OC4PreloadConfig), (26 bytes).
    Removing stm32f10x_tim.o(i.TIM_OCStructInit), (20 bytes).
    Removing stm32f10x_tim.o(i.TIM_PWMIConfig), (124 bytes).
    Removing stm32f10x_tim.o(i.TIM_PrescalerConfig), (6 bytes).
    Removing stm32f10x_tim.o(i.TIM_SelectCCDMA), (24 bytes).
    Removing stm32f10x_tim.o(i.TIM_SelectCOM), (24 bytes).
    Removing stm32f10x_tim.o(i.TIM_SelectHallSensor), (24 bytes).
    Removing stm32f10x_tim.o(i.TIM_SelectInputTrigger), (18 bytes).
    Removing stm32f10x_tim.o(i.TIM_SelectMasterSlaveMode), (18 bytes).
    Removing stm32f10x_tim.o(i.TIM_SelectOCxM), (82 bytes).
    Removing stm32f10x_tim.o(i.TIM_SelectOnePulseMode), (18 bytes).
    Removing stm32f10x_tim.o(i.TIM_SelectOutputTrigger), (18 bytes).
    Removing stm32f10x_tim.o(i.TIM_SelectSlaveMode), (18 bytes).
    Removing stm32f10x_tim.o(i.TIM_SetAutoreload), (4 bytes).
    Removing stm32f10x_tim.o(i.TIM_SetClockDivision), (18 bytes).
    Removing stm32f10x_tim.o(i.TIM_SetCompare1), (4 bytes).
    Removing stm32f10x_tim.o(i.TIM_SetCompare2), (4 bytes).
    Removing stm32f10x_tim.o(i.TIM_SetCompare3), (4 bytes).
    Removing stm32f10x_tim.o(i.TIM_SetCompare4), (6 bytes).
    Removing stm32f10x_tim.o(i.TIM_SetCounter), (4 bytes).
    Removing stm32f10x_tim.o(i.TIM_SetIC1Prescaler), (18 bytes).
    Removing stm32f10x_tim.o(i.TIM_SetIC2Prescaler), (26 bytes).
    Removing stm32f10x_tim.o(i.TIM_SetIC3Prescaler), (18 bytes).
    Removing stm32f10x_tim.o(i.TIM_SetIC4Prescaler), (26 bytes).
    Removing stm32f10x_tim.o(i.TIM_TIxExternalClockConfig), (62 bytes).
    Removing stm32f10x_tim.o(i.TIM_TimeBaseInit), (164 bytes).
    Removing stm32f10x_tim.o(i.TIM_TimeBaseStructInit), (18 bytes).
    Removing stm32f10x_tim.o(i.TIM_UpdateDisableConfig), (24 bytes).
    Removing stm32f10x_tim.o(i.TIM_UpdateRequestConfig), (24 bytes).
    Removing stm32f10x_wwdg.o(i.WWDG_ClearFlag), (12 bytes).
    Removing stm32f10x_wwdg.o(i.WWDG_DeInit), (22 bytes).
    Removing stm32f10x_wwdg.o(i.WWDG_Enable), (16 bytes).
    Removing stm32f10x_wwdg.o(i.WWDG_EnableIT), (12 bytes).
    Removing stm32f10x_wwdg.o(i.WWDG_GetFlagStatus), (12 bytes).
    Removing stm32f10x_wwdg.o(i.WWDG_SetCounter), (16 bytes).
    Removing stm32f10x_wwdg.o(i.WWDG_SetPrescaler), (24 bytes).
    Removing stm32f10x_wwdg.o(i.WWDG_SetWindowValue), (40 bytes).
    Removing core_cm3.o(.emb_text), (32 bytes).
    Removing system_stm32f10x.o(i.SystemCoreClockUpdate), (164 bytes).
    Removing uart.o(i.USART1_SendChar), (32 bytes).
    Removing uart.o(i.USART1_SendNum), (112 bytes).
    Removing uart.o(i.USART1_SendString), (22 bytes).
    Removing uart.o(i.fputc), (36 bytes).
    Removing uart.o(i.uart_power_of), (22 bytes).
    Removing output.o(i.MosfetOutputOff), (20 bytes).
    Removing output.o(i.MosfetOutputOn), (20 bytes).
    Removing output.o(i.RelayOutputOff), (16 bytes).
    Removing output.o(i.RelayOutputOn), (16 bytes).
    Removing output.o(i.init_output), (84 bytes).
    Removing adc.o(i.get_adc), (88 bytes).
    Removing adc.o(i.init_adc), (264 bytes).
    Removing adc.o(.bss), (40 bytes).
    Removing adc.o(.data), (6 bytes).
    Removing led.o(i.BlinkDebugLed), (48 bytes).
    Removing led.o(i.LedTurnOff), (148 bytes).
    Removing led.o(i.LedTurnOn), (148 bytes).
    Removing led.o(.data), (2 bytes).
    Removing int.o(i.EXTI9_5_Config), (112 bytes).
    Removing int.o(i.gpio_int_init), (48 bytes).
    Removing i2c_std.o(i.i2c1_isReady), (28 bytes).
    Removing i2c_std.o(i.i2c1_recv_ack), (24 bytes).
    Removing i2c_std.o(i.i2c1_recv_byte), (24 bytes).
    Removing i2c_std.o(i.i2c1_send_ack), (28 bytes).
    Removing i2c_std.o(i.i2c2_isReady), (28 bytes).
    Removing i2c_std.o(i.i2c2_recv_ack), (24 bytes).
    Removing i2c_std.o(i.i2c2_send_ack), (28 bytes).
    Removing i2c_std.o(i.i2c_isReady), (38 bytes).
    Removing ssd1306.o(i.oledTest), (52 bytes).
    Removing ssd1306.o(.constdata), (3615 bytes).
    Removing display_screen.o(i.ppg_mode_screen), (124 bytes).
    Removing display_screen.o(.constdata), (3615 bytes).
    Removing lcd.o(i.DisplayLcdScreen), (84 bytes).
    Removing lcd.o(i.LCD_DATA_DIR_IN), (128 bytes).
    Removing lcd.o(i.LCD_DATA_IN), (8 bytes).
    Removing lcd.o(i.LCD_Print), (22 bytes).
    Removing lcd.o(i.LCD_PrintCharS), (56 bytes).
    Removing lcd.o(i.LCD_PrintNum), (32 bytes).
    Removing lcd.o(i.LCD_PrintNumS), (32 bytes).
    Removing lcd.o(i.LCD_PrintStringS), (22 bytes).
    Removing lcd.o(i.LCD_SetCursorPos), (54 bytes).
    Removing lcd.o(i.LcdClear), (18 bytes).
    Removing lcd.o(i.LcdClearS), (44 bytes).
    Removing lcd.o(i.LcdClearScreen), (32 bytes).
    Removing lcd.o(i.LcdPrintCharS), (72 bytes).
    Removing lcd.o(i.LcdPrintNum), (24 bytes).
    Removing lcd.o(i.LcdPrintNumS), (60 bytes).
    Removing lcd.o(i.LcdPrintString), (24 bytes).
    Removing lcd.o(i.LcdPrintStringS), (72 bytes).
    Removing lcd.o(i.PINS_DATA), (76 bytes).
    Removing lcd.o(i.ScreenProcess), (60 bytes).
    Removing lcd.o(i.isButtonDecLine), (20 bytes).
    Removing lcd.o(i.isButtonIncLine), (20 bytes).
    Removing lcd.o(.data), (269 bytes).
    Removing max30102.o(i.getReadPtr), (10 bytes).
    Removing max30102.o(i.getWritePtr), (10 bytes).
    Removing max30102.o(i.max30102ShutDown), (14 bytes).
    Removing spo2.o(i.maxim_find_peaks), (66 bytes).
    Removing spo2.o(i.maxim_heart_rate_and_oxygen_saturation), (856 bytes).
    Removing spo2.o(i.maxim_peaks_above_min_height), (122 bytes).
    Removing spo2.o(i.maxim_remove_close_peaks), (114 bytes).
    Removing spo2.o(i.maxim_sort_ascend), (54 bytes).
    Removing spo2.o(i.maxim_sort_indices_descend), (64 bytes).
    Removing spo2.o(.bss), (800 bytes).
    Removing spo2.o(.constdata), (184 bytes).

534 unused section(s) (total 35608 bytes) removed from the image.

==============================================================================

Image Symbol Table

    Local Symbols

    Symbol Name                              Value     Ov Type        Size  Object(Section)

    ../clib/angel/boardlib.s                 0x00000000   Number         0  boardinit2.o ABSOLUTE
    ../clib/angel/boardlib.s                 0x00000000   Number         0  boardshut.o ABSOLUTE
    ../clib/angel/boardlib.s                 0x00000000   Number         0  boardinit1.o ABSOLUTE
    ../clib/angel/boardlib.s                 0x00000000   Number         0  boardinit3.o ABSOLUTE
    ../clib/angel/dclz77c.s                  0x00000000   Number         0  __dclz77c.o ABSOLUTE
    ../clib/angel/handlers.s                 0x00000000   Number         0  __scatter_zi.o ABSOLUTE
    ../clib/angel/kernel.s                   0x00000000   Number         0  __rtentry.o ABSOLUTE
    ../clib/angel/kernel.s                   0x00000000   Number         0  __rtentry2.o ABSOLUTE
    ../clib/angel/kernel.s                   0x00000000   Number         0  __rtentry4.o ABSOLUTE
    ../clib/angel/kernel.s                   0x00000000   Number         0  rtexit.o ABSOLUTE
    ../clib/angel/kernel.s                   0x00000000   Number         0  rtexit2.o ABSOLUTE
    ../clib/angel/rt.s                       0x00000000   Number         0  rt_raise.o ABSOLUTE
    ../clib/angel/scatter.s                  0x00000000   Number         0  __scatter.o ABSOLUTE
    ../clib/angel/startup.s                  0x00000000   Number         0  __main.o ABSOLUTE
    ../clib/angel/sys.s                      0x00000000   Number         0  use_no_semi.o ABSOLUTE
    ../clib/angel/sys.s                      0x00000000   Number         0  indicate_semi.o ABSOLUTE
    ../clib/angel/sys.s                      0x00000000   Number         0  sys_stackheap_outer.o ABSOLUTE
    ../clib/angel/sys.s                      0x00000000   Number         0  libspace.o ABSOLUTE
    ../clib/angel/sysapp.c                   0x00000000   Number         0  sys_wrch.o ABSOLUTE
    ../clib/angel/sysapp.c                   0x00000000   Number         0  sys_command.o ABSOLUTE
    ../clib/angel/sysapp.c                   0x00000000   Number         0  sys_exit.o ABSOLUTE
    ../clib/armsys.c                         0x00000000   Number         0  argv_veneer.o ABSOLUTE
    ../clib/armsys.c                         0x00000000   Number         0  no_argv.o ABSOLUTE
    ../clib/armsys.c                         0x00000000   Number         0  argv_veneer.o ABSOLUTE
    ../clib/armsys.c                         0x00000000   Number         0  _get_argv_nomalloc.o ABSOLUTE
    ../clib/heapalloc.c                      0x00000000   Number         0  hrguard.o ABSOLUTE
    ../clib/heapaux.c                        0x00000000   Number         0  heapauxi.o ABSOLUTE
    ../clib/libinit.s                        0x00000000   Number         0  libshutdown.o ABSOLUTE
    ../clib/libinit.s                        0x00000000   Number         0  libinit2.o ABSOLUTE
    ../clib/libinit.s                        0x00000000   Number         0  libshutdown2.o ABSOLUTE
    ../clib/libinit.s                        0x00000000   Number         0  libinit.o ABSOLUTE
    ../clib/memcpset.s                       0x00000000   Number         0  rt_memcpy_w.o ABSOLUTE
    ../clib/misc.s                           0x00000000   Number         0  printf_stubs.o ABSOLUTE
    ../clib/printf.c                         0x00000000   Number         0  _printf_intcommon.o ABSOLUTE
    ../clib/printf.c                         0x00000000   Number         0  __printf_flags_ss.o ABSOLUTE
    ../clib/printf.c                         0x00000000   Number         0  __printf_ss.o ABSOLUTE
    ../clib/printf.c                         0x00000000   Number         0  __printf_nopercent.o ABSOLUTE
    ../clib/printf.c                         0x00000000   Number         0  __printf_flags.o ABSOLUTE
    ../clib/printf.c                         0x00000000   Number         0  _sputc.o ABSOLUTE
    ../clib/printf.c                         0x00000000   Number         0  _printf_char_common.o ABSOLUTE
    ../clib/printf.c                         0x00000000   Number         0  __printf.o ABSOLUTE
    ../clib/printf.c                         0x00000000   Number         0  noretval__2sprintf.o ABSOLUTE
    ../clib/printf.c                         0x00000000   Number         0  _printf_dec.o ABSOLUTE
    ../clib/printf.c                         0x00000000   Number         0  __2sprintf.o ABSOLUTE
    ../clib/printf.c                         0x00000000   Number         0  __printf_wp.o ABSOLUTE
    ../clib/printf.c                         0x00000000   Number         0  __printf_flags_ss_wp.o ABSOLUTE
    ../clib/printf.c                         0x00000000   Number         0  __printf_ss_wp.o ABSOLUTE
    ../clib/printf.c                         0x00000000   Number         0  __printf_flags_wp.o ABSOLUTE
    ../clib/printf_percent.s                 0x00000000   Number         0  _printf_percent.o ABSOLUTE
    ../clib/printf_percent.s                 0x00000000   Number         0  _printf_percent_end.o ABSOLUTE
    ../clib/printf_percent.s                 0x00000000   Number         0  _printf_d.o ABSOLUTE
    ../clib/signal.c                         0x00000000   Number         0  defsig_rtred_inner.o ABSOLUTE
    ../clib/signal.c                         0x00000000   Number         0  defsig_fpe_inner.o ABSOLUTE
    ../clib/signal.c                         0x00000000   Number         0  defsig_abrt_inner.o ABSOLUTE
    ../clib/signal.c                         0x00000000   Number         0  defsig_general.o ABSOLUTE
    ../clib/signal.c                         0x00000000   Number         0  defsig_rtmem_inner.o ABSOLUTE
    ../clib/signal.c                         0x00000000   Number         0  defsig_exit.o ABSOLUTE
    ../clib/signal.c                         0x00000000   Number         0  __raise.o ABSOLUTE
    ../clib/signal.c                         0x00000000   Number         0  defsig_rtmem_formal.o ABSOLUTE
    ../clib/signal.c                         0x00000000   Number         0  defsig_rtmem_outer.o ABSOLUTE
    ../clib/signal.c                         0x00000000   Number         0  defsig_other.o ABSOLUTE
    ../clib/signal.c                         0x00000000   Number         0  defsig_segv_inner.o ABSOLUTE
    ../clib/signal.c                         0x00000000   Number         0  defsig_cppl_inner.o ABSOLUTE
    ../clib/signal.c                         0x00000000   Number         0  defsig_pvfn_inner.o ABSOLUTE
    ../clib/signal.c                         0x00000000   Number         0  defsig_stak_inner.o ABSOLUTE
    ../clib/signal.s                         0x00000000   Number         0  defsig.o ABSOLUTE
    ../clib/stdlib.c                         0x00000000   Number         0  exit.o ABSOLUTE
    ../fplib/fpinit.s                        0x00000000   Number         0  fpinit.o ABSOLUTE
    ..\..\..\Libraries\CMSIS\CM3\CoreSupport\core_cm3.c 0x00000000   Number         0  core_cm3.o ABSOLUTE
    ..\..\..\Libraries\CMSIS\CM3\DeviceSupport\ST\STM32F10x\startup\arm\startup_stm32f10x_md.s 0x00000000   Number         0  startup_stm32f10x_md.o ABSOLUTE
    ..\..\..\Libraries\STM32F10x_StdPeriph_Driver\src\misc.c 0x00000000   Number         0  misc.o ABSOLUTE
    ..\..\..\Libraries\STM32F10x_StdPeriph_Driver\src\stm32f10x_adc.c 0x00000000   Number         0  stm32f10x_adc.o ABSOLUTE
    ..\..\..\Libraries\STM32F10x_StdPeriph_Driver\src\stm32f10x_bkp.c 0x00000000   Number         0  stm32f10x_bkp.o ABSOLUTE
    ..\..\..\Libraries\STM32F10x_StdPeriph_Driver\src\stm32f10x_can.c 0x00000000   Number         0  stm32f10x_can.o ABSOLUTE
    ..\..\..\Libraries\STM32F10x_StdPeriph_Driver\src\stm32f10x_cec.c 0x00000000   Number         0  stm32f10x_cec.o ABSOLUTE
    ..\..\..\Libraries\STM32F10x_StdPeriph_Driver\src\stm32f10x_crc.c 0x00000000   Number         0  stm32f10x_crc.o ABSOLUTE
    ..\..\..\Libraries\STM32F10x_StdPeriph_Driver\src\stm32f10x_dac.c 0x00000000   Number         0  stm32f10x_dac.o ABSOLUTE
    ..\..\..\Libraries\STM32F10x_StdPeriph_Driver\src\stm32f10x_dbgmcu.c 0x00000000   Number         0  stm32f10x_dbgmcu.o ABSOLUTE
    ..\..\..\Libraries\STM32F10x_StdPeriph_Driver\src\stm32f10x_dma.c 0x00000000   Number         0  stm32f10x_dma.o ABSOLUTE
    ..\..\..\Libraries\STM32F10x_StdPeriph_Driver\src\stm32f10x_exti.c 0x00000000   Number         0  stm32f10x_exti.o ABSOLUTE
    ..\..\..\Libraries\STM32F10x_StdPeriph_Driver\src\stm32f10x_flash.c 0x00000000   Number         0  stm32f10x_flash.o ABSOLUTE
    ..\..\..\Libraries\STM32F10x_StdPeriph_Driver\src\stm32f10x_fsmc.c 0x00000000   Number         0  stm32f10x_fsmc.o ABSOLUTE
    ..\..\..\Libraries\STM32F10x_StdPeriph_Driver\src\stm32f10x_gpio.c 0x00000000   Number         0  stm32f10x_gpio.o ABSOLUTE
    ..\..\..\Libraries\STM32F10x_StdPeriph_Driver\src\stm32f10x_i2c.c 0x00000000   Number         0  stm32f10x_i2c.o ABSOLUTE
    ..\..\..\Libraries\STM32F10x_StdPeriph_Driver\src\stm32f10x_iwdg.c 0x00000000   Number         0  stm32f10x_iwdg.o ABSOLUTE
    ..\..\..\Libraries\STM32F10x_StdPeriph_Driver\src\stm32f10x_pwr.c 0x00000000   Number         0  stm32f10x_pwr.o ABSOLUTE
    ..\..\..\Libraries\STM32F10x_StdPeriph_Driver\src\stm32f10x_rcc.c 0x00000000   Number         0  stm32f10x_rcc.o ABSOLUTE
    ..\..\..\Libraries\STM32F10x_StdPeriph_Driver\src\stm32f10x_rtc.c 0x00000000   Number         0  stm32f10x_rtc.o ABSOLUTE
    ..\..\..\Libraries\STM32F10x_StdPeriph_Driver\src\stm32f10x_sdio.c 0x00000000   Number         0  stm32f10x_sdio.o ABSOLUTE
    ..\..\..\Libraries\STM32F10x_StdPeriph_Driver\src\stm32f10x_spi.c 0x00000000   Number         0  stm32f10x_spi.o ABSOLUTE
    ..\..\..\Libraries\STM32F10x_StdPeriph_Driver\src\stm32f10x_tim.c 0x00000000   Number         0  stm32f10x_tim.o ABSOLUTE
    ..\..\..\Libraries\STM32F10x_StdPeriph_Driver\src\stm32f10x_usart.c 0x00000000   Number         0  stm32f10x_usart.o ABSOLUTE
    ..\..\..\Libraries\STM32F10x_StdPeriph_Driver\src\stm32f10x_wwdg.c 0x00000000   Number         0  stm32f10x_wwdg.o ABSOLUTE
    ..\\..\\..\\Libraries\\CMSIS\\CM3\\CoreSupport\\core_cm3.c 0x00000000   Number         0  core_cm3.o ABSOLUTE
    ..\main.c                                0x00000000   Number         0  main.o ABSOLUTE
    ..\stm32f10x_it.c                        0x00000000   Number         0  stm32f10x_it.o ABSOLUTE
    ..\system_stm32f10x.c                    0x00000000   Number         0  system_stm32f10x.o ABSOLUTE
    Source\adc.c                             0x00000000   Number         0  adc.o ABSOLUTE
    Source\button.c                          0x00000000   Number         0  button.o ABSOLUTE
    Source\delay.c                           0x00000000   Number         0  delay.o ABSOLUTE
    Source\display_screen.c                  0x00000000   Number         0  display_screen.o ABSOLUTE
    Source\font.c                            0x00000000   Number         0  font.o ABSOLUTE
    Source\i2c_std.c                         0x00000000   Number         0  i2c_std.o ABSOLUTE
    Source\int.c                             0x00000000   Number         0  int.o ABSOLUTE
    Source\lcd.c                             0x00000000   Number         0  lcd.o ABSOLUTE
    Source\led.c                             0x00000000   Number         0  led.o ABSOLUTE
    Source\max30102.c                        0x00000000   Number         0  max30102.o ABSOLUTE
    Source\output.c                          0x00000000   Number         0  output.o ABSOLUTE
    Source\spo2.c                            0x00000000   Number         0  spo2.o ABSOLUTE
    Source\ssd1306.c                         0x00000000   Number         0  ssd1306.o ABSOLUTE
    Source\timer.c                           0x00000000   Number         0  timer.o ABSOLUTE
    Source\uart.c                            0x00000000   Number         0  uart.o ABSOLUTE
    dc.s                                     0x00000000   Number         0  dc.o ABSOLUTE
    RESET                                    0x08000000   Section      236  startup_stm32f10x_md.o(RESET)
    !!!main                                  0x080000ec   Section        8  __main.o(!!!main)
    !!!scatter                               0x080000f4   Section       52  __scatter.o(!!!scatter)
    !!dclz77c                                0x08000128   Section      100  __dclz77c.o(!!dclz77c)
    !!handler_zi                             0x0800018c   Section       28  __scatter_zi.o(!!handler_zi)
    .ARM.Collect$$_printf_percent$$00000000  0x080001a8   Section        0  _printf_percent.o(.ARM.Collect$$_printf_percent$$00000000)
    .ARM.Collect$$_printf_percent$$00000009  0x080001a8   Section        6  _printf_d.o(.ARM.Collect$$_printf_percent$$00000009)
    .ARM.Collect$$_printf_percent$$00000017  0x080001ae   Section        4  _printf_percent_end.o(.ARM.Collect$$_printf_percent$$00000017)
    .ARM.Collect$$libinit$$00000000          0x080001b2   Section        2  libinit.o(.ARM.Collect$$libinit$$00000000)
    .ARM.Collect$$libinit$$00000002          0x080001b4   Section        0  libinit2.o(.ARM.Collect$$libinit$$00000002)
    .ARM.Collect$$libinit$$00000004          0x080001b4   Section        0  libinit2.o(.ARM.Collect$$libinit$$00000004)
    .ARM.Collect$$libinit$$0000000A          0x080001b4   Section        0  libinit2.o(.ARM.Collect$$libinit$$0000000A)
    .ARM.Collect$$libinit$$0000000C          0x080001b4   Section        0  libinit2.o(.ARM.Collect$$libinit$$0000000C)
    .ARM.Collect$$libinit$$0000000E          0x080001b4   Section        0  libinit2.o(.ARM.Collect$$libinit$$0000000E)
    .ARM.Collect$$libinit$$00000011          0x080001b4   Section        0  libinit2.o(.ARM.Collect$$libinit$$00000011)
    .ARM.Collect$$libinit$$00000013          0x080001b4   Section        0  libinit2.o(.ARM.Collect$$libinit$$00000013)
    .ARM.Collect$$libinit$$00000015          0x080001b4   Section        0  libinit2.o(.ARM.Collect$$libinit$$00000015)
    .ARM.Collect$$libinit$$00000017          0x080001b4   Section        0  libinit2.o(.ARM.Collect$$libinit$$00000017)
    .ARM.Collect$$libinit$$00000019          0x080001b4   Section        0  libinit2.o(.ARM.Collect$$libinit$$00000019)
    .ARM.Collect$$libinit$$0000001B          0x080001b4   Section        0  libinit2.o(.ARM.Collect$$libinit$$0000001B)
    .ARM.Collect$$libinit$$0000001D          0x080001b4   Section        0  libinit2.o(.ARM.Collect$$libinit$$0000001D)
    .ARM.Collect$$libinit$$0000001F          0x080001b4   Section        0  libinit2.o(.ARM.Collect$$libinit$$0000001F)
    .ARM.Collect$$libinit$$00000021          0x080001b4   Section        0  libinit2.o(.ARM.Collect$$libinit$$00000021)
    .ARM.Collect$$libinit$$00000023          0x080001b4   Section        0  libinit2.o(.ARM.Collect$$libinit$$00000023)
    .ARM.Collect$$libinit$$00000025          0x080001b4   Section        0  libinit2.o(.ARM.Collect$$libinit$$00000025)
    .ARM.Collect$$libinit$$0000002C          0x080001b4   Section        0  libinit2.o(.ARM.Collect$$libinit$$0000002C)
    .ARM.Collect$$libinit$$0000002E          0x080001b4   Section        0  libinit2.o(.ARM.Collect$$libinit$$0000002E)
    .ARM.Collect$$libinit$$00000030          0x080001b4   Section        0  libinit2.o(.ARM.Collect$$libinit$$00000030)
    .ARM.Collect$$libinit$$00000032          0x080001b4   Section        0  libinit2.o(.ARM.Collect$$libinit$$00000032)
    .ARM.Collect$$libinit$$00000033          0x080001b4   Section        2  libinit2.o(.ARM.Collect$$libinit$$00000033)
    .ARM.Collect$$libshutdown$$00000000      0x080001b6   Section        2  libshutdown.o(.ARM.Collect$$libshutdown$$00000000)
    .ARM.Collect$$libshutdown$$00000002      0x080001b8   Section        0  libshutdown2.o(.ARM.Collect$$libshutdown$$00000002)
    .ARM.Collect$$libshutdown$$00000004      0x080001b8   Section        0  libshutdown2.o(.ARM.Collect$$libshutdown$$00000004)
    .ARM.Collect$$libshutdown$$00000006      0x080001b8   Section        0  libshutdown2.o(.ARM.Collect$$libshutdown$$00000006)
    .ARM.Collect$$libshutdown$$00000009      0x080001b8   Section        0  libshutdown2.o(.ARM.Collect$$libshutdown$$00000009)
    .ARM.Collect$$libshutdown$$0000000C      0x080001b8   Section        0  libshutdown2.o(.ARM.Collect$$libshutdown$$0000000C)
    .ARM.Collect$$libshutdown$$0000000E      0x080001b8   Section        0  libshutdown2.o(.ARM.Collect$$libshutdown$$0000000E)
    .ARM.Collect$$libshutdown$$00000011      0x080001b8   Section        0  libshutdown2.o(.ARM.Collect$$libshutdown$$00000011)
    .ARM.Collect$$libshutdown$$00000012      0x080001b8   Section        2  libshutdown2.o(.ARM.Collect$$libshutdown$$00000012)
    .ARM.Collect$$rtentry$$00000000          0x080001ba   Section        0  __rtentry.o(.ARM.Collect$$rtentry$$00000000)
    .ARM.Collect$$rtentry$$00000002          0x080001ba   Section        0  __rtentry2.o(.ARM.Collect$$rtentry$$00000002)
    .ARM.Collect$$rtentry$$00000004          0x080001ba   Section        6  __rtentry4.o(.ARM.Collect$$rtentry$$00000004)
    .ARM.Collect$$rtentry$$00000009          0x080001c0   Section        0  __rtentry2.o(.ARM.Collect$$rtentry$$00000009)
    .ARM.Collect$$rtentry$$0000000A          0x080001c0   Section        4  __rtentry2.o(.ARM.Collect$$rtentry$$0000000A)
    .ARM.Collect$$rtentry$$0000000C          0x080001c4   Section        0  __rtentry2.o(.ARM.Collect$$rtentry$$0000000C)
    .ARM.Collect$$rtentry$$0000000D          0x080001c4   Section        8  __rtentry2.o(.ARM.Collect$$rtentry$$0000000D)
    .ARM.Collect$$rtexit$$00000000           0x080001cc   Section        2  rtexit.o(.ARM.Collect$$rtexit$$00000000)
    .ARM.Collect$$rtexit$$00000002           0x080001ce   Section        0  rtexit2.o(.ARM.Collect$$rtexit$$00000002)
    .ARM.Collect$$rtexit$$00000003           0x080001ce   Section        4  rtexit2.o(.ARM.Collect$$rtexit$$00000003)
    .ARM.Collect$$rtexit$$00000004           0x080001d2   Section        6  rtexit2.o(.ARM.Collect$$rtexit$$00000004)
    .text                                    0x080001d8   Section       64  startup_stm32f10x_md.o(.text)
    .text                                    0x08000218   Section        0  noretval__2sprintf.o(.text)
    .text                                    0x08000240   Section        0  _printf_dec.o(.text)
    .text                                    0x080002b8   Section        0  __printf_ss.o(.text)
    .text                                    0x08000370   Section      100  rt_memcpy_w.o(.text)
    .text                                    0x080003d4   Section        0  heapauxi.o(.text)
    .text                                    0x080003da   Section        0  _printf_intcommon.o(.text)
    .text                                    0x0800048c   Section        0  _printf_char_common.o(.text)
    _printf_input_char                       0x0800048d   Thumb Code    10  _printf_char_common.o(.text)
    .text                                    0x080004bc   Section        0  _sputc.o(.text)
    .text                                    0x080004c6   Section       74  sys_stackheap_outer.o(.text)
    .text                                    0x08000510   Section        0  exit.o(.text)
    .text                                    0x08000524   Section        8  libspace.o(.text)
    .text                                    0x0800052c   Section        0  sys_exit.o(.text)
    .text                                    0x08000538   Section        2  use_no_semi.o(.text)
    .text                                    0x0800053a   Section        0  indicate_semi.o(.text)
    i.DebugLedOff                            0x0800053c   Section        0  led.o(i.DebugLedOff)
    i.DebugLedOn                             0x08000550   Section        0  led.o(i.DebugLedOn)
    i.EXTI9_5_IRQHandler                     0x08000564   Section        0  stm32f10x_it.o(i.EXTI9_5_IRQHandler)
    i.EXTI_ClearITPendingBit                 0x08000580   Section        0  stm32f10x_exti.o(i.EXTI_ClearITPendingBit)
    i.EXTI_GetITStatus                       0x0800058c   Section        0  stm32f10x_exti.o(i.EXTI_GetITStatus)
    i.GPIO_Init                              0x080005b4   Section        0  stm32f10x_gpio.o(i.GPIO_Init)
    i.GPIO_PinRemapConfig                    0x080006cc   Section        0  stm32f10x_gpio.o(i.GPIO_PinRemapConfig)
    i.GPIO_ReadInputDataBit                  0x0800075c   Section        0  stm32f10x_gpio.o(i.GPIO_ReadInputDataBit)
    i.GPIO_ResetBits                         0x0800076e   Section        0  stm32f10x_gpio.o(i.GPIO_ResetBits)
    i.GPIO_SetBits                           0x08000772   Section        0  stm32f10x_gpio.o(i.GPIO_SetBits)
    i.GPIO_WriteBit                          0x08000776   Section        0  stm32f10x_gpio.o(i.GPIO_WriteBit)
    i.LCD_ALL_DIR_OUT                        0x08000780   Section        0  lcd.o(i.LCD_ALL_DIR_OUT)
    i.LCD_DATA_DIR_OUT                       0x080007d4   Section        0  lcd.o(i.LCD_DATA_DIR_OUT)
    i.LCD_DATA_OUT                           0x08000868   Section        0  lcd.o(i.LCD_DATA_OUT)
    i.LCD_Delay                              0x080008f0   Section        0  lcd.o(i.LCD_Delay)
    i.LCD_PutChar                            0x080008fe   Section        0  lcd.o(i.LCD_PutChar)
    i.LCD_Write4bit                          0x0800090c   Section        0  lcd.o(i.LCD_Write4bit)
    i.LCD_WriteCMD                           0x0800093c   Section        0  lcd.o(i.LCD_WriteCMD)
    i.LCD_WriteData                          0x08000960   Section        0  lcd.o(i.LCD_WriteData)
    i.RCC_APB2PeriphClockCmd                 0x08000984   Section        0  stm32f10x_rcc.o(i.RCC_APB2PeriphClockCmd)
    i.RCC_GetClocksFreq                      0x080009a4   Section        0  stm32f10x_rcc.o(i.RCC_GetClocksFreq)
    i.SetSysClock                            0x08000a78   Section        0  system_stm32f10x.o(i.SetSysClock)
    SetSysClock                              0x08000a79   Thumb Code     8  system_stm32f10x.o(i.SetSysClock)
    i.SetSysClockTo72                        0x08000a80   Section        0  system_stm32f10x.o(i.SetSysClockTo72)
    SetSysClockTo72                          0x08000a81   Thumb Code   214  system_stm32f10x.o(i.SetSysClockTo72)
    i.SetTimer_ms                            0x08000b60   Section        0  timer.o(i.SetTimer_ms)
    i.SysTick_Handler                        0x08000b7c   Section        0  stm32f10x_it.o(i.SysTick_Handler)
    i.SystemInit                             0x08000b84   Section        0  system_stm32f10x.o(i.SystemInit)
    i.USART1_Init                            0x08000be4   Section        0  uart.o(i.USART1_Init)
    i.USART_Cmd                              0x08000c60   Section        0  stm32f10x_usart.o(i.USART_Cmd)
    i.USART_Init                             0x08000c78   Section        0  stm32f10x_usart.o(i.USART_Init)
    i.bGetChar                               0x08000d50   Section        0  font.o(i.bGetChar)
    i.bluetoothIcon                          0x08000da4   Section        0  font.o(i.bluetoothIcon)
    i.change_state                           0x08000dac   Section        0  main.o(i.change_state)
    i.combine_sample                         0x08000dc8   Section        0  max30102.o(i.combine_sample)
    i.copyArr                                0x08000df4   Section        0  font.o(i.copyArr)
    i.decode_arr                             0x08000e0a   Section        0  ssd1306.o(i.decode_arr)
    i.delay_ms                               0x08000e64   Section        0  delay.o(i.delay_ms)
    i.delay_us                               0x08000e9c   Section        0  delay.o(i.delay_us)
    i.device_status                          0x08000ed0   Section        0  display_screen.o(i.device_status)
    i.ecg_mode_screen                        0x08000ef0   Section        0  display_screen.o(i.ecg_mode_screen)
    i.getIR                                  0x08000f50   Section        0  max30102.o(i.getIR)
    i.getRed                                 0x08000f60   Section        0  max30102.o(i.getRed)
    i.get_bluetooth_status                   0x08000f70   Section        0  main.o(i.get_bluetooth_status)
    i.get_pin_level                          0x08000f74   Section        0  main.o(i.get_pin_level)
    i.get_sda                                0x08000f78   Section        0  i2c_std.o(i.get_sda)
    i.gpio_isr                               0x08000f8c   Section        0  int.o(i.gpio_isr)
    i.i2c1_send_byte                         0x08000f98   Section        0  i2c_std.o(i.i2c1_send_byte)
    i.i2c1_start                             0x08000fb4   Section        0  i2c_std.o(i.i2c1_start)
    i.i2c1_stop                              0x08000fcc   Section        0  i2c_std.o(i.i2c1_stop)
    i.i2c2_recv_byte                         0x08000fe4   Section        0  i2c_std.o(i.i2c2_recv_byte)
    i.i2c2_send_byte                         0x08000ffc   Section        0  i2c_std.o(i.i2c2_send_byte)
    i.i2c2_start                             0x08001018   Section        0  i2c_std.o(i.i2c2_start)
    i.i2c2_stop                              0x08001030   Section        0  i2c_std.o(i.i2c2_stop)
    i.i2c_init                               0x08001048   Section        0  i2c_std.o(i.i2c_init)
    i.i2c_recv_ack                           0x0800107c   Section        0  i2c_std.o(i.i2c_recv_ack)
    i.i2c_recv_byte                          0x080010ce   Section        0  i2c_std.o(i.i2c_recv_byte)
    i.i2c_send_ack                           0x08001142   Section        0  i2c_std.o(i.i2c_send_ack)
    i.i2c_send_byte                          0x0800119a   Section        0  i2c_std.o(i.i2c_send_byte)
    i.i2c_start                              0x0800121c   Section        0  i2c_std.o(i.i2c_start)
    i.i2c_stop                               0x08001274   Section        0  i2c_std.o(i.i2c_stop)
    i.init_button                            0x080012c8   Section        0  button.o(i.init_button)
    i.init_i2c1                              0x08001308   Section        0  i2c_std.o(i.init_i2c1)
    i.init_i2c2                              0x08001320   Section        0  i2c_std.o(i.init_i2c2)
    i.init_lcd                               0x08001338   Section        0  lcd.o(i.init_lcd)
    i.init_led                               0x08001424   Section        0  led.o(i.init_led)
    i.init_oled                              0x080014c0   Section        0  ssd1306.o(i.init_oled)
    i.init_system                            0x080014f8   Section        0  main.o(i.init_system)
    i.init_timer                             0x0800152c   Section        0  timer.o(i.init_timer)
    i.intro_screen                           0x08001594   Section        0  display_screen.o(i.intro_screen)
    i.isValidData                            0x080015c0   Section        0  main.o(i.isValidData)
    i.main                                   0x080015e8   Section        0  main.o(i.main)
    i.max30102Setup                          0x08001898   Section        0  max30102.o(i.max30102Setup)
    i.max30102WakeUp                         0x08001914   Section        0  max30102.o(i.max30102WakeUp)
    i.mode_btn                               0x08001924   Section        0  main.o(i.mode_btn)
    i.oledClearScreen                        0x0800195c   Section        0  ssd1306.o(i.oledClearScreen)
    i.oledPrintChar                          0x0800199a   Section        0  ssd1306.o(i.oledPrintChar)
    i.oledPrintIcon                          0x080019ea   Section        0  ssd1306.o(i.oledPrintIcon)
    i.oledPrintNumber                        0x08001a64   Section        0  ssd1306.o(i.oledPrintNumber)
    i.oledPrintString                        0x08001a8c   Section        0  ssd1306.o(i.oledPrintString)
    i.pinIcon                                0x08001aec   Section        0  font.o(i.pinIcon)
    i.readAllSampleAvailable                 0x08001b10   Section        0  max30102.o(i.readAllSampleAvailable)
    i.registerBitWrite                       0x08001bdc   Section        0  max30102.o(i.registerBitWrite)
    i.registerRead                           0x08001bfe   Section        0  max30102.o(i.registerRead)
    i.registerWrite                          0x08001c3c   Section        0  max30102.o(i.registerWrite)
    i.sampleAvailable                        0x08001c72   Section        0  max30102.o(i.sampleAvailable)
    i.scan_button                            0x08001c98   Section        0  button.o(i.scan_button)
    i.sda_input_mode                         0x08001cdc   Section        0  i2c_std.o(i.sda_input_mode)
    i.sda_output_mode                        0x08001cfc   Section        0  i2c_std.o(i.sda_output_mode)
    i.send_byte_stream                       0x08001d20   Section        0  ssd1306.o(i.send_byte_stream)
    i.send_char_4bit_height                  0x08001d54   Section        0  ssd1306.o(i.send_char_4bit_height)
    i.set_cursor_pos                         0x08001d78   Section        0  ssd1306.o(i.set_cursor_pos)
    i.set_scl                                0x08001da4   Section        0  i2c_std.o(i.set_scl)
    i.set_sda                                0x08001dc8   Section        0  i2c_std.o(i.set_sda)
    i.softReset                              0x08001dec   Section        0  max30102.o(i.softReset)
    i.start_btn                              0x08001e28   Section        0  main.o(i.start_btn)
    i.timer_isr                              0x08001e60   Section        0  timer.o(i.timer_isr)
    i.utf8ToUnicode                          0x08001e90   Section        0  font.o(i.utf8ToUnicode)
    .constdata                               0x08001ec6   Section     3615  font.o(.constdata)
    ssd1306xled_font5x7                      0x08001ec6   Data         475  font.o(.constdata)
    ssd1306VNled_font5x12                    0x080020a1   Data        1620  font.o(.constdata)
    ssd1306xled_font8x16                     0x080026f5   Data        1520  font.o(.constdata)
    .constdata                               0x08002ce5   Section       64  lcd.o(.constdata)
    .data                                    0x20000000   Section      812  main.o(.data)
    pinLevel                                 0x20000000   Data           1  main.o(.data)
    bluetoothConn                            0x20000001   Data           1  main.o(.data)
    initState                                0x20000002   Data           1  main.o(.data)
    state                                    0x20000003   Data           1  main.o(.data)
    pVal                                     0x20000328   Data           2  main.o(.data)
    pVal2                                    0x2000032a   Data           2  main.o(.data)
    .data                                    0x2000032c   Section       20  stm32f10x_rcc.o(.data)
    APBAHBPrescTable                         0x2000032c   Data          16  stm32f10x_rcc.o(.data)
    ADCPrescTable                            0x2000033c   Data           4  stm32f10x_rcc.o(.data)
    .data                                    0x20000340   Section       20  system_stm32f10x.o(.data)
    .data                                    0x20000354   Section       12  timer.o(.data)
    .data                                    0x20000360   Section        1  int.o(.data)
    .data                                    0x20000364   Section       44  i2c_std.o(.data)
    .data                                    0x20000390   Section      149  font.o(.data)
    icon                                     0x20000416   Data           5  font.o(.data)
    icon                                     0x2000041b   Data          10  font.o(.data)
    .data                                    0x20000425   Section        2  max30102.o(.data)
    .data                                    0x20000428   Section        4  button.o(.data)
    .bss                                     0x2000042c   Section       10  font.o(.bss)
    rsChar                                   0x2000042c   Data          10  font.o(.bss)
    .bss                                     0x20000438   Section      256  max30102.o(.bss)
    .bss                                     0x20000538   Section       96  libspace.o(.bss)
    HEAP                                     0x20000598   Section      512  startup_stm32f10x_md.o(HEAP)
    Heap_Mem                                 0x20000598   Data         512  startup_stm32f10x_md.o(HEAP)
    STACK                                    0x20000798   Section     1024  startup_stm32f10x_md.o(STACK)
    Stack_Mem                                0x20000798   Data        1024  startup_stm32f10x_md.o(STACK)
    __initial_sp                             0x20000b98   Data           0  startup_stm32f10x_md.o(STACK)

    Global Symbols

    Symbol Name                              Value     Ov Type        Size  Object(Section)

    BuildAttributes$$THM_ISAv4$P$D$K$B$S$PE$A:L22UL41UL21$X:L11$S22US41US21$IEEE1$IW$USESV6$~STKCKD$USESV7$~SHL$OSPACE$ROPI$EBA8$UX$STANDARDLIB$REQ8$PRES8$EABIv2 0x00000000   Number         0  anon$$obj.o ABSOLUTE
    __ARM_use_no_argv                        0x00000000   Number         0  main.o ABSOLUTE
    _printf_flags                            0x00000000   Number         0  printf_stubs.o ABSOLUTE
    _printf_return_value                     0x00000000   Number         0  printf_stubs.o ABSOLUTE
    _printf_sizespec                         0x00000000   Number         0  printf_stubs.o ABSOLUTE
    _printf_widthprec                        0x00000000   Number         0  printf_stubs.o ABSOLUTE
    __ARM_exceptions_init                     - Undefined Weak Reference
    __alloca_initialize                       - Undefined Weak Reference
    __arm_fini_                               - Undefined Weak Reference
    __arm_preinit_                            - Undefined Weak Reference
    __cpp_initialize__aeabi_                  - Undefined Weak Reference
    __cxa_finalize                            - Undefined Weak Reference
    __rt_locale                               - Undefined Weak Reference
    __sigvec_lookup                           - Undefined Weak Reference
    _atexit_init                              - Undefined Weak Reference
    _call_atexit_fns                          - Undefined Weak Reference
    _clock_init                               - Undefined Weak Reference
    _fp_trap_init                             - Undefined Weak Reference
    _fp_trap_shutdown                         - Undefined Weak Reference
    _get_lc_collate                           - Undefined Weak Reference
    _get_lc_ctype                             - Undefined Weak Reference
    _get_lc_monetary                          - Undefined Weak Reference
    _get_lc_numeric                           - Undefined Weak Reference
    _get_lc_time                              - Undefined Weak Reference
    _getenv_init                              - Undefined Weak Reference
    _handle_redirection                       - Undefined Weak Reference
    _init_alloc                               - Undefined Weak Reference
    _init_user_alloc                          - Undefined Weak Reference
    _initio                                   - Undefined Weak Reference
    _printf_post_padding                      - Undefined Weak Reference
    _printf_pre_padding                       - Undefined Weak Reference
    _printf_truncate_signed                   - Undefined Weak Reference
    _printf_truncate_unsigned                 - Undefined Weak Reference
    _rand_init                                - Undefined Weak Reference
    _signal_finish                            - Undefined Weak Reference
    _signal_init                              - Undefined Weak Reference
    _terminate_alloc                          - Undefined Weak Reference
    _terminate_user_alloc                     - Undefined Weak Reference
    _terminateio                              - Undefined Weak Reference
    __Vectors_Size                           0x000000ec   Number         0  startup_stm32f10x_md.o ABSOLUTE
    __Vectors                                0x08000000   Data           4  startup_stm32f10x_md.o(RESET)
    __Vectors_End                            0x080000ec   Data           0  startup_stm32f10x_md.o(RESET)
    __main                                   0x080000ed   Thumb Code     8  __main.o(!!!main)
    __scatterload                            0x080000f5   Thumb Code     0  __scatter.o(!!!scatter)
    __scatterload_rt2                        0x080000f5   Thumb Code    44  __scatter.o(!!!scatter)
    __scatterload_rt2_thumb_only             0x080000f5   Thumb Code     0  __scatter.o(!!!scatter)
    __scatterload_null                       0x08000103   Thumb Code     0  __scatter.o(!!!scatter)
    __decompress                             0x08000129   Thumb Code   100  __dclz77c.o(!!dclz77c)
    __decompress2                            0x08000129   Thumb Code     0  __dclz77c.o(!!dclz77c)
    __scatterload_zeroinit                   0x0800018d   Thumb Code    28  __scatter_zi.o(!!handler_zi)
    _printf_d                                0x080001a9   Thumb Code     0  _printf_d.o(.ARM.Collect$$_printf_percent$$00000009)
    _printf_percent                          0x080001a9   Thumb Code     0  _printf_percent.o(.ARM.Collect$$_printf_percent$$00000000)
    _printf_percent_end                      0x080001af   Thumb Code     0  _printf_percent_end.o(.ARM.Collect$$_printf_percent$$00000017)
    __rt_lib_init                            0x080001b3   Thumb Code     0  libinit.o(.ARM.Collect$$libinit$$00000000)
    __rt_lib_init_alloca_1                   0x080001b5   Thumb Code     0  libinit2.o(.ARM.Collect$$libinit$$0000002E)
    __rt_lib_init_argv_1                     0x080001b5   Thumb Code     0  libinit2.o(.ARM.Collect$$libinit$$0000002C)
    __rt_lib_init_atexit_1                   0x080001b5   Thumb Code     0  libinit2.o(.ARM.Collect$$libinit$$0000001B)
    __rt_lib_init_clock_1                    0x080001b5   Thumb Code     0  libinit2.o(.ARM.Collect$$libinit$$00000021)
    __rt_lib_init_cpp_1                      0x080001b5   Thumb Code     0  libinit2.o(.ARM.Collect$$libinit$$00000032)
    __rt_lib_init_exceptions_1               0x080001b5   Thumb Code     0  libinit2.o(.ARM.Collect$$libinit$$00000030)
    __rt_lib_init_fp_1                       0x080001b5   Thumb Code     0  libinit2.o(.ARM.Collect$$libinit$$00000002)
    __rt_lib_init_fp_trap_1                  0x080001b5   Thumb Code     0  libinit2.o(.ARM.Collect$$libinit$$0000001F)
    __rt_lib_init_getenv_1                   0x080001b5   Thumb Code     0  libinit2.o(.ARM.Collect$$libinit$$00000023)
    __rt_lib_init_heap_1                     0x080001b5   Thumb Code     0  libinit2.o(.ARM.Collect$$libinit$$0000000A)
    __rt_lib_init_lc_collate_1               0x080001b5   Thumb Code     0  libinit2.o(.ARM.Collect$$libinit$$00000011)
    __rt_lib_init_lc_ctype_1                 0x080001b5   Thumb Code     0  libinit2.o(.ARM.Collect$$libinit$$00000013)
    __rt_lib_init_lc_monetary_1              0x080001b5   Thumb Code     0  libinit2.o(.ARM.Collect$$libinit$$00000015)
    __rt_lib_init_lc_numeric_1               0x080001b5   Thumb Code     0  libinit2.o(.ARM.Collect$$libinit$$00000017)
    __rt_lib_init_lc_time_1                  0x080001b5   Thumb Code     0  libinit2.o(.ARM.Collect$$libinit$$00000019)
    __rt_lib_init_preinit_1                  0x080001b5   Thumb Code     0  libinit2.o(.ARM.Collect$$libinit$$00000004)
    __rt_lib_init_rand_1                     0x080001b5   Thumb Code     0  libinit2.o(.ARM.Collect$$libinit$$0000000E)
    __rt_lib_init_return                     0x080001b5   Thumb Code     0  libinit2.o(.ARM.Collect$$libinit$$00000033)
    __rt_lib_init_signal_1                   0x080001b5   Thumb Code     0  libinit2.o(.ARM.Collect$$libinit$$0000001D)
    __rt_lib_init_stdio_1                    0x080001b5   Thumb Code     0  libinit2.o(.ARM.Collect$$libinit$$00000025)
    __rt_lib_init_user_alloc_1               0x080001b5   Thumb Code     0  libinit2.o(.ARM.Collect$$libinit$$0000000C)
    __rt_lib_shutdown                        0x080001b7   Thumb Code     0  libshutdown.o(.ARM.Collect$$libshutdown$$00000000)
    __rt_lib_shutdown_cpp_1                  0x080001b9   Thumb Code     0  libshutdown2.o(.ARM.Collect$$libshutdown$$00000004)
    __rt_lib_shutdown_fini_1                 0x080001b9   Thumb Code     0  libshutdown2.o(.ARM.Collect$$libshutdown$$00000002)
    __rt_lib_shutdown_fp_trap_1              0x080001b9   Thumb Code     0  libshutdown2.o(.ARM.Collect$$libshutdown$$00000009)
    __rt_lib_shutdown_heap_1                 0x080001b9   Thumb Code     0  libshutdown2.o(.ARM.Collect$$libshutdown$$00000011)
    __rt_lib_shutdown_return                 0x080001b9   Thumb Code     0  libshutdown2.o(.ARM.Collect$$libshutdown$$00000012)
    __rt_lib_shutdown_signal_1               0x080001b9   Thumb Code     0  libshutdown2.o(.ARM.Collect$$libshutdown$$0000000C)
    __rt_lib_shutdown_stdio_1                0x080001b9   Thumb Code     0  libshutdown2.o(.ARM.Collect$$libshutdown$$00000006)
    __rt_lib_shutdown_user_alloc_1           0x080001b9   Thumb Code     0  libshutdown2.o(.ARM.Collect$$libshutdown$$0000000E)
    __rt_entry                               0x080001bb   Thumb Code     0  __rtentry.o(.ARM.Collect$$rtentry$$00000000)
    __rt_entry_presh_1                       0x080001bb   Thumb Code     0  __rtentry2.o(.ARM.Collect$$rtentry$$00000002)
    __rt_entry_sh                            0x080001bb   Thumb Code     0  __rtentry4.o(.ARM.Collect$$rtentry$$00000004)
    __rt_entry_li                            0x080001c1   Thumb Code     0  __rtentry2.o(.ARM.Collect$$rtentry$$0000000A)
    __rt_entry_postsh_1                      0x080001c1   Thumb Code     0  __rtentry2.o(.ARM.Collect$$rtentry$$00000009)
    __rt_entry_main                          0x080001c5   Thumb Code     0  __rtentry2.o(.ARM.Collect$$rtentry$$0000000D)
    __rt_entry_postli_1                      0x080001c5   Thumb Code     0  __rtentry2.o(.ARM.Collect$$rtentry$$0000000C)
    __rt_exit                                0x080001cd   Thumb Code     0  rtexit.o(.ARM.Collect$$rtexit$$00000000)
    __rt_exit_ls                             0x080001cf   Thumb Code     0  rtexit2.o(.ARM.Collect$$rtexit$$00000003)
    __rt_exit_prels_1                        0x080001cf   Thumb Code     0  rtexit2.o(.ARM.Collect$$rtexit$$00000002)
    __rt_exit_exit                           0x080001d3   Thumb Code     0  rtexit2.o(.ARM.Collect$$rtexit$$00000004)
    Reset_Handler                            0x080001d9   Thumb Code     8  startup_stm32f10x_md.o(.text)
    NMI_Handler                              0x080001e1   Thumb Code     2  startup_stm32f10x_md.o(.text)
    HardFault_Handler                        0x080001e3   Thumb Code     2  startup_stm32f10x_md.o(.text)
    MemManage_Handler                        0x080001e5   Thumb Code     2  startup_stm32f10x_md.o(.text)
    BusFault_Handler                         0x080001e7   Thumb Code     2  startup_stm32f10x_md.o(.text)
    UsageFault_Handler                       0x080001e9   Thumb Code     2  startup_stm32f10x_md.o(.text)
    SVC_Handler                              0x080001eb   Thumb Code     2  startup_stm32f10x_md.o(.text)
    DebugMon_Handler                         0x080001ed   Thumb Code     2  startup_stm32f10x_md.o(.text)
    PendSV_Handler                           0x080001ef   Thumb Code     2  startup_stm32f10x_md.o(.text)
    ADC1_2_IRQHandler                        0x080001f3   Thumb Code     0  startup_stm32f10x_md.o(.text)
    CAN1_RX1_IRQHandler                      0x080001f3   Thumb Code     0  startup_stm32f10x_md.o(.text)
    CAN1_SCE_IRQHandler                      0x080001f3   Thumb Code     0  startup_stm32f10x_md.o(.text)
    DMA1_Channel1_IRQHandler                 0x080001f3   Thumb Code     0  startup_stm32f10x_md.o(.text)
    DMA1_Channel2_IRQHandler                 0x080001f3   Thumb Code     0  startup_stm32f10x_md.o(.text)
    DMA1_Channel3_IRQHandler                 0x080001f3   Thumb Code     0  startup_stm32f10x_md.o(.text)
    DMA1_Channel4_IRQHandler                 0x080001f3   Thumb Code     0  startup_stm32f10x_md.o(.text)
    DMA1_Channel5_IRQHandler                 0x080001f3   Thumb Code     0  startup_stm32f10x_md.o(.text)
    DMA1_Channel6_IRQHandler                 0x080001f3   Thumb Code     0  startup_stm32f10x_md.o(.text)
    DMA1_Channel7_IRQHandler                 0x080001f3   Thumb Code     0  startup_stm32f10x_md.o(.text)
    EXTI0_IRQHandler                         0x080001f3   Thumb Code     0  startup_stm32f10x_md.o(.text)
    EXTI15_10_IRQHandler                     0x080001f3   Thumb Code     0  startup_stm32f10x_md.o(.text)
    EXTI1_IRQHandler                         0x080001f3   Thumb Code     0  startup_stm32f10x_md.o(.text)
    EXTI2_IRQHandler                         0x080001f3   Thumb Code     0  startup_stm32f10x_md.o(.text)
    EXTI3_IRQHandler                         0x080001f3   Thumb Code     0  startup_stm32f10x_md.o(.text)
    EXTI4_IRQHandler                         0x080001f3   Thumb Code     0  startup_stm32f10x_md.o(.text)
    FLASH_IRQHandler                         0x080001f3   Thumb Code     0  startup_stm32f10x_md.o(.text)
    I2C1_ER_IRQHandler                       0x080001f3   Thumb Code     0  startup_stm32f10x_md.o(.text)
    I2C1_EV_IRQHandler                       0x080001f3   Thumb Code     0  startup_stm32f10x_md.o(.text)
    I2C2_ER_IRQHandler                       0x080001f3   Thumb Code     0  startup_stm32f10x_md.o(.text)
    I2C2_EV_IRQHandler                       0x080001f3   Thumb Code     0  startup_stm32f10x_md.o(.text)
    PVD_IRQHandler                           0x080001f3   Thumb Code     0  startup_stm32f10x_md.o(.text)
    RCC_IRQHandler                           0x080001f3   Thumb Code     0  startup_stm32f10x_md.o(.text)
    RTCAlarm_IRQHandler                      0x080001f3   Thumb Code     0  startup_stm32f10x_md.o(.text)
    RTC_IRQHandler                           0x080001f3   Thumb Code     0  startup_stm32f10x_md.o(.text)
    SPI1_IRQHandler                          0x080001f3   Thumb Code     0  startup_stm32f10x_md.o(.text)
    SPI2_IRQHandler                          0x080001f3   Thumb Code     0  startup_stm32f10x_md.o(.text)
    TAMPER_IRQHandler                        0x080001f3   Thumb Code     0  startup_stm32f10x_md.o(.text)
    TIM1_BRK_IRQHandler                      0x080001f3   Thumb Code     0  startup_stm32f10x_md.o(.text)
    TIM1_CC_IRQHandler                       0x080001f3   Thumb Code     0  startup_stm32f10x_md.o(.text)
    TIM1_TRG_COM_IRQHandler                  0x080001f3   Thumb Code     0  startup_stm32f10x_md.o(.text)
    TIM1_UP_IRQHandler                       0x080001f3   Thumb Code     0  startup_stm32f10x_md.o(.text)
    TIM2_IRQHandler                          0x080001f3   Thumb Code     0  startup_stm32f10x_md.o(.text)
    TIM3_IRQHandler                          0x080001f3   Thumb Code     0  startup_stm32f10x_md.o(.text)
    TIM4_IRQHandler                          0x080001f3   Thumb Code     0  startup_stm32f10x_md.o(.text)
    USART1_IRQHandler                        0x080001f3   Thumb Code     0  startup_stm32f10x_md.o(.text)
    USART2_IRQHandler                        0x080001f3   Thumb Code     0  startup_stm32f10x_md.o(.text)
    USART3_IRQHandler                        0x080001f3   Thumb Code     0  startup_stm32f10x_md.o(.text)
    USBWakeUp_IRQHandler                     0x080001f3   Thumb Code     0  startup_stm32f10x_md.o(.text)
    USB_HP_CAN1_TX_IRQHandler                0x080001f3   Thumb Code     0  startup_stm32f10x_md.o(.text)
    USB_LP_CAN1_RX0_IRQHandler               0x080001f3   Thumb Code     0  startup_stm32f10x_md.o(.text)
    WWDG_IRQHandler                          0x080001f3   Thumb Code     0  startup_stm32f10x_md.o(.text)
    __user_initial_stackheap                 0x080001f5   Thumb Code     0  startup_stm32f10x_md.o(.text)
    __2sprintf                               0x08000219   Thumb Code    34  noretval__2sprintf.o(.text)
    _printf_int_dec                          0x08000241   Thumb Code   104  _printf_dec.o(.text)
    __printf                                 0x080002b9   Thumb Code   184  __printf_ss.o(.text)
    __aeabi_memcpy4                          0x08000371   Thumb Code     0  rt_memcpy_w.o(.text)
    __aeabi_memcpy8                          0x08000371   Thumb Code     0  rt_memcpy_w.o(.text)
    __rt_memcpy_w                            0x08000371   Thumb Code   100  rt_memcpy_w.o(.text)
    _memcpy_lastbytes_aligned                0x080003b9   Thumb Code     0  rt_memcpy_w.o(.text)
    __use_two_region_memory                  0x080003d5   Thumb Code     2  heapauxi.o(.text)
    __rt_heap_escrow$2region                 0x080003d7   Thumb Code     2  heapauxi.o(.text)
    __rt_heap_expand$2region                 0x080003d9   Thumb Code     2  heapauxi.o(.text)
    _printf_int_common                       0x080003db   Thumb Code   178  _printf_intcommon.o(.text)
    _printf_char_common                      0x08000497   Thumb Code    32  _printf_char_common.o(.text)
    _sputc                                   0x080004bd   Thumb Code    10  _sputc.o(.text)
    __user_setup_stackheap                   0x080004c7   Thumb Code    74  sys_stackheap_outer.o(.text)
    exit                                     0x08000511   Thumb Code    18  exit.o(.text)
    __user_libspace                          0x08000525   Thumb Code     8  libspace.o(.text)
    __user_perproc_libspace                  0x08000525   Thumb Code     0  libspace.o(.text)
    __user_perthread_libspace                0x08000525   Thumb Code     0  libspace.o(.text)
    _sys_exit                                0x0800052d   Thumb Code     8  sys_exit.o(.text)
    __I$use$semihosting                      0x08000539   Thumb Code     0  use_no_semi.o(.text)
    __use_no_semihosting_swi                 0x08000539   Thumb Code     2  use_no_semi.o(.text)
    __semihosting_library_function           0x0800053b   Thumb Code     0  indicate_semi.o(.text)
    DebugLedOff                              0x0800053d   Thumb Code    14  led.o(i.DebugLedOff)
    DebugLedOn                               0x08000551   Thumb Code    14  led.o(i.DebugLedOn)
    EXTI9_5_IRQHandler                       0x08000565   Thumb Code    26  stm32f10x_it.o(i.EXTI9_5_IRQHandler)
    EXTI_ClearITPendingBit                   0x08000581   Thumb Code     6  stm32f10x_exti.o(i.EXTI_ClearITPendingBit)
    EXTI_GetITStatus                         0x0800058d   Thumb Code    34  stm32f10x_exti.o(i.EXTI_GetITStatus)
    GPIO_Init                                0x080005b5   Thumb Code   278  stm32f10x_gpio.o(i.GPIO_Init)
    GPIO_PinRemapConfig                      0x080006cd   Thumb Code   138  stm32f10x_gpio.o(i.GPIO_PinRemapConfig)
    GPIO_ReadInputDataBit                    0x0800075d   Thumb Code    18  stm32f10x_gpio.o(i.GPIO_ReadInputDataBit)
    GPIO_ResetBits                           0x0800076f   Thumb Code     4  stm32f10x_gpio.o(i.GPIO_ResetBits)
    GPIO_SetBits                             0x08000773   Thumb Code     4  stm32f10x_gpio.o(i.GPIO_SetBits)
    GPIO_WriteBit                            0x08000777   Thumb Code    10  stm32f10x_gpio.o(i.GPIO_WriteBit)
    LCD_ALL_DIR_OUT                          0x08000781   Thumb Code    80  lcd.o(i.LCD_ALL_DIR_OUT)
    LCD_DATA_DIR_OUT                         0x080007d5   Thumb Code   140  lcd.o(i.LCD_DATA_DIR_OUT)
    LCD_DATA_OUT                             0x08000869   Thumb Code   126  lcd.o(i.LCD_DATA_OUT)
    LCD_Delay                                0x080008f1   Thumb Code    14  lcd.o(i.LCD_Delay)
    LCD_PutChar                              0x080008ff   Thumb Code    12  lcd.o(i.LCD_PutChar)
    LCD_Write4bit                            0x0800090d   Thumb Code    44  lcd.o(i.LCD_Write4bit)
    LCD_WriteCMD                             0x0800093d   Thumb Code    32  lcd.o(i.LCD_WriteCMD)
    LCD_WriteData                            0x08000961   Thumb Code    32  lcd.o(i.LCD_WriteData)
    RCC_APB2PeriphClockCmd                   0x08000985   Thumb Code    26  stm32f10x_rcc.o(i.RCC_APB2PeriphClockCmd)
    RCC_GetClocksFreq                        0x080009a5   Thumb Code   192  stm32f10x_rcc.o(i.RCC_GetClocksFreq)
    SetTimer_ms                              0x08000b61   Thumb Code    16  timer.o(i.SetTimer_ms)
    SysTick_Handler                          0x08000b7d   Thumb Code     8  stm32f10x_it.o(i.SysTick_Handler)
    SystemInit                               0x08000b85   Thumb Code    78  system_stm32f10x.o(i.SystemInit)
    USART1_Init                              0x08000be5   Thumb Code   116  uart.o(i.USART1_Init)
    USART_Cmd                                0x08000c61   Thumb Code    24  stm32f10x_usart.o(i.USART_Cmd)
    USART_Init                               0x08000c79   Thumb Code   210  stm32f10x_usart.o(i.USART_Init)
    bGetChar                                 0x08000d51   Thumb Code    70  font.o(i.bGetChar)
    bluetoothIcon                            0x08000da5   Thumb Code     4  font.o(i.bluetoothIcon)
    change_state                             0x08000dad   Thumb Code    20  main.o(i.change_state)
    combine_sample                           0x08000dc9   Thumb Code    38  max30102.o(i.combine_sample)
    copyArr                                  0x08000df5   Thumb Code    22  font.o(i.copyArr)
    decode_arr                               0x08000e0b   Thumb Code    90  ssd1306.o(i.decode_arr)
    delay_ms                                 0x08000e65   Thumb Code    56  delay.o(i.delay_ms)
    delay_us                                 0x08000e9d   Thumb Code    52  delay.o(i.delay_us)
    device_status                            0x08000ed1   Thumb Code    32  display_screen.o(i.device_status)
    ecg_mode_screen                          0x08000ef1   Thumb Code    34  display_screen.o(i.ecg_mode_screen)
    getIR                                    0x08000f51   Thumb Code    10  max30102.o(i.getIR)
    getRed                                   0x08000f61   Thumb Code    10  max30102.o(i.getRed)
    get_bluetooth_status                     0x08000f71   Thumb Code     4  main.o(i.get_bluetooth_status)
    get_pin_level                            0x08000f75   Thumb Code     4  main.o(i.get_pin_level)
    get_sda                                  0x08000f79   Thumb Code    20  i2c_std.o(i.get_sda)
    gpio_isr                                 0x08000f8d   Thumb Code     8  int.o(i.gpio_isr)
    i2c1_send_byte                           0x08000f99   Thumb Code    22  i2c_std.o(i.i2c1_send_byte)
    i2c1_start                               0x08000fb5   Thumb Code    18  i2c_std.o(i.i2c1_start)
    i2c1_stop                                0x08000fcd   Thumb Code    18  i2c_std.o(i.i2c1_stop)
    i2c2_recv_byte                           0x08000fe5   Thumb Code    18  i2c_std.o(i.i2c2_recv_byte)
    i2c2_send_byte                           0x08000ffd   Thumb Code    22  i2c_std.o(i.i2c2_send_byte)
    i2c2_start                               0x08001019   Thumb Code    18  i2c_std.o(i.i2c2_start)
    i2c2_stop                                0x08001031   Thumb Code    18  i2c_std.o(i.i2c2_stop)
    i2c_init                                 0x08001049   Thumb Code    48  i2c_std.o(i.i2c_init)
    i2c_recv_ack                             0x0800107d   Thumb Code    82  i2c_std.o(i.i2c_recv_ack)
    i2c_recv_byte                            0x080010cf   Thumb Code   116  i2c_std.o(i.i2c_recv_byte)
    i2c_send_ack                             0x08001143   Thumb Code    88  i2c_std.o(i.i2c_send_ack)
    i2c_send_byte                            0x0800119b   Thumb Code   130  i2c_std.o(i.i2c_send_byte)
    i2c_start                                0x0800121d   Thumb Code    88  i2c_std.o(i.i2c_start)
    i2c_stop                                 0x08001275   Thumb Code    82  i2c_std.o(i.i2c_stop)
    init_button                              0x080012c9   Thumb Code    58  button.o(i.init_button)
    init_i2c1                                0x08001309   Thumb Code    18  i2c_std.o(i.init_i2c1)
    init_i2c2                                0x08001321   Thumb Code    18  i2c_std.o(i.init_i2c2)
    init_lcd                                 0x08001339   Thumb Code   222  lcd.o(i.init_lcd)
    init_led                                 0x08001425   Thumb Code   148  led.o(i.init_led)
    init_oled                                0x080014c1   Thumb Code    28  ssd1306.o(i.init_oled)
    init_system                              0x080014f9   Thumb Code    50  main.o(i.init_system)
    init_timer                               0x0800152d   Thumb Code    92  timer.o(i.init_timer)
    intro_screen                             0x08001595   Thumb Code    24  display_screen.o(i.intro_screen)
    isValidData                              0x080015c1   Thumb Code    38  main.o(i.isValidData)
    main                                     0x080015e9   Thumb Code   514  main.o(i.main)
    max30102Setup                            0x08001899   Thumb Code   108  max30102.o(i.max30102Setup)
    max30102WakeUp                           0x08001915   Thumb Code    14  max30102.o(i.max30102WakeUp)
    mode_btn                                 0x08001925   Thumb Code    48  main.o(i.mode_btn)
    oledClearScreen                          0x0800195d   Thumb Code    62  ssd1306.o(i.oledClearScreen)
    oledPrintChar                            0x0800199b   Thumb Code    80  ssd1306.o(i.oledPrintChar)
    oledPrintIcon                            0x080019eb   Thumb Code   122  ssd1306.o(i.oledPrintIcon)
    oledPrintNumber                          0x08001a65   Thumb Code    36  ssd1306.o(i.oledPrintNumber)
    oledPrintString                          0x08001a8d   Thumb Code    94  ssd1306.o(i.oledPrintString)
    pinIcon                                  0x08001aed   Thumb Code    30  font.o(i.pinIcon)
    readAllSampleAvailable                   0x08001b11   Thumb Code   192  max30102.o(i.readAllSampleAvailable)
    registerBitWrite                         0x08001bdd   Thumb Code    34  max30102.o(i.registerBitWrite)
    registerRead                             0x08001bff   Thumb Code    62  max30102.o(i.registerRead)
    registerWrite                            0x08001c3d   Thumb Code    54  max30102.o(i.registerWrite)
    sampleAvailable                          0x08001c73   Thumb Code    38  max30102.o(i.sampleAvailable)
    scan_button                              0x08001c99   Thumb Code    60  button.o(i.scan_button)
    sda_input_mode                           0x08001cdd   Thumb Code    28  i2c_std.o(i.sda_input_mode)
    sda_output_mode                          0x08001cfd   Thumb Code    32  i2c_std.o(i.sda_output_mode)
    send_byte_stream                         0x08001d21   Thumb Code    52  ssd1306.o(i.send_byte_stream)
    send_char_4bit_height                    0x08001d55   Thumb Code    34  ssd1306.o(i.send_char_4bit_height)
    set_cursor_pos                           0x08001d79   Thumb Code    34  ssd1306.o(i.set_cursor_pos)
    set_scl                                  0x08001da5   Thumb Code    36  i2c_std.o(i.set_scl)
    set_sda                                  0x08001dc9   Thumb Code    36  i2c_std.o(i.set_sda)
    softReset                                0x08001ded   Thumb Code    60  max30102.o(i.softReset)
    start_btn                                0x08001e29   Thumb Code    48  main.o(i.start_btn)
    timer_isr                                0x08001e61   Thumb Code    36  timer.o(i.timer_isr)
    utf8ToUnicode                            0x08001e91   Thumb Code    54  font.o(i.utf8ToUnicode)
    UserFont                                 0x08002ce5   Data          64  lcd.o(.constdata)
    Region$$Table$$Base                      0x08002d28   Number         0  anon$$obj.o(Region$$Table)
    Region$$Table$$Limit                     0x08002d48   Number         0  anon$$obj.o(Region$$Table)
    irArr                                    0x20000004   Data         400  main.o(.data)
    redArr                                   0x20000194   Data         400  main.o(.data)
    testFlag                                 0x20000324   Data           4  main.o(.data)
    SystemCoreClock                          0x20000340   Data           4  system_stm32f10x.o(.data)
    AHBPrescTable                            0x20000344   Data          16  system_stm32f10x.o(.data)
    flag_timer                               0x20000354   Data           1  timer.o(.data)
    timer_cnt                                0x20000358   Data           4  timer.o(.data)
    time_MUL                                 0x2000035c   Data           4  timer.o(.data)
    flag_gpio                                0x20000360   Data           1  int.o(.data)
    i2cPort1                                 0x20000364   Data          20  i2c_std.o(.data)
    i2cPort2                                 0x20000378   Data          20  i2c_std.o(.data)
    GPIO_InitStructure                       0x2000038c   Data           4  i2c_std.o(.data)
    specUnicode                              0x20000390   Data         134  font.o(.data)
    activeLeds                               0x20000425   Data           1  max30102.o(.data)
    numBitsADC                               0x20000426   Data           1  max30102.o(.data)
    key_code                                 0x20000428   Data           4  button.o(.data)
    ledIRBuff                                0x20000438   Data         128  max30102.o(.bss)
    ledRedBuff                               0x200004b8   Data         128  max30102.o(.bss)
    __libspace_start                         0x20000538   Data          96  libspace.o(.bss)
    __temporary_stack_top$libspace           0x20000598   Data           0  libspace.o(.bss)



==============================================================================

Memory Map of the image

  Image Entry point : 0x080000ed

  Load Region LR_IROM1 (Base: 0x08000000, Size: 0x00003174, Max: 0x00010000, ABSOLUTE, COMPRESSED[0x0000302c])

    Execution Region ER_IROM1 (Exec base: 0x08000000, Load base: 0x08000000, Size: 0x00002d48, Max: 0x00010000, ABSOLUTE)

    Exec Addr    Load Addr    Size         Type   Attr      Idx    E Section Name        Object

    0x08000000   0x08000000   0x000000ec   Data   RO         3410    RESET               startup_stm32f10x_md.o
    0x080000ec   0x080000ec   0x00000008   Code   RO         4410  * !!!main             c_w.l(__main.o)
    0x080000f4   0x080000f4   0x00000034   Code   RO         4580    !!!scatter          c_w.l(__scatter.o)
    0x08000128   0x08000128   0x00000064   Code   RO         4578    !!dclz77c           c_w.l(__dclz77c.o)
    0x0800018c   0x0800018c   0x0000001c   Code   RO         4582    !!handler_zi        c_w.l(__scatter_zi.o)
    0x080001a8   0x080001a8   0x00000000   Code   RO         4405    .ARM.Collect$$_printf_percent$$00000000  c_w.l(_printf_percent.o)
    0x080001a8   0x080001a8   0x00000006   Code   RO         4404    .ARM.Collect$$_printf_percent$$00000009  c_w.l(_printf_d.o)
    0x080001ae   0x080001ae   0x00000004   Code   RO         4419    .ARM.Collect$$_printf_percent$$00000017  c_w.l(_printf_percent_end.o)
    0x080001b2   0x080001b2   0x00000002   Code   RO         4446    .ARM.Collect$$libinit$$00000000  c_w.l(libinit.o)
    0x080001b4   0x080001b4   0x00000000   Code   RO         4453    .ARM.Collect$$libinit$$00000002  c_w.l(libinit2.o)
    0x080001b4   0x080001b4   0x00000000   Code   RO         4455    .ARM.Collect$$libinit$$00000004  c_w.l(libinit2.o)
    0x080001b4   0x080001b4   0x00000000   Code   RO         4458    .ARM.Collect$$libinit$$0000000A  c_w.l(libinit2.o)
    0x080001b4   0x080001b4   0x00000000   Code   RO         4460    .ARM.Collect$$libinit$$0000000C  c_w.l(libinit2.o)
    0x080001b4   0x080001b4   0x00000000   Code   RO         4462    .ARM.Collect$$libinit$$0000000E  c_w.l(libinit2.o)
    0x080001b4   0x080001b4   0x00000000   Code   RO         4465    .ARM.Collect$$libinit$$00000011  c_w.l(libinit2.o)
    0x080001b4   0x080001b4   0x00000000   Code   RO         4467    .ARM.Collect$$libinit$$00000013  c_w.l(libinit2.o)
    0x080001b4   0x080001b4   0x00000000   Code   RO         4469    .ARM.Collect$$libinit$$00000015  c_w.l(libinit2.o)
    0x080001b4   0x080001b4   0x00000000   Code   RO         4471    .ARM.Collect$$libinit$$00000017  c_w.l(libinit2.o)
    0x080001b4   0x080001b4   0x00000000   Code   RO         4473    .ARM.Collect$$libinit$$00000019  c_w.l(libinit2.o)
    0x080001b4   0x080001b4   0x00000000   Code   RO         4475    .ARM.Collect$$libinit$$0000001B  c_w.l(libinit2.o)
    0x080001b4   0x080001b4   0x00000000   Code   RO         4477    .ARM.Collect$$libinit$$0000001D  c_w.l(libinit2.o)
    0x080001b4   0x080001b4   0x00000000   Code   RO         4479    .ARM.Collect$$libinit$$0000001F  c_w.l(libinit2.o)
    0x080001b4   0x080001b4   0x00000000   Code   RO         4481    .ARM.Collect$$libinit$$00000021  c_w.l(libinit2.o)
    0x080001b4   0x080001b4   0x00000000   Code   RO         4483    .ARM.Collect$$libinit$$00000023  c_w.l(libinit2.o)
    0x080001b4   0x080001b4   0x00000000   Code   RO         4485    .ARM.Collect$$libinit$$00000025  c_w.l(libinit2.o)
    0x080001b4   0x080001b4   0x00000000   Code   RO         4489    .ARM.Collect$$libinit$$0000002C  c_w.l(libinit2.o)
    0x080001b4   0x080001b4   0x00000000   Code   RO         4491    .ARM.Collect$$libinit$$0000002E  c_w.l(libinit2.o)
    0x080001b4   0x080001b4   0x00000000   Code   RO         4493    .ARM.Collect$$libinit$$00000030  c_w.l(libinit2.o)
    0x080001b4   0x080001b4   0x00000000   Code   RO         4495    .ARM.Collect$$libinit$$00000032  c_w.l(libinit2.o)
    0x080001b4   0x080001b4   0x00000002   Code   RO         4496    .ARM.Collect$$libinit$$00000033  c_w.l(libinit2.o)
    0x080001b6   0x080001b6   0x00000002   Code   RO         4516    .ARM.Collect$$libshutdown$$00000000  c_w.l(libshutdown.o)
    0x080001b8   0x080001b8   0x00000000   Code   RO         4529    .ARM.Collect$$libshutdown$$00000002  c_w.l(libshutdown2.o)
    0x080001b8   0x080001b8   0x00000000   Code   RO         4531    .ARM.Collect$$libshutdown$$00000004  c_w.l(libshutdown2.o)
    0x080001b8   0x080001b8   0x00000000   Code   RO         4533    .ARM.Collect$$libshutdown$$00000006  c_w.l(libshutdown2.o)
    0x080001b8   0x080001b8   0x00000000   Code   RO         4536    .ARM.Collect$$libshutdown$$00000009  c_w.l(libshutdown2.o)
    0x080001b8   0x080001b8   0x00000000   Code   RO         4539    .ARM.Collect$$libshutdown$$0000000C  c_w.l(libshutdown2.o)
    0x080001b8   0x080001b8   0x00000000   Code   RO         4541    .ARM.Collect$$libshutdown$$0000000E  c_w.l(libshutdown2.o)
    0x080001b8   0x080001b8   0x00000000   Code   RO         4544    .ARM.Collect$$libshutdown$$00000011  c_w.l(libshutdown2.o)
    0x080001b8   0x080001b8   0x00000002   Code   RO         4545    .ARM.Collect$$libshutdown$$00000012  c_w.l(libshutdown2.o)
    0x080001ba   0x080001ba   0x00000000   Code   RO         4412    .ARM.Collect$$rtentry$$00000000  c_w.l(__rtentry.o)
    0x080001ba   0x080001ba   0x00000000   Code   RO         4421    .ARM.Collect$$rtentry$$00000002  c_w.l(__rtentry2.o)
    0x080001ba   0x080001ba   0x00000006   Code   RO         4433    .ARM.Collect$$rtentry$$00000004  c_w.l(__rtentry4.o)
    0x080001c0   0x080001c0   0x00000000   Code   RO         4423    .ARM.Collect$$rtentry$$00000009  c_w.l(__rtentry2.o)
    0x080001c0   0x080001c0   0x00000004   Code   RO         4424    .ARM.Collect$$rtentry$$0000000A  c_w.l(__rtentry2.o)
    0x080001c4   0x080001c4   0x00000000   Code   RO         4426    .ARM.Collect$$rtentry$$0000000C  c_w.l(__rtentry2.o)
    0x080001c4   0x080001c4   0x00000008   Code   RO         4427    .ARM.Collect$$rtentry$$0000000D  c_w.l(__rtentry2.o)
    0x080001cc   0x080001cc   0x00000002   Code   RO         4450    .ARM.Collect$$rtexit$$00000000  c_w.l(rtexit.o)
    0x080001ce   0x080001ce   0x00000000   Code   RO         4498    .ARM.Collect$$rtexit$$00000002  c_w.l(rtexit2.o)
    0x080001ce   0x080001ce   0x00000004   Code   RO         4499    .ARM.Collect$$rtexit$$00000003  c_w.l(rtexit2.o)
    0x080001d2   0x080001d2   0x00000006   Code   RO         4500    .ARM.Collect$$rtexit$$00000004  c_w.l(rtexit2.o)
    0x080001d8   0x080001d8   0x00000040   Code   RO         3411    .text               startup_stm32f10x_md.o
    0x08000218   0x08000218   0x00000028   Code   RO         4378    .text               c_w.l(noretval__2sprintf.o)
    0x08000240   0x08000240   0x00000078   Code   RO         4382    .text               c_w.l(_printf_dec.o)
    0x080002b8   0x080002b8   0x000000b8   Code   RO         4387    .text               c_w.l(__printf_ss.o)
    0x08000370   0x08000370   0x00000064   Code   RO         4406    .text               c_w.l(rt_memcpy_w.o)
    0x080003d4   0x080003d4   0x00000006   Code   RO         4408    .text               c_w.l(heapauxi.o)
    0x080003da   0x080003da   0x000000b2   Code   RO         4413    .text               c_w.l(_printf_intcommon.o)
    0x0800048c   0x0800048c   0x00000030   Code   RO         4415    .text               c_w.l(_printf_char_common.o)
    0x080004bc   0x080004bc   0x0000000a   Code   RO         4417    .text               c_w.l(_sputc.o)
    0x080004c6   0x080004c6   0x0000004a   Code   RO         4437    .text               c_w.l(sys_stackheap_outer.o)
    0x08000510   0x08000510   0x00000012   Code   RO         4439    .text               c_w.l(exit.o)
    0x08000522   0x08000522   0x00000002   PAD
    0x08000524   0x08000524   0x00000008   Code   RO         4447    .text               c_w.l(libspace.o)
    0x0800052c   0x0800052c   0x0000000c   Code   RO         4508    .text               c_w.l(sys_exit.o)
    0x08000538   0x08000538   0x00000002   Code   RO         4519    .text               c_w.l(use_no_semi.o)
    0x0800053a   0x0800053a   0x00000000   Code   RO         4521    .text               c_w.l(indicate_semi.o)
    0x0800053a   0x0800053a   0x00000002   PAD
    0x0800053c   0x0800053c   0x00000014   Code   RO         3585    i.DebugLedOff       led.o
    0x08000550   0x08000550   0x00000014   Code   RO         3586    i.DebugLedOn        led.o
    0x08000564   0x08000564   0x0000001a   Code   RO            1    i.EXTI9_5_IRQHandler  stm32f10x_it.o
    0x0800057e   0x0800057e   0x00000002   PAD
    0x08000580   0x08000580   0x0000000c   Code   RO          696    i.EXTI_ClearITPendingBit  stm32f10x_exti.o
    0x0800058c   0x0800058c   0x00000028   Code   RO          700    i.EXTI_GetITStatus  stm32f10x_exti.o
    0x080005b4   0x080005b4   0x00000116   Code   RO          542    i.GPIO_Init         stm32f10x_gpio.o
    0x080006ca   0x080006ca   0x00000002   PAD
    0x080006cc   0x080006cc   0x00000090   Code   RO          544    i.GPIO_PinRemapConfig  stm32f10x_gpio.o
    0x0800075c   0x0800075c   0x00000012   Code   RO          546    i.GPIO_ReadInputDataBit  stm32f10x_gpio.o
    0x0800076e   0x0800076e   0x00000004   Code   RO          549    i.GPIO_ResetBits    stm32f10x_gpio.o
    0x08000772   0x08000772   0x00000004   Code   RO          550    i.GPIO_SetBits      stm32f10x_gpio.o
    0x08000776   0x08000776   0x0000000a   Code   RO          553    i.GPIO_WriteBit     stm32f10x_gpio.o
    0x08000780   0x08000780   0x00000054   Code   RO         4008    i.LCD_ALL_DIR_OUT   lcd.o
    0x080007d4   0x080007d4   0x00000094   Code   RO         4010    i.LCD_DATA_DIR_OUT  lcd.o
    0x08000868   0x08000868   0x00000088   Code   RO         4012    i.LCD_DATA_OUT      lcd.o
    0x080008f0   0x080008f0   0x0000000e   Code   RO         4013    i.LCD_Delay         lcd.o
    0x080008fe   0x080008fe   0x0000000c   Code   RO         4019    i.LCD_PutChar       lcd.o
    0x0800090a   0x0800090a   0x00000002   PAD
    0x0800090c   0x0800090c   0x00000030   Code   RO         4021    i.LCD_Write4bit     lcd.o
    0x0800093c   0x0800093c   0x00000024   Code   RO         4022    i.LCD_WriteCMD      lcd.o
    0x08000960   0x08000960   0x00000024   Code   RO         4023    i.LCD_WriteData     lcd.o
    0x08000984   0x08000984   0x00000020   Code   RO          264    i.RCC_APB2PeriphClockCmd  stm32f10x_rcc.o
    0x080009a4   0x080009a4   0x000000d4   Code   RO          272    i.RCC_GetClocksFreq  stm32f10x_rcc.o
    0x08000a78   0x08000a78   0x00000008   Code   RO         3362    i.SetSysClock       system_stm32f10x.o
    0x08000a80   0x08000a80   0x000000e0   Code   RO         3363    i.SetSysClockTo72   system_stm32f10x.o
    0x08000b60   0x08000b60   0x0000001c   Code   RO         3549    i.SetTimer_ms       timer.o
    0x08000b7c   0x08000b7c   0x00000008   Code   RO            2    i.SysTick_Handler   stm32f10x_it.o
    0x08000b84   0x08000b84   0x00000060   Code   RO         3365    i.SystemInit        system_stm32f10x.o
    0x08000be4   0x08000be4   0x0000007c   Code   RO         3436    i.USART1_Init       uart.o
    0x08000c60   0x08000c60   0x00000018   Code   RO         1026    i.USART_Cmd         stm32f10x_usart.o
    0x08000c78   0x08000c78   0x000000d8   Code   RO         1033    i.USART_Init        stm32f10x_usart.o
    0x08000d50   0x08000d50   0x00000054   Code   RO         3931    i.bGetChar          font.o
    0x08000da4   0x08000da4   0x00000008   Code   RO         3932    i.bluetoothIcon     font.o
    0x08000dac   0x08000dac   0x0000001c   Code   RO          118    i.change_state      main.o
    0x08000dc8   0x08000dc8   0x0000002c   Code   RO         4204    i.combine_sample    max30102.o
    0x08000df4   0x08000df4   0x00000016   Code   RO         3933    i.copyArr           font.o
    0x08000e0a   0x08000e0a   0x0000005a   Code   RO         3848    i.decode_arr        ssd1306.o
    0x08000e64   0x08000e64   0x00000038   Code   RO         3415    i.delay_ms          delay.o
    0x08000e9c   0x08000e9c   0x00000034   Code   RO         3416    i.delay_us          delay.o
    0x08000ed0   0x08000ed0   0x00000020   Code   RO         3972    i.device_status     display_screen.o
    0x08000ef0   0x08000ef0   0x00000060   Code   RO         3973    i.ecg_mode_screen   display_screen.o
    0x08000f50   0x08000f50   0x00000010   Code   RO         4205    i.getIR             max30102.o
    0x08000f60   0x08000f60   0x00000010   Code   RO         4207    i.getRed            max30102.o
    0x08000f70   0x08000f70   0x00000004   Code   RO          119    i.get_bluetooth_status  main.o
    0x08000f74   0x08000f74   0x00000004   Code   RO          120    i.get_pin_level     main.o
    0x08000f78   0x08000f78   0x00000014   Code   RO         3662    i.get_sda           i2c_std.o
    0x08000f8c   0x08000f8c   0x0000000c   Code   RO         3634    i.gpio_isr          int.o
    0x08000f98   0x08000f98   0x0000001c   Code   RO         3667    i.i2c1_send_byte    i2c_std.o
    0x08000fb4   0x08000fb4   0x00000018   Code   RO         3668    i.i2c1_start        i2c_std.o
    0x08000fcc   0x08000fcc   0x00000018   Code   RO         3669    i.i2c1_stop         i2c_std.o
    0x08000fe4   0x08000fe4   0x00000018   Code   RO         3672    i.i2c2_recv_byte    i2c_std.o
    0x08000ffc   0x08000ffc   0x0000001c   Code   RO         3674    i.i2c2_send_byte    i2c_std.o
    0x08001018   0x08001018   0x00000018   Code   RO         3675    i.i2c2_start        i2c_std.o
    0x08001030   0x08001030   0x00000018   Code   RO         3676    i.i2c2_stop         i2c_std.o
    0x08001048   0x08001048   0x00000034   Code   RO         3677    i.i2c_init          i2c_std.o
    0x0800107c   0x0800107c   0x00000052   Code   RO         3679    i.i2c_recv_ack      i2c_std.o
    0x080010ce   0x080010ce   0x00000074   Code   RO         3680    i.i2c_recv_byte     i2c_std.o
    0x08001142   0x08001142   0x00000058   Code   RO         3681    i.i2c_send_ack      i2c_std.o
    0x0800119a   0x0800119a   0x00000082   Code   RO         3682    i.i2c_send_byte     i2c_std.o
    0x0800121c   0x0800121c   0x00000058   Code   RO         3683    i.i2c_start         i2c_std.o
    0x08001274   0x08001274   0x00000052   Code   RO         3684    i.i2c_stop          i2c_std.o
    0x080012c6   0x080012c6   0x00000002   PAD
    0x080012c8   0x080012c8   0x00000040   Code   RO         4350    i.init_button       button.o
    0x08001308   0x08001308   0x00000018   Code   RO         3685    i.init_i2c1         i2c_std.o
    0x08001320   0x08001320   0x00000018   Code   RO         3686    i.init_i2c2         i2c_std.o
    0x08001338   0x08001338   0x000000ec   Code   RO         4034    i.init_lcd          lcd.o
    0x08001424   0x08001424   0x0000009c   Code   RO         3589    i.init_led          led.o
    0x080014c0   0x080014c0   0x00000038   Code   RO         3849    i.init_oled         ssd1306.o
    0x080014f8   0x080014f8   0x00000032   Code   RO          121    i.init_system       main.o
    0x0800152a   0x0800152a   0x00000002   PAD
    0x0800152c   0x0800152c   0x00000068   Code   RO         3550    i.init_timer        timer.o
    0x08001594   0x08001594   0x0000002c   Code   RO         3974    i.intro_screen      display_screen.o
    0x080015c0   0x080015c0   0x00000026   Code   RO          122    i.isValidData       main.o
    0x080015e6   0x080015e6   0x00000002   PAD
    0x080015e8   0x080015e8   0x000002b0   Code   RO          123    i.main              main.o
    0x08001898   0x08001898   0x0000007c   Code   RO         4209    i.max30102Setup     max30102.o
    0x08001914   0x08001914   0x0000000e   Code   RO         4211    i.max30102WakeUp    max30102.o
    0x08001922   0x08001922   0x00000002   PAD
    0x08001924   0x08001924   0x00000038   Code   RO          124    i.mode_btn          main.o
    0x0800195c   0x0800195c   0x0000003e   Code   RO         3850    i.oledClearScreen   ssd1306.o
    0x0800199a   0x0800199a   0x00000050   Code   RO         3851    i.oledPrintChar     ssd1306.o
    0x080019ea   0x080019ea   0x0000007a   Code   RO         3852    i.oledPrintIcon     ssd1306.o
    0x08001a64   0x08001a64   0x00000028   Code   RO         3853    i.oledPrintNumber   ssd1306.o
    0x08001a8c   0x08001a8c   0x0000005e   Code   RO         3854    i.oledPrintString   ssd1306.o
    0x08001aea   0x08001aea   0x00000002   PAD
    0x08001aec   0x08001aec   0x00000024   Code   RO         3934    i.pinIcon           font.o
    0x08001b10   0x08001b10   0x000000cc   Code   RO         4212    i.readAllSampleAvailable  max30102.o
    0x08001bdc   0x08001bdc   0x00000022   Code   RO         4213    i.registerBitWrite  max30102.o
    0x08001bfe   0x08001bfe   0x0000003e   Code   RO         4214    i.registerRead      max30102.o
    0x08001c3c   0x08001c3c   0x00000036   Code   RO         4215    i.registerWrite     max30102.o
    0x08001c72   0x08001c72   0x00000026   Code   RO         4216    i.sampleAvailable   max30102.o
    0x08001c98   0x08001c98   0x00000044   Code   RO         4351    i.scan_button       button.o
    0x08001cdc   0x08001cdc   0x00000020   Code   RO         3687    i.sda_input_mode    i2c_std.o
    0x08001cfc   0x08001cfc   0x00000024   Code   RO         3688    i.sda_output_mode   i2c_std.o
    0x08001d20   0x08001d20   0x00000034   Code   RO         3856    i.send_byte_stream  ssd1306.o
    0x08001d54   0x08001d54   0x00000022   Code   RO         3857    i.send_char_4bit_height  ssd1306.o
    0x08001d76   0x08001d76   0x00000002   PAD
    0x08001d78   0x08001d78   0x0000002c   Code   RO         3858    i.set_cursor_pos    ssd1306.o
    0x08001da4   0x08001da4   0x00000024   Code   RO         3689    i.set_scl           i2c_std.o
    0x08001dc8   0x08001dc8   0x00000024   Code   RO         3690    i.set_sda           i2c_std.o
    0x08001dec   0x08001dec   0x0000003c   Code   RO         4217    i.softReset         max30102.o
    0x08001e28   0x08001e28   0x00000038   Code   RO          125    i.start_btn         main.o
    0x08001e60   0x08001e60   0x00000030   Code   RO         3551    i.timer_isr         timer.o
    0x08001e90   0x08001e90   0x00000036   Code   RO         3935    i.utf8ToUnicode     font.o
    0x08001ec6   0x08001ec6   0x00000e1f   Data   RO         3937    .constdata          font.o
    0x08002ce5   0x08002ce5   0x00000040   Data   RO         4037    .constdata          lcd.o
    0x08002d25   0x08002d25   0x00000003   PAD
    0x08002d28   0x08002d28   0x00000020   Data   RO         4576    Region$$Table       anon$$obj.o


    Execution Region RW_IRAM1 (Exec base: 0x20000000, Load base: 0x08002d48, Size: 0x00000b98, Max: 0x00005000, ABSOLUTE, COMPRESSED[0x000002e4])

    Exec Addr    Load Addr    Size         Type   Attr      Idx    E Section Name        Object

    0x20000000   COMPRESSED   0x0000032c   Data   RW          133    .data               main.o
    0x2000032c   COMPRESSED   0x00000014   Data   RW          292    .data               stm32f10x_rcc.o
    0x20000340   COMPRESSED   0x00000014   Data   RW         3366    .data               system_stm32f10x.o
    0x20000354   COMPRESSED   0x0000000c   Data   RW         3552    .data               timer.o
    0x20000360   COMPRESSED   0x00000001   Data   RW         3635    .data               int.o
    0x20000361   COMPRESSED   0x00000003   PAD
    0x20000364   COMPRESSED   0x0000002c   Data   RW         3691    .data               i2c_std.o
    0x20000390   COMPRESSED   0x00000095   Data   RW         3938    .data               font.o
    0x20000425   COMPRESSED   0x00000002   Data   RW         4219    .data               max30102.o
    0x20000427   COMPRESSED   0x00000001   PAD
    0x20000428   COMPRESSED   0x00000004   Data   RW         4352    .data               button.o
    0x2000042c        -       0x0000000a   Zero   RW         3936    .bss                font.o
    0x20000436   COMPRESSED   0x00000002   PAD
    0x20000438        -       0x00000100   Zero   RW         4218    .bss                max30102.o
    0x20000538        -       0x00000060   Zero   RW         4448    .bss                c_w.l(libspace.o)
    0x20000598        -       0x00000200   Zero   RW         3409    HEAP                startup_stm32f10x_md.o
    0x20000798        -       0x00000400   Zero   RW         3408    STACK               startup_stm32f10x_md.o


==============================================================================

Image component sizes


      Code (inc. data)   RO Data    RW Data    ZI Data      Debug   Object Name

       132         14          0          4          0       1523   button.o
         0          0          0          0          0         32   core_cm3.o
       108          0          0          0          0       1366   delay.o
       172         82          0          0          0       1609   display_screen.o
       204         24       3615        149         10       3617   font.o
      1022         66          0         44          0      12101   i2c_std.o
        12          4          0          1          0        667   int.o
       750         48         64          0          0       5850   lcd.o
       196         20          0          0          0       1438   led.o
       924        204          0        812          0       6660   main.o
       666         46          0          2        256       7421   max30102.o
       674         42          0          0          0       7387   ssd1306.o
        64         26        236          0       1536        944   startup_stm32f10x_md.o
        52         12          0          0          0       1280   stm32f10x_exti.o
       458          6          0          0          0      23046   stm32f10x_gpio.o
        34          0          0          0          0     221955   stm32f10x_it.o
       244         26          0         20          0     215013   stm32f10x_rcc.o
       240          6          0          0          0       9333   stm32f10x_usart.o
       328         28          0         20          0       2269   system_stm32f10x.o
       180         36          0         12          0      17170   timer.o
       124          8          0          0          0        654   uart.o

    ----------------------------------------------------------------------
      6602        698       3950       1068       1804     541335   Object Totals
         0          0         32          0          0          0   (incl. Generated)
        18          0          3          4          2          0   (incl. Padding)

    ----------------------------------------------------------------------

      Code (inc. data)   RO Data    RW Data    ZI Data      Debug   Library Member Name

       100          0          0          0          0          0   __dclz77c.o
         8          0          0          0          0         68   __main.o
       184          0          0          0          0         84   __printf_ss.o
         0          0          0          0          0          0   __rtentry.o
        12          0          0          0          0          0   __rtentry2.o
         6          0          0          0          0          0   __rtentry4.o
        52          8          0          0          0          0   __scatter.o
        28          0          0          0          0          0   __scatter_zi.o
        48          6          0          0          0         96   _printf_char_common.o
         6          0          0          0          0          0   _printf_d.o
       120         16          0          0          0         92   _printf_dec.o
       178          0          0          0          0         88   _printf_intcommon.o
         0          0          0          0          0          0   _printf_percent.o
         4          0          0          0          0          0   _printf_percent_end.o
        10          0          0          0          0         68   _sputc.o
        18          0          0          0          0         80   exit.o
         6          0          0          0          0        152   heapauxi.o
         0          0          0          0          0          0   indicate_semi.o
         2          0          0          0          0          0   libinit.o
         2          0          0          0          0          0   libinit2.o
         2          0          0          0          0          0   libshutdown.o
         2          0          0          0          0          0   libshutdown2.o
         8          4          0          0         96         68   libspace.o
        40          6          0          0          0         84   noretval__2sprintf.o
       100          0          0          0          0         80   rt_memcpy_w.o
         2          0          0          0          0          0   rtexit.o
        10          0          0          0          0          0   rtexit2.o
        12          4          0          0          0         68   sys_exit.o
        74          0          0          0          0         80   sys_stackheap_outer.o
         2          0          0          0          0         68   use_no_semi.o

    ----------------------------------------------------------------------
      1040         44          0          0         96       1176   Library Totals
         4          0          0          0          0          0   (incl. Padding)

    ----------------------------------------------------------------------

      Code (inc. data)   RO Data    RW Data    ZI Data      Debug   Library Name

      1036         44          0          0         96       1176   c_w.l

    ----------------------------------------------------------------------
      1040         44          0          0         96       1176   Library Totals

    ----------------------------------------------------------------------

==============================================================================


      Code (inc. data)   RO Data    RW Data    ZI Data      Debug   

      7642        742       3950       1068       1900     537203   Grand Totals
      7642        742       3950        740       1900     537203   ELF Image Totals (compressed)
      7642        742       3950        740          0          0   ROM Totals

==============================================================================

    Total RO  Size (Code + RO Data)                11592 (  11.32kB)
    Total RW  Size (RW Data + ZI Data)              2968 (   2.90kB)
    Total ROM Size (Code + RO Data + RW Data)      12332 (  12.04kB)

==============================================================================

