<html>
<body>
<pre>
<h1>µVision Build Log</h1>
<h2>Tool Versions:</h2>
IDE-Version: µVision V5.36.0.0
Copyright (C) 2021 ARM Ltd and ARM Germany GmbH. All rights reserved.
License Information: tai tai.nguyen215519071@hcmut.edu.vn, t, LIC=UJWP0-B2CJD-Y86FK-Z4MZM-22WW9-NCLGN
 
Tool Versions:
Toolchain:       MDK-ARM Plus  Version: 5.36.0.0
Toolchain Path:  D:\App\keilc\ARM\ARMCC\Bin
C Compiler:      Armcc.exe V5.06 update 7 (build 960)
Assembler:       Armasm.exe V5.06 update 7 (build 960)
Linker/Locator:  ArmLink.exe V5.06 update 7 (build 960)
Library Manager: ArmAr.exe V5.06 update 7 (build 960)
Hex Converter:   FromElf.exe V5.06 update 7 (build 960)
CPU DLL:         SARMCM3.DLL V5.36.0.0
Dialog DLL:      DCM.DLL V1.17.3.0
Target DLL:      STLink\ST-LINKIII-KEIL_SWO.dll V3.0.9.0
Dialog DLL:      TCM.DLL V1.53.0.0
 
<h2>Project:</h2>
D:\lvtn\STM32F10x_StdPeriph_Lib_V3.5.0\Project\STM32F10x_StdPeriph_Template\MDK-ARM\Project.uvprojx
Project File Date:  03/28/2022

<h2>Output:</h2>
*** Using Compiler 'V5.06 update 7 (build 960)', folder: 'D:\App\keilc\ARM\ARMCC\Bin'
Build target 'STM3210B-EVAL'
compiling main.c...
.\Source\font.h(374): warning:  #1295-D: Deprecated declaration bluetoothIcon - give arg types
  u8* bluetoothIcon();
.\Source\ssd1306.h(10): warning:  #47-D: incompatible redefinition of macro "ADDR_DEVICE"  (declared at line 10 of ".\Source\max30102.h")
  #define	ADDR_DEVICE							0x3c
.\Source\ssd1306.h(43): warning:  #1295-D: Deprecated declaration init_oled - give arg types
  void init_oled();
.\Source\ssd1306.h(44): warning:  #1295-D: Deprecated declaration oledClearScreen - give arg types
  void oledClearScreen();
.\Source\ssd1306.h(49): warning:  #1295-D: Deprecated declaration oledTest - give arg types
  void oledTest();
.\Source\display_screen.h(15): warning:  #1295-D: Deprecated declaration intro_screen - give arg types
  void intro_screen();
..\main.c(142): warning:  #177-D: variable "cnt1"  was declared but never referenced
  	uint16_t cnt = 0, cnt1=0;
..\main.c(147): warning:  #177-D: variable "pn_spo2"  was declared but never referenced
  	int32_t pn_spo2, pn_heart_rate;
..\main.c(147): warning:  #177-D: variable "pn_heart_rate"  was declared but never referenced
  	int32_t pn_spo2, pn_heart_rate;
..\main.c(148): warning:  #177-D: variable "pch_spo2_valid"  was declared but never referenced
  	int8_t pch_spo2_valid, pch_hr_valid;
..\main.c(148): warning:  #177-D: variable "pch_hr_valid"  was declared but never referenced
  	int8_t pch_spo2_valid, pch_hr_valid;
..\main.c(150): warning:  #177-D: variable "k"  was declared but never referenced
  	u8 i,j,k;
..\main.c(154): warning:  #177-D: variable "cnt_time_dt"  was declared but never referenced
  	u8 cnt_time_dt=NUM_DETECT+1;
..\main.c: 13 warnings, 0 errors
linking...
Program Size: Code=7642 RO-data=3950 RW-data=1068 ZI-data=1900  
FromELF: creating hex file...
".\STM3210B-EVAL\STM3210B-EVAL.axf" - 0 Error(s), 13 Warning(s).

<h2>Software Packages used:</h2>

Package Vendor: ARM
                http://www.keil.com/pack/ARM.CMSIS.5.8.0.pack
                ARM.CMSIS.5.8.0
                CMSIS (Common Microcontroller Software Interface Standard)
   * Component: CORE Version: 5.5.0

Package Vendor: Keil
                http://www.keil.com/pack/Keil.STM32F1xx_DFP.2.3.0.pack
                Keil.STM32F1xx_DFP.2.3.0
                STMicroelectronics STM32F1 Series Device Support, Drivers and Examples

<h2>Collection of Component include folders:</h2>
  .\RTE\_STM3210B-EVAL
  D:\App\packKeilC\ARM\CMSIS\5.8.0\CMSIS\Core\Include
  D:\App\packKeilC\Keil\STM32F1xx_DFP\2.3.0\Device\Include

<h2>Collection of Component Files used:</h2>

   * Component: ARM::CMSIS:CORE:5.5.0
Build Time Elapsed:  00:00:01
</pre>
</body>
</html>
